******************************************************************************
                  TI ARM Linker PC v5.2.2                      
******************************************************************************
>> Linked Fri Sep 01 16:49:36 2017

OUTPUT FILE NAME:   <Experiment7_I2C.out>
ENTRY POINT SYMBOL: "_c_int00"  address: 00000f45


MEMORY CONFIGURATION

         name            origin    length      used     unused   attr    fill
----------------------  --------  ---------  --------  --------  ----  --------
  FLASH                 00000000   00040000  000013ae  0003ec52  R  X
  SRAM                  20000000   00008000  00000218  00007de8  RW X


SEGMENT ALLOCATION MAP

run origin  load origin   length   init length attrs members
----------  ----------- ---------- ----------- ----- -------
00000000    00000000    000013b0   000013b0    r-x
  00000000    00000000    0000026c   0000026c    r-- .intvecs
  0000026c    0000026c    0000100e   0000100e    r-x .text
  0000127c    0000127c    000000fc   000000fc    r-- .const
  00001378    00001378    00000038   00000038    r-- .cinit
20000000    20000000    00000218   00000000    rw-
  20000000    20000000    00000200   00000000    rw- .stack
  20000200    20000200    00000014   00000000    rw- .data
  20000214    20000214    00000004   00000000    rw- .bss


SECTION ALLOCATION MAP

 output                                  attributes/
section   page    origin      length       input sections
--------  ----  ----------  ----------   ----------------
.intvecs   0    00000000    0000026c     
                  00000000    0000026c     tm4c123gh6pm_startup_ccs.obj (.intvecs)

.text      0    0000026c    0000100e     
                  0000026c    000004a4     main.obj (.text)
                  00000710    000001c0     MIL_LCD_lib.obj (.text)
                  000008d0    00000132     driverlib.lib : gpio.obj (.text:GPIOPadConfigSet)
                  00000a02    00000002     --HOLE-- [fill = 0]
                  00000a04    00000110                   : sysctl.obj (.text:SysCtlClockGet)
                  00000b14    000000fc     rtsv7M4_T_le_v4SPD16_eabi.lib : fd_mul_t2.obj (.text)
                  00000c10    000000f4     driverlib.lib : sysctl.obj (.text:SysCtlClockSet)
                  00000d04    0000009c     rtsv7M4_T_le_v4SPD16_eabi.lib : memcpy_t2.obj (.text)
                  00000da0    0000007a                                   : memset_t2.obj (.text)
                  00000e1a    00000002     --HOLE-- [fill = 0]
                  00000e1c    0000006c                                   : autoinit.obj (.text)
                  00000e88    0000006a                                   : copy_decompress_rle.obj (.text)
                  00000ef2    00000002     --HOLE-- [fill = 0]
                  00000ef4    00000050     driverlib.lib : sysctl.obj (.text:SysCtlPeripheralReset)
                  00000f44    00000050     rtsv7M4_T_le_v4SPD16_eabi.lib : boot.obj (.text)
                  00000f94    0000004c     driverlib.lib : i2c.obj (.text:I2CMasterInitExpClk)
                  00000fe0    0000004c     rtsv7M4_T_le_v4SPD16_eabi.lib : cpy_tbl.obj (.text)
                  0000102c    00000048     driverlib.lib : gpio.obj (.text:GPIOPinConfigure)
                  00001074    00000044     rtsv7M4_T_le_v4SPD16_eabi.lib : exit.obj (.text)
                  000010b8    00000044                                   : fd_tou_t2.obj (.text)
                  000010fc    00000034     driverlib.lib : sysctl.obj (.text:SysCtlPeripheralEnable)
                  00001130    0000002a                   : gpio.obj (.text:GPIODirModeSet)
                  0000115a    00000020     rtsv7M4_T_le_v4SPD16_eabi.lib : u_tofd_t2.obj (.text)
                  0000117a    00000018     driverlib.lib : gpio.obj (.text:GPIOPinTypeGPIOOutput)
                  00001192    00000018                   : i2c.obj (.text:I2CTxFIFOConfigSet)
                  000011aa    00000002     --HOLE-- [fill = 0]
                  000011ac    00000018     rtsv7M4_T_le_v4SPD16_eabi.lib : args_main.obj (.text)
                  000011c4    00000014                                   : _lock.obj (.text)
                  000011d8    00000012     driverlib.lib : gpio.obj (.text:GPIOPinTypeI2C)
                  000011ea    00000012                   : gpio.obj (.text:GPIOPinTypeI2CSCL)
                  000011fc    0000000e                   : i2c.obj (.text:I2CRxFIFOFlush)
                  0000120a    0000000e                   : i2c.obj (.text:I2CTxFIFOFlush)
                  00001218    0000000e     rtsv7M4_T_le_v4SPD16_eabi.lib : copy_decompress_none.obj (.text:decompress:none)
                  00001226    0000000c                                   : copy_zero_init.obj (.text:decompress:ZI)
                  00001232    0000000c     tm4c123gh6pm_startup_ccs.obj (.text)
                  0000123e    0000000a     driverlib.lib : i2c.obj (.text:I2CMasterEnable)
                  00001248    00000008                   : i2c.obj (.text:I2CMasterBusy)
                  00001250    00000008                   : i2c.obj (.text:I2CMasterSlaveAddrSet)
                  00001258    00000006                   : gpio.obj (.text:GPIOPinWrite)
                  0000125e    00000006                   : sysctl.obj (.text:SysCtlDelay)
                  00001264    00000006     rtsv7M4_T_le_v4SPD16_eabi.lib : copy_decompress_rle.obj (.text:decompress:rle24)
                  0000126a    00000004     driverlib.lib : i2c.obj (.text:I2CMasterControl)
                  0000126e    00000004                   : i2c.obj (.text:I2CMasterDataGet)
                  00001272    00000004                   : i2c.obj (.text:I2CMasterDataPut)
                  00001276    00000004     rtsv7M4_T_le_v4SPD16_eabi.lib : pre_init.obj (.text)

.const     0    0000127c    000000fc     
                  0000127c    00000090     driverlib.lib : gpio.obj (.const:g_pui32GPIOBaseAddrs)
                  0000130c    0000006c                   : sysctl.obj (.const:g_pui32Xtals)

.cinit     0    00001378    00000038     
                  00001378    0000000f     (.cinit..data.load) [load image, compression = rle]
                  00001387    00000001     --HOLE-- [fill = 0]
                  00001388    0000000c     (__TI_handler_table)
                  00001394    00000004     --HOLE-- [fill = 0]
                  00001398    00000008     (.cinit..bss.load) [load image, compression = zero_init]
                  000013a0    00000010     (__TI_cinit_table)

.init_array 
*          0    00000000    00000000     UNINITIALIZED

.stack     0    20000000    00000200     UNINITIALIZED
                  20000000    00000200     --HOLE--

.data      0    20000200    00000014     UNINITIALIZED
                  20000200    00000008     rtsv7M4_T_le_v4SPD16_eabi.lib : _lock.obj (.data)
                  20000208    00000008                                   : exit.obj (.data)
                  20000210    00000004                                   : stkdepth_vars.obj (.data)

.bss       0    20000214    00000004     UNINITIALIZED
                  20000214    00000004     (.common:g_ui32SysClock)

.TI.persistent 
*          0    20000200    00000000     UNINITIALIZED

.TI.noinit 
*          0    20000214    00000000     UNINITIALIZED


LINKER GENERATED COPY TABLES

__TI_cinit_table @ 000013a0 records: 2, size/record: 8, table size: 16
	.data: load addr=00001378, load size=0000000f bytes, run addr=20000200, run size=00000014 bytes, compression=rle
	.bss: load addr=00001398, load size=00000008 bytes, run addr=20000214, run size=00000004 bytes, compression=zero_init


LINKER GENERATED HANDLER TABLE

__TI_handler_table @ 00001388 records: 3, size/record: 4, table size: 12
	index: 0, handler: __TI_decompress_rle24
	index: 1, handler: __TI_decompress_none
	index: 2, handler: __TI_zero_init


GLOBAL SYMBOLS: SORTED ALPHABETICALLY BY Name 

address   name                    
-------   ----                    
00001075  C$$EXIT                 
00001131  GPIODirModeSet          
000008d1  GPIOPadConfigSet        
0000102d  GPIOPinConfigure        
0000117b  GPIOPinTypeGPIOOutput   
000011d9  GPIOPinTypeI2C          
000011eb  GPIOPinTypeI2CSCL       
00001259  GPIOPinWrite            
000004c1  GetClock                
00001249  I2CMasterBusy           
0000126b  I2CMasterControl        
0000126f  I2CMasterDataGet        
00001273  I2CMasterDataPut        
0000123f  I2CMasterEnable         
00000f95  I2CMasterInitExpClk     
00001251  I2CMasterSlaveAddrSet   
0000041d  I2CReceive              
000011fd  I2CRxFIFOFlush          
00000339  I2CSend                 
00001193  I2CTxFIFOConfigSet      
0000120b  I2CTxFIFOFlush          
0000026d  InitializeI2C           
00001233  ResetISR                
UNDEFED   SHT$$INIT_ARRAY$$Base   
UNDEFED   SHT$$INIT_ARRAY$$Limit  
000002bf  SetTimeDate             
00000a05  SysCtlClockGet          
00000c11  SysCtlClockSet          
0000125f  SysCtlDelay             
000010fd  SysCtlPeripheralEnable  
00000ef5  SysCtlPeripheralReset   
20000200  __STACK_END             
00000200  __STACK_SIZE            
20000200  __STACK_TOP             
000013a0  __TI_CINIT_Base         
000013b0  __TI_CINIT_Limit        
00001388  __TI_Handler_Table_Base 
00001394  __TI_Handler_Table_Limit
00000e1d  __TI_auto_init          
20000208  __TI_cleanup_ptr        
00001219  __TI_decompress_none    
00001265  __TI_decompress_rle24   
2000020c  __TI_dtors_ptr          
00000000  __TI_static_base__      
00001227  __TI_zero_init          
000010b9  __aeabi_d2uiz           
00000b15  __aeabi_dmul            
00000da1  __aeabi_memclr          
00000da1  __aeabi_memclr4         
00000da1  __aeabi_memclr8         
00000d05  __aeabi_memcpy          
00000d05  __aeabi_memcpy4         
00000d05  __aeabi_memcpy8         
00000da3  __aeabi_memset          
00000da3  __aeabi_memset4         
00000da3  __aeabi_memset8         
0000115b  __aeabi_ui2d            
ffffffff  __binit__               
ffffffff  __c_args__              
20000000  __stack                 
000011ad  _args_main              
00000f45  _c_int00                
20000200  _lock                   
000011d3  _nop                    
000011cb  _register_lock          
000011c5  _register_unlock        
00001277  _system_pre_init        
20000204  _unlock                 
00001079  abort                   
00000499  bcd2dec                 
ffffffff  binit                   
0000073f  clearLCD                
00000fe1  copy_in                 
00000473  dec2bcd                 
00001081  exit                    
00000000  g_pfnVectors            
20000214  g_ui32SysClock          
00000711  initializeLCD           
000004f9  main                    
20000210  main_func_sp            
00000d05  memcpy                  
00000da9  memset                  
0000084d  moveCursor              
00000809  sendSignal              
0000074b  setCursorPosition       
0000077b  writeChar               
000007a1  writeCommand            
000007cd  writeMessage            


GLOBAL SYMBOLS: SORTED BY Symbol Address 

address   name                    
-------   ----                    
00000000  __TI_static_base__      
00000000  g_pfnVectors            
00000200  __STACK_SIZE            
0000026d  InitializeI2C           
000002bf  SetTimeDate             
00000339  I2CSend                 
0000041d  I2CReceive              
00000473  dec2bcd                 
00000499  bcd2dec                 
000004c1  GetClock                
000004f9  main                    
00000711  initializeLCD           
0000073f  clearLCD                
0000074b  setCursorPosition       
0000077b  writeChar               
000007a1  writeCommand            
000007cd  writeMessage            
00000809  sendSignal              
0000084d  moveCursor              
000008d1  GPIOPadConfigSet        
00000a05  SysCtlClockGet          
00000b15  __aeabi_dmul            
00000c11  SysCtlClockSet          
00000d05  __aeabi_memcpy          
00000d05  __aeabi_memcpy4         
00000d05  __aeabi_memcpy8         
00000d05  memcpy                  
00000da1  __aeabi_memclr          
00000da1  __aeabi_memclr4         
00000da1  __aeabi_memclr8         
00000da3  __aeabi_memset          
00000da3  __aeabi_memset4         
00000da3  __aeabi_memset8         
00000da9  memset                  
00000e1d  __TI_auto_init          
00000ef5  SysCtlPeripheralReset   
00000f45  _c_int00                
00000f95  I2CMasterInitExpClk     
00000fe1  copy_in                 
0000102d  GPIOPinConfigure        
00001075  C$$EXIT                 
00001079  abort                   
00001081  exit                    
000010b9  __aeabi_d2uiz           
000010fd  SysCtlPeripheralEnable  
00001131  GPIODirModeSet          
0000115b  __aeabi_ui2d            
0000117b  GPIOPinTypeGPIOOutput   
00001193  I2CTxFIFOConfigSet      
000011ad  _args_main              
000011c5  _register_unlock        
000011cb  _register_lock          
000011d3  _nop                    
000011d9  GPIOPinTypeI2C          
000011eb  GPIOPinTypeI2CSCL       
000011fd  I2CRxFIFOFlush          
0000120b  I2CTxFIFOFlush          
00001219  __TI_decompress_none    
00001227  __TI_zero_init          
00001233  ResetISR                
0000123f  I2CMasterEnable         
00001249  I2CMasterBusy           
00001251  I2CMasterSlaveAddrSet   
00001259  GPIOPinWrite            
0000125f  SysCtlDelay             
00001265  __TI_decompress_rle24   
0000126b  I2CMasterControl        
0000126f  I2CMasterDataGet        
00001273  I2CMasterDataPut        
00001277  _system_pre_init        
00001388  __TI_Handler_Table_Base 
00001394  __TI_Handler_Table_Limit
000013a0  __TI_CINIT_Base         
000013b0  __TI_CINIT_Limit        
20000000  __stack                 
20000200  __STACK_END             
20000200  __STACK_TOP             
20000200  _lock                   
20000204  _unlock                 
20000208  __TI_cleanup_ptr        
2000020c  __TI_dtors_ptr          
20000210  main_func_sp            
20000214  g_ui32SysClock          
ffffffff  __binit__               
ffffffff  __c_args__              
ffffffff  binit                   
UNDEFED   SHT$$INIT_ARRAY$$Base   
UNDEFED   SHT$$INIT_ARRAY$$Limit  

[88 symbols]
