******************************************************************************
                  TI ARM Linker PC v5.2.2                      
******************************************************************************
>> Linked Wed Mar 15 00:30:47 2017

OUTPUT FILE NAME:   <Experiment4_7Seg.out>
ENTRY POINT SYMBOL: "_c_int00"  address: 00000b01


MEMORY CONFIGURATION

         name            origin    length      used     unused   attr    fill
----------------------  --------  ---------  --------  --------  ----  --------
  FLASH                 00000000   00040000  00000ea0  0003f160  R  X
  SRAM                  20000000   00008000  0000014c  00007eb4  RW X


SEGMENT ALLOCATION MAP

run origin  load origin   length   init length attrs members
----------  ----------- ---------- ----------- ----- -------
00000000    00000000    00000ea0   00000ea0    r-x
  00000000    00000000    0000026c   0000026c    r-- .intvecs
  0000026c    0000026c    00000b20   00000b20    r-x .text
  00000d8c    00000d8c    000000ec   000000ec    r-- .const
  00000e78    00000e78    00000028   00000028    r-- .cinit
20000000    20000000    0000014c   00000000    rw-
  20000000    20000000    0000012c   00000000    rw- .stack
  2000012c    2000012c    00000020   00000000    rw- .data


SECTION ALLOCATION MAP

 output                                  attributes/
section   page    origin      length       input sections
--------  ----  ----------  ----------   ----------------
.intvecs   0    00000000    0000026c     
                  00000000    0000026c     tm4c123gh6pm_startup_ccs.obj (.intvecs)

.text      0    0000026c    00000b20     
                  0000026c    00000150     main.obj (.text)
                  000003bc    00000132     driverlib.lib : gpio.obj (.text:GPIOPadConfigSet)
                  000004ee    00000002     --HOLE-- [fill = 0]
                  000004f0    00000110                   : sysctl.obj (.text:SysCtlClockGet)
                  00000600    000000fc     rtsv7M4_T_le_v4SPD16_eabi.lib : fd_mul_t2.obj (.text)
                  000006fc    000000f4     driverlib.lib : sysctl.obj (.text:SysCtlClockSet)
                  000007f0    0000009c     rtsv7M4_T_le_v4SPD16_eabi.lib : memcpy_t2.obj (.text)
                  0000088c    0000007a                                   : memset_t2.obj (.text)
                  00000906    00000002     --HOLE-- [fill = 0]
                  00000908    0000006c                                   : autoinit.obj (.text)
                  00000974    0000006a                                   : copy_decompress_rle.obj (.text)
                  000009de    00000002     --HOLE-- [fill = 0]
                  000009e0    00000068     driverlib.lib : interrupt.obj (.text:IntEnable)
                  00000a48    00000060                   : timer.obj (.text:TimerConfigure)
                  00000aa8    00000058     tivaUtils.obj (.text)
                  00000b00    00000050     rtsv7M4_T_le_v4SPD16_eabi.lib : boot.obj (.text)
                  00000b50    0000004c                                   : cpy_tbl.obj (.text)
                  00000b9c    00000044                                   : exit.obj (.text)
                  00000be0    00000044                                   : fd_tou_t2.obj (.text)
                  00000c24    00000034     driverlib.lib : sysctl.obj (.text:SysCtlPeripheralEnable)
                  00000c58    0000002e     rtsv7M4_T_le_v4SPD16_eabi.lib : i_tofd_t2.obj (.text)
                  00000c86    0000002a     driverlib.lib : gpio.obj (.text:GPIODirModeSet)
                  00000cb0    00000020     rtsv7M4_T_le_v4SPD16_eabi.lib : u_tofd_t2.obj (.text)
                  00000cd0    00000018     driverlib.lib : gpio.obj (.text:GPIOPinTypeGPIOOutput)
                  00000ce8    00000018     rtsv7M4_T_le_v4SPD16_eabi.lib : args_main.obj (.text)
                  00000d00    00000014                                   : _lock.obj (.text)
                  00000d14    00000012     driverlib.lib : timer.obj (.text:TimerLoadSet)
                  00000d26    00000010                   : interrupt.obj (.text:IntMasterEnable)
                  00000d36    0000000e                   : timer.obj (.text:TimerEnable)
                  00000d44    0000000e     rtsv7M4_T_le_v4SPD16_eabi.lib : copy_decompress_none.obj (.text:decompress:none)
                  00000d52    0000000c     driverlib.lib : cpu.obj (.text:CPUcpsie)
                  00000d5e    0000000c     tm4c123gh6pm_startup_ccs.obj (.text)
                  00000d6a    00000008     driverlib.lib : timer.obj (.text:TimerIntEnable)
                  00000d72    00000006                   : gpio.obj (.text:GPIOPinWrite)
                  00000d78    00000006                   : sysctl.obj (.text:SysCtlDelay)
                  00000d7e    00000006     rtsv7M4_T_le_v4SPD16_eabi.lib : copy_decompress_rle.obj (.text:decompress:rle24)
                  00000d84    00000004     driverlib.lib : timer.obj (.text:TimerIntClear)
                  00000d88    00000004     rtsv7M4_T_le_v4SPD16_eabi.lib : pre_init.obj (.text)

.const     0    00000d8c    000000ec     
                  00000d8c    00000070     driverlib.lib : interrupt.obj (.const)
                  00000dfc    0000006c                   : sysctl.obj (.const:g_pui32Xtals)
                  00000e68    00000010     main.obj (.const:.string)

.cinit     0    00000e78    00000028     
                  00000e78    00000016     (.cinit..data.load) [load image, compression = rle]
                  00000e8e    00000002     --HOLE-- [fill = 0]
                  00000e90    00000008     (__TI_handler_table)
                  00000e98    00000008     (__TI_cinit_table)

.init_array 
*          0    00000000    00000000     UNINITIALIZED

.stack     0    20000000    0000012c     UNINITIALIZED
                  20000000    0000012c     --HOLE--

.data      0    2000012c    00000020     UNINITIALIZED
                  2000012c    0000000a     main.obj (.data)
                  20000136    00000002     --HOLE--
                  20000138    00000008     rtsv7M4_T_le_v4SPD16_eabi.lib : _lock.obj (.data)
                  20000140    00000008                                   : exit.obj (.data)
                  20000148    00000004                                   : stkdepth_vars.obj (.data)

.TI.persistent 
*          0    2000012c    00000000     UNINITIALIZED


LINKER GENERATED COPY TABLES

__TI_cinit_table @ 00000e98 records: 1, size/record: 8, table size: 8
	.data: load addr=00000e78, load size=00000016 bytes, run addr=2000012c, run size=00000020 bytes, compression=rle


LINKER GENERATED HANDLER TABLE

__TI_handler_table @ 00000e90 records: 2, size/record: 4, table size: 8
	index: 0, handler: __TI_decompress_rle24
	index: 1, handler: __TI_decompress_none


GLOBAL SYMBOLS: SORTED ALPHABETICALLY BY Name 

address   name                    
-------   ----                    
00000b9d  C$$EXIT                 
00000d53  CPUcpsie                
00000c87  GPIODirModeSet          
000003bd  GPIOPadConfigSet        
00000cd1  GPIOPinTypeGPIOOutput   
00000d73  GPIOPinWrite            
000009e1  IntEnable               
00000d27  IntMasterEnable         
00000d5f  ResetISR                
UNDEFED   SHT$$INIT_ARRAY$$Base   
UNDEFED   SHT$$INIT_ARRAY$$Limit  
000004f1  SysCtlClockGet          
000006fd  SysCtlClockSet          
00000d79  SysCtlDelay             
00000c25  SysCtlPeripheralEnable  
00000353  Timer0_handler          
00000a49  TimerConfigure          
00000d37  TimerEnable             
00000d85  TimerIntClear           
00000d6b  TimerIntEnable          
00000d15  TimerLoadSet            
2000012c  __STACK_END             
0000012c  __STACK_SIZE            
20000200  __STACK_TOP             
00000e98  __TI_CINIT_Base         
00000ea0  __TI_CINIT_Limit        
00000e90  __TI_Handler_Table_Base 
00000e98  __TI_Handler_Table_Limit
00000909  __TI_auto_init          
20000140  __TI_cleanup_ptr        
00000d45  __TI_decompress_none    
00000d7f  __TI_decompress_rle24   
20000144  __TI_dtors_ptr          
00000000  __TI_static_base__      
00000be1  __aeabi_d2uiz           
00000601  __aeabi_dmul            
00000c59  __aeabi_i2d             
0000088d  __aeabi_memclr          
0000088d  __aeabi_memclr4         
0000088d  __aeabi_memclr8         
000007f1  __aeabi_memcpy          
000007f1  __aeabi_memcpy4         
000007f1  __aeabi_memcpy8         
0000088f  __aeabi_memset          
0000088f  __aeabi_memset4         
0000088f  __aeabi_memset8         
00000cb1  __aeabi_ui2d            
ffffffff  __binit__               
ffffffff  __c_args__              
20000000  __stack                 
00000ce9  _args_main              
00000b01  _c_int00                
20000138  _lock                   
00000d0f  _nop                    
00000d07  _register_lock          
00000d01  _register_unlock        
00000d89  _system_pre_init        
2000013c  _unlock                 
00000ba1  abort                   
ffffffff  binit                   
00000aa9  computeDelayCount       
00000b51  copy_in                 
2000012c  digitCounter            
00000ba9  exit                    
00000000  g_pfnVectors            
20000135  lsbCounter              
0000026d  main                    
20000148  main_func_sp            
000007f1  memcpy                  
00000895  memset                  
20000134  msbCounter              
20000130  timerPeriod             


GLOBAL SYMBOLS: SORTED BY Symbol Address 

address   name                    
-------   ----                    
00000000  __TI_static_base__      
00000000  g_pfnVectors            
0000012c  __STACK_SIZE            
0000026d  main                    
00000353  Timer0_handler          
000003bd  GPIOPadConfigSet        
000004f1  SysCtlClockGet          
00000601  __aeabi_dmul            
000006fd  SysCtlClockSet          
000007f1  __aeabi_memcpy          
000007f1  __aeabi_memcpy4         
000007f1  __aeabi_memcpy8         
000007f1  memcpy                  
0000088d  __aeabi_memclr          
0000088d  __aeabi_memclr4         
0000088d  __aeabi_memclr8         
0000088f  __aeabi_memset          
0000088f  __aeabi_memset4         
0000088f  __aeabi_memset8         
00000895  memset                  
00000909  __TI_auto_init          
000009e1  IntEnable               
00000a49  TimerConfigure          
00000aa9  computeDelayCount       
00000b01  _c_int00                
00000b51  copy_in                 
00000b9d  C$$EXIT                 
00000ba1  abort                   
00000ba9  exit                    
00000be1  __aeabi_d2uiz           
00000c25  SysCtlPeripheralEnable  
00000c59  __aeabi_i2d             
00000c87  GPIODirModeSet          
00000cb1  __aeabi_ui2d            
00000cd1  GPIOPinTypeGPIOOutput   
00000ce9  _args_main              
00000d01  _register_unlock        
00000d07  _register_lock          
00000d0f  _nop                    
00000d15  TimerLoadSet            
00000d27  IntMasterEnable         
00000d37  TimerEnable             
00000d45  __TI_decompress_none    
00000d53  CPUcpsie                
00000d5f  ResetISR                
00000d6b  TimerIntEnable          
00000d73  GPIOPinWrite            
00000d79  SysCtlDelay             
00000d7f  __TI_decompress_rle24   
00000d85  TimerIntClear           
00000d89  _system_pre_init        
00000e90  __TI_Handler_Table_Base 
00000e98  __TI_CINIT_Base         
00000e98  __TI_Handler_Table_Limit
00000ea0  __TI_CINIT_Limit        
20000000  __stack                 
2000012c  __STACK_END             
2000012c  digitCounter            
20000130  timerPeriod             
20000134  msbCounter              
20000135  lsbCounter              
20000138  _lock                   
2000013c  _unlock                 
20000140  __TI_cleanup_ptr        
20000144  __TI_dtors_ptr          
20000148  main_func_sp            
20000200  __STACK_TOP             
ffffffff  __binit__               
ffffffff  __c_args__              
ffffffff  binit                   
UNDEFED   SHT$$INIT_ARRAY$$Base   
UNDEFED   SHT$$INIT_ARRAY$$Limit  

[72 symbols]
