******************************************************************************
                  TI ARM Linker PC v5.2.2                      
******************************************************************************
>> Linked Thu Apr 20 01:26:49 2017

OUTPUT FILE NAME:   <Experiment7_Complementary.out>
ENTRY POINT SYMBOL: "_c_int00"  address: 00001c48


MEMORY CONFIGURATION

         name            origin    length      used     unused   attr    fill
----------------------  --------  ---------  --------  --------  ----  --------
  RAM                   00000000   ffffffff  00002104  ffffdefb  RWIX


SECTION ALLOCATION MAP

 output                                  attributes/
section   page    origin      length       input sections
--------  ----  ----------  ----------   ----------------
.text      0    00000000    00001d54     
                  00000000    00001180     main.obj (.text)
                  00001180    00000288     MIL_LCD_lib.obj (.text)
                  00001408    00000180     rtsv4_A_be_tiarm9.lib : memcpy32.obj (.text)
                  00001588    00000140     tivaUtils.obj (.text)
                  000016c8    00000128     rtsv4_A_be_tiarm9.lib : fd_mul32.obj (.text)
                  000017f0    00000100                           : i_div32.obj (.text)
                  000018f0    000000e0                           : u_div32.obj (.text)
                  000019d0    0000008c                           : exit.obj (.text)
                  00001a5c    00000088                           : autoinit.obj (.text)
                  00001ae4    0000005c                           : cpy_tbl.obj (.text)
                  00001b40    0000005c                           : fs_tod32.obj (.text)
                  00001b9c    00000058                           : fd_tou32.obj (.text)
                  00001bf4    00000054                           : fd_tos32.obj (.text)
                  00001c48    00000050                           : boot.obj (.text)
                  00001c98    0000003c                           : i_tofd32.obj (.text)
                  00001cd4    00000034                           : u_tofd32.obj (.text)
                  00001d08    00000024                           : _lock.obj (.text)
                  00001d2c    00000020                           : args_main.obj (.text)
                  00001d4c    00000008                           : pre_init.obj (.text)

.data      0    00000000    00000000     UNINITIALIZED

.cinit     0    00001d54    00000054     
                  00001d54    00000018     main.obj (.cinit)
                  00001d6c    00000010     rtsv4_A_be_tiarm9.lib : _lock.obj (.cinit)
                  00001d7c    00000010                           : exit.obj (.cinit)
                  00001d8c    0000000c                           : boot.obj (.cinit)
                  00001d98    0000000c                           : stkdepth_vars.obj (.cinit)
                  00001da4    00000004     --HOLE-- [fill = 0]

.bss       0    00001da8    0000003c     UNINITIALIZED
                  00001da8    00000024     main.obj (.bss)
                  00001dcc    00000008     rtsv4_A_be_tiarm9.lib : _lock.obj (.bss)
                  00001dd4    00000008                           : exit.obj (.bss)
                  00001ddc    00000004                           : boot.obj (.bss)
                  00001de0    00000004                           : stkdepth_vars.obj (.bss)

.pinit     0    00000000    00000000     UNINITIALIZED

.stack     0    00001de4    00000320     UNINITIALIZED
                  00001de4    00000320     --HOLE--


GLOBAL SYMBOLS: SORTED ALPHABETICALLY BY Name 

address   name                       
-------   ----                       
00001da8  .bss                       
00000000  .data                      
00000000  .text                      
000019d0  C$$EXIT                    
00001408  C_MEMCPY                   
000016c8  FD_MUL                     
00001bf4  FD_TOFS                    
00001b9c  FD_TOU                     
00001b40  FS_TOFD                    
000017f0  I$DIV                      
000017f0  I$MOD                      
000017f4  I_DIV                      
000017f4  I_MOD                      
00001c98  I_TOFD                     
000018f0  U$DIV                      
000018f0  U$MOD                      
000018f4  U_DIV                      
000018f4  U_MOD                      
00001cd4  U_TOFD                     
00000978  _AdjustPositionValue       
00001dc6  _CLOCK_STATE               
00001dc7  _CURRENT_DISPLAY_INFO      
00000858  _DisplayCurrentAlarmValue  
000005bc  _DisplayCurrentRTCValue    
00000370  _DisplayTimeDateValue_NoRTC
00000cd0  _ENTER_PUSHB_INTERRUPT     
00001dc8  _ENTER_PUSH_FLAG           
UNDEFED   _GPIODirModeSet            
UNDEFED   _GPIOIntClear              
UNDEFED   _GPIOIntEnable             
UNDEFED   _GPIOIntRegister           
UNDEFED   _GPIOIntStatus             
UNDEFED   _GPIOIntTypeSet            
UNDEFED   _GPIOPadConfigSet          
UNDEFED   _GPIOPinConfigure          
UNDEFED   _GPIOPinTypeGPIOOutput     
UNDEFED   _GPIOPinTypeI2C            
UNDEFED   _GPIOPinTypeI2CSCL         
UNDEFED   _GPIOPinTypePWM            
UNDEFED   _GPIOPinWrite              
00000348  _GetClock                  
UNDEFED   _I2CMasterBusy             
UNDEFED   _I2CMasterControl          
UNDEFED   _I2CMasterDataGet          
UNDEFED   _I2CMasterDataPut          
UNDEFED   _I2CMasterInitExpClk       
UNDEFED   _I2CMasterSlaveAddrSet     
000001c0  _I2CReceive                
UNDEFED   _I2CRxFIFOFlush            
0000007c  _I2CSend                   
UNDEFED   _I2CTxFIFOConfigSet        
UNDEFED   _I2CTxFIFOFlush            
00000000  _InitializeI2C             
UNDEFED   _PWMGenConfigure           
UNDEFED   _PWMGenEnable              
UNDEFED   _PWMGenPeriodSet           
UNDEFED   _PWMOutputState            
UNDEFED   _PWMPulseWidthSet          
00000c30  _RunAlarmSetup             
00000aec  _RunDateSetup              
00000b84  _RunTimeSetup              
000002a8  _SetTimeDate               
UNDEFED   _SysCtlClockGet            
UNDEFED   _SysCtlClockSet            
UNDEFED   _SysCtlDelay               
UNDEFED   _SysCtlPWMClockSet         
UNDEFED   _SysCtlPeripheralEnable    
UNDEFED   _SysCtlPeripheralReset     
00000d48  _UP_DOWN_PUSHB_INTERRUPT   
00001dca  _UP_DOWN_PUSH_VAL          
00001dc9  _VALUE_POSITION            
00002104  __STACK_END                
00000320  __STACK_SIZE               
00001a5c  __TI_auto_init             
00001dd4  ___TI_cleanup_ptr          
00001dd8  ___TI_dtors_ptr            
ffffffff  ___binit__                 
00001da8  ___bss__                   
ffffffff  ___c_args__                
00001d54  ___cinit__                 
00000000  ___data__                  
00000000  ___edata__                 
00001de4  ___end__                   
00001d54  ___etext__                 
ffffffff  ___pinit__                 
00000000  ___text__                  
00001d2c  __args_main                
00001db0  __globalSystemClock        
00001dcc  __lock                     
00001d20  __nop                      
00001d14  __register_lock            
00001d08  __register_unlock          
00001de4  __stack                    
00001d4c  __system_pre_init          
00001dd0  __unlock                   
000019d8  _abort                     
00001dc4  _alarm_hour                
00001dc2  _alarm_min                 
00001dc0  _alarm_sec                 
00000274  _bcd2dec                   
00001c48  _c_int00                   
000011c8  _clearLCD                  
00001588  _computeDelayCount         
000015f4  _computeDelayCountMicrosec 
00001ae4  _copy_in                   
00001dba  _date_day                  
00001dbc  _date_month                
00001dbe  _date_year                 
00000240  _dec2bcd                   
000019e4  _exit                      
00001180  _initializeLCD             
00000d90  _main                      
00001de0  _main_func_sp              
00001350  _moveCursor                
00001da8  _pwmClockFreq              
00001dac  _pwmLoadValue              
000012f0  _sendSignal                
000011e0  _setCursorPosition         
00001660  _setDelay                  
00001680  _setDelayMicro             
00001ddc  _stkchk_called             
00001db8  _time_hour                 
00001db6  _time_min                  
00001db4  _time_sec                  
00001224  _writeChar                 
0000125c  _writeCommand              
00001298  _writeMessage              
ffffffff  binit                      
00001d54  cinit                      
00000000  edata                      
00001de4  end                        
00001d54  etext                      
ffffffff  pinit                      


GLOBAL SYMBOLS: SORTED BY Symbol Address 

address   name                       
-------   ----                       
00000000  .data                      
00000000  .text                      
00000000  _InitializeI2C             
00000000  ___data__                  
00000000  ___edata__                 
00000000  ___text__                  
00000000  edata                      
0000007c  _I2CSend                   
000001c0  _I2CReceive                
00000240  _dec2bcd                   
00000274  _bcd2dec                   
000002a8  _SetTimeDate               
00000320  __STACK_SIZE               
00000348  _GetClock                  
00000370  _DisplayTimeDateValue_NoRTC
000005bc  _DisplayCurrentRTCValue    
00000858  _DisplayCurrentAlarmValue  
00000978  _AdjustPositionValue       
00000aec  _RunDateSetup              
00000b84  _RunTimeSetup              
00000c30  _RunAlarmSetup             
00000cd0  _ENTER_PUSHB_INTERRUPT     
00000d48  _UP_DOWN_PUSHB_INTERRUPT   
00000d90  _main                      
00001180  _initializeLCD             
000011c8  _clearLCD                  
000011e0  _setCursorPosition         
00001224  _writeChar                 
0000125c  _writeCommand              
00001298  _writeMessage              
000012f0  _sendSignal                
00001350  _moveCursor                
00001408  C_MEMCPY                   
00001588  _computeDelayCount         
000015f4  _computeDelayCountMicrosec 
00001660  _setDelay                  
00001680  _setDelayMicro             
000016c8  FD_MUL                     
000017f0  I$DIV                      
000017f0  I$MOD                      
000017f4  I_DIV                      
000017f4  I_MOD                      
000018f0  U$DIV                      
000018f0  U$MOD                      
000018f4  U_DIV                      
000018f4  U_MOD                      
000019d0  C$$EXIT                    
000019d8  _abort                     
000019e4  _exit                      
00001a5c  __TI_auto_init             
00001ae4  _copy_in                   
00001b40  FS_TOFD                    
00001b9c  FD_TOU                     
00001bf4  FD_TOFS                    
00001c48  _c_int00                   
00001c98  I_TOFD                     
00001cd4  U_TOFD                     
00001d08  __register_unlock          
00001d14  __register_lock            
00001d20  __nop                      
00001d2c  __args_main                
00001d4c  __system_pre_init          
00001d54  ___cinit__                 
00001d54  ___etext__                 
00001d54  cinit                      
00001d54  etext                      
00001da8  .bss                       
00001da8  ___bss__                   
00001da8  _pwmClockFreq              
00001dac  _pwmLoadValue              
00001db0  __globalSystemClock        
00001db4  _time_sec                  
00001db6  _time_min                  
00001db8  _time_hour                 
00001dba  _date_day                  
00001dbc  _date_month                
00001dbe  _date_year                 
00001dc0  _alarm_sec                 
00001dc2  _alarm_min                 
00001dc4  _alarm_hour                
00001dc6  _CLOCK_STATE               
00001dc7  _CURRENT_DISPLAY_INFO      
00001dc8  _ENTER_PUSH_FLAG           
00001dc9  _VALUE_POSITION            
00001dca  _UP_DOWN_PUSH_VAL          
00001dcc  __lock                     
00001dd0  __unlock                   
00001dd4  ___TI_cleanup_ptr          
00001dd8  ___TI_dtors_ptr            
00001ddc  _stkchk_called             
00001de0  _main_func_sp              
00001de4  ___end__                   
00001de4  __stack                    
00001de4  end                        
00002104  __STACK_END                
ffffffff  ___binit__                 
ffffffff  ___c_args__                
ffffffff  ___pinit__                 
ffffffff  binit                      
ffffffff  pinit                      
UNDEFED   _GPIODirModeSet            
UNDEFED   _GPIOIntClear              
UNDEFED   _GPIOIntEnable             
UNDEFED   _GPIOIntRegister           
UNDEFED   _GPIOIntStatus             
UNDEFED   _GPIOIntTypeSet            
UNDEFED   _GPIOPadConfigSet          
UNDEFED   _GPIOPinConfigure          
UNDEFED   _GPIOPinTypeGPIOOutput     
UNDEFED   _GPIOPinTypeI2C            
UNDEFED   _GPIOPinTypeI2CSCL         
UNDEFED   _GPIOPinTypePWM            
UNDEFED   _GPIOPinWrite              
UNDEFED   _I2CMasterBusy             
UNDEFED   _I2CMasterControl          
UNDEFED   _I2CMasterDataGet          
UNDEFED   _I2CMasterDataPut          
UNDEFED   _I2CMasterInitExpClk       
UNDEFED   _I2CMasterSlaveAddrSet     
UNDEFED   _I2CRxFIFOFlush            
UNDEFED   _I2CTxFIFOConfigSet        
UNDEFED   _I2CTxFIFOFlush            
UNDEFED   _PWMGenConfigure           
UNDEFED   _PWMGenEnable              
UNDEFED   _PWMGenPeriodSet           
UNDEFED   _PWMOutputState            
UNDEFED   _PWMPulseWidthSet          
UNDEFED   _SysCtlClockGet            
UNDEFED   _SysCtlClockSet            
UNDEFED   _SysCtlDelay               
UNDEFED   _SysCtlPWMClockSet         
UNDEFED   _SysCtlPeripheralEnable    
UNDEFED   _SysCtlPeripheralReset     

[133 symbols]
