<?xml version="1.0"?>
<link_info>
   <banner>TI ARM Linker PC v5.2.2</banner>
   <copyright>Copyright (c) 1996-2015 Texas Instruments Incorporated</copyright>
   <link_time>0x58f84699</link_time>
   <link_errors>0x1</link_errors>
   <output_file>Experiment7_Complementary.out</output_file>
   <entry_point>
      <name>_c_int00</name>
      <address>0x1c48</address>
   </entry_point>
   <input_file_list>
      <input_file id="fl-2">
         <path>.\</path>
         <kind>object</kind>
         <file>MIL_LCD_lib.obj</file>
         <name>MIL_LCD_lib.obj</name>
      </input_file>
      <input_file id="fl-3">
         <path>.\</path>
         <kind>object</kind>
         <file>main.obj</file>
         <name>main.obj</name>
      </input_file>
      <input_file id="fl-4">
         <path>.\</path>
         <kind>object</kind>
         <file>tivaUtils.obj</file>
         <name>tivaUtils.obj</name>
      </input_file>
      <input_file id="fl-12a">
         <path>C:\ti\ccsv6\tools\compiler\ti-cgt-arm_5.2.2\lib\</path>
         <kind>archive</kind>
         <file>rtsv4_A_be_tiarm9.lib</file>
         <name>boot.obj</name>
      </input_file>
      <input_file id="fl-12b">
         <path>C:\ti\ccsv6\tools\compiler\ti-cgt-arm_5.2.2\lib\</path>
         <kind>archive</kind>
         <file>rtsv4_A_be_tiarm9.lib</file>
         <name>copy_decompress_none.obj</name>
      </input_file>
      <input_file id="fl-12c">
         <path>C:\ti\ccsv6\tools\compiler\ti-cgt-arm_5.2.2\lib\</path>
         <kind>archive</kind>
         <file>rtsv4_A_be_tiarm9.lib</file>
         <name>copy_decompress_rle.obj</name>
      </input_file>
      <input_file id="fl-12d">
         <path>C:\ti\ccsv6\tools\compiler\ti-cgt-arm_5.2.2\lib\</path>
         <kind>archive</kind>
         <file>rtsv4_A_be_tiarm9.lib</file>
         <name>copy_zero_init.obj</name>
      </input_file>
      <input_file id="fl-12e">
         <path>C:\ti\ccsv6\tools\compiler\ti-cgt-arm_5.2.2\lib\</path>
         <kind>archive</kind>
         <file>rtsv4_A_be_tiarm9.lib</file>
         <name>exit.obj</name>
      </input_file>
      <input_file id="fl-12f">
         <path>C:\ti\ccsv6\tools\compiler\ti-cgt-arm_5.2.2\lib\</path>
         <kind>archive</kind>
         <file>rtsv4_A_be_tiarm9.lib</file>
         <name>fd_mul32.obj</name>
      </input_file>
      <input_file id="fl-130">
         <path>C:\ti\ccsv6\tools\compiler\ti-cgt-arm_5.2.2\lib\</path>
         <kind>archive</kind>
         <file>rtsv4_A_be_tiarm9.lib</file>
         <name>fd_tos32.obj</name>
      </input_file>
      <input_file id="fl-131">
         <path>C:\ti\ccsv6\tools\compiler\ti-cgt-arm_5.2.2\lib\</path>
         <kind>archive</kind>
         <file>rtsv4_A_be_tiarm9.lib</file>
         <name>fd_tou32.obj</name>
      </input_file>
      <input_file id="fl-132">
         <path>C:\ti\ccsv6\tools\compiler\ti-cgt-arm_5.2.2\lib\</path>
         <kind>archive</kind>
         <file>rtsv4_A_be_tiarm9.lib</file>
         <name>fs_tod32.obj</name>
      </input_file>
      <input_file id="fl-133">
         <path>C:\ti\ccsv6\tools\compiler\ti-cgt-arm_5.2.2\lib\</path>
         <kind>archive</kind>
         <file>rtsv4_A_be_tiarm9.lib</file>
         <name>i_div32.obj</name>
      </input_file>
      <input_file id="fl-134">
         <path>C:\ti\ccsv6\tools\compiler\ti-cgt-arm_5.2.2\lib\</path>
         <kind>archive</kind>
         <file>rtsv4_A_be_tiarm9.lib</file>
         <name>i_tofd32.obj</name>
      </input_file>
      <input_file id="fl-135">
         <path>C:\ti\ccsv6\tools\compiler\ti-cgt-arm_5.2.2\lib\</path>
         <kind>archive</kind>
         <file>rtsv4_A_be_tiarm9.lib</file>
         <name>memcpy32.obj</name>
      </input_file>
      <input_file id="fl-136">
         <path>C:\ti\ccsv6\tools\compiler\ti-cgt-arm_5.2.2\lib\</path>
         <kind>archive</kind>
         <file>rtsv4_A_be_tiarm9.lib</file>
         <name>memset32.obj</name>
      </input_file>
      <input_file id="fl-137">
         <path>C:\ti\ccsv6\tools\compiler\ti-cgt-arm_5.2.2\lib\</path>
         <kind>archive</kind>
         <file>rtsv4_A_be_tiarm9.lib</file>
         <name>pre_init.obj</name>
      </input_file>
      <input_file id="fl-138">
         <path>C:\ti\ccsv6\tools\compiler\ti-cgt-arm_5.2.2\lib\</path>
         <kind>archive</kind>
         <file>rtsv4_A_be_tiarm9.lib</file>
         <name>stkdepth_vars.obj</name>
      </input_file>
      <input_file id="fl-139">
         <path>C:\ti\ccsv6\tools\compiler\ti-cgt-arm_5.2.2\lib\</path>
         <kind>archive</kind>
         <file>rtsv4_A_be_tiarm9.lib</file>
         <name>u_div32.obj</name>
      </input_file>
      <input_file id="fl-13a">
         <path>C:\ti\ccsv6\tools\compiler\ti-cgt-arm_5.2.2\lib\</path>
         <kind>archive</kind>
         <file>rtsv4_A_be_tiarm9.lib</file>
         <name>u_tofd32.obj</name>
      </input_file>
      <input_file id="fl-13b">
         <path>C:\ti\ccsv6\tools\compiler\ti-cgt-arm_5.2.2\lib\</path>
         <kind>archive</kind>
         <file>rtsv4_A_be_tiarm9.lib</file>
         <name>_lock.obj</name>
      </input_file>
      <input_file id="fl-13c">
         <path>C:\ti\ccsv6\tools\compiler\ti-cgt-arm_5.2.2\lib\</path>
         <kind>archive</kind>
         <file>rtsv4_A_be_tiarm9.lib</file>
         <name>args_main.obj</name>
      </input_file>
      <input_file id="fl-13d">
         <path>C:\ti\ccsv6\tools\compiler\ti-cgt-arm_5.2.2\lib\</path>
         <kind>archive</kind>
         <file>rtsv4_A_be_tiarm9.lib</file>
         <name>autoinit.obj</name>
      </input_file>
      <input_file id="fl-13e">
         <path>C:\ti\ccsv6\tools\compiler\ti-cgt-arm_5.2.2\lib\</path>
         <kind>archive</kind>
         <file>rtsv4_A_be_tiarm9.lib</file>
         <name>cpy_tbl.obj</name>
      </input_file>
   </input_file_list>
   <object_component_list>
      <object_component id="oc-85">
         <name>.text</name>
         <load_address>0x0</load_address>
         <run_address>0x0</run_address>
         <size>0x1180</size>
         <input_file_ref idref="fl-3"/>
      </object_component>
      <object_component id="oc-87">
         <name>.text</name>
         <load_address>0x1180</load_address>
         <run_address>0x1180</run_address>
         <size>0x288</size>
         <input_file_ref idref="fl-2"/>
      </object_component>
      <object_component id="oc-7c">
         <name>.text</name>
         <load_address>0x1408</load_address>
         <run_address>0x1408</run_address>
         <size>0x180</size>
         <input_file_ref idref="fl-135"/>
      </object_component>
      <object_component id="oc-88">
         <name>.text</name>
         <load_address>0x1588</load_address>
         <run_address>0x1588</run_address>
         <size>0x140</size>
         <input_file_ref idref="fl-4"/>
      </object_component>
      <object_component id="oc-8b">
         <name>.text</name>
         <load_address>0x16c8</load_address>
         <run_address>0x16c8</run_address>
         <size>0x128</size>
         <input_file_ref idref="fl-12f"/>
      </object_component>
      <object_component id="oc-86">
         <name>.text</name>
         <load_address>0x17f0</load_address>
         <run_address>0x17f0</run_address>
         <size>0x100</size>
         <input_file_ref idref="fl-133"/>
      </object_component>
      <object_component id="oc-89">
         <name>.text</name>
         <load_address>0x18f0</load_address>
         <run_address>0x18f0</run_address>
         <size>0xe0</size>
         <input_file_ref idref="fl-139"/>
      </object_component>
      <object_component id="oc-82">
         <name>.text</name>
         <load_address>0x19d0</load_address>
         <run_address>0x19d0</run_address>
         <size>0x8c</size>
         <input_file_ref idref="fl-12e"/>
      </object_component>
      <object_component id="oc-80">
         <name>.text</name>
         <load_address>0x1a5c</load_address>
         <run_address>0x1a5c</run_address>
         <size>0x88</size>
         <input_file_ref idref="fl-13d"/>
      </object_component>
      <object_component id="oc-84">
         <name>.text</name>
         <load_address>0x1ae4</load_address>
         <run_address>0x1ae4</run_address>
         <size>0x5c</size>
         <input_file_ref idref="fl-13e"/>
      </object_component>
      <object_component id="oc-8e">
         <name>.text</name>
         <load_address>0x1b40</load_address>
         <run_address>0x1b40</run_address>
         <size>0x5c</size>
         <input_file_ref idref="fl-132"/>
      </object_component>
      <object_component id="oc-8c">
         <name>.text</name>
         <load_address>0x1b9c</load_address>
         <run_address>0x1b9c</run_address>
         <size>0x58</size>
         <input_file_ref idref="fl-131"/>
      </object_component>
      <object_component id="oc-8f">
         <name>.text</name>
         <load_address>0x1bf4</load_address>
         <run_address>0x1bf4</run_address>
         <size>0x54</size>
         <input_file_ref idref="fl-130"/>
      </object_component>
      <object_component id="oc-6">
         <name>.text</name>
         <load_address>0x1c48</load_address>
         <run_address>0x1c48</run_address>
         <size>0x50</size>
         <input_file_ref idref="fl-12a"/>
      </object_component>
      <object_component id="oc-8d">
         <name>.text</name>
         <load_address>0x1c98</load_address>
         <run_address>0x1c98</run_address>
         <size>0x3c</size>
         <input_file_ref idref="fl-134"/>
      </object_component>
      <object_component id="oc-8a">
         <name>.text</name>
         <load_address>0x1cd4</load_address>
         <run_address>0x1cd4</run_address>
         <size>0x34</size>
         <input_file_ref idref="fl-13a"/>
      </object_component>
      <object_component id="oc-83">
         <name>.text</name>
         <load_address>0x1d08</load_address>
         <run_address>0x1d08</run_address>
         <size>0x24</size>
         <input_file_ref idref="fl-13b"/>
      </object_component>
      <object_component id="oc-81">
         <name>.text</name>
         <load_address>0x1d2c</load_address>
         <run_address>0x1d2c</run_address>
         <size>0x20</size>
         <input_file_ref idref="fl-13c"/>
      </object_component>
      <object_component id="oc-7f">
         <name>.text</name>
         <load_address>0x1d4c</load_address>
         <run_address>0x1d4c</run_address>
         <size>0x8</size>
         <input_file_ref idref="fl-137"/>
      </object_component>
      <object_component id="oc-c">
         <name>.bss</name>
         <uninitialized>true</uninitialized>
         <run_address>0x1da8</run_address>
         <size>0x24</size>
         <input_file_ref idref="fl-3"/>
      </object_component>
      <object_component id="oc-18">
         <name>.bss</name>
         <uninitialized>true</uninitialized>
         <run_address>0x1ddc</run_address>
         <size>0x4</size>
         <input_file_ref idref="fl-12a"/>
      </object_component>
      <object_component id="oc-2e">
         <name>.bss</name>
         <uninitialized>true</uninitialized>
         <run_address>0x1dd4</run_address>
         <size>0x8</size>
         <input_file_ref idref="fl-12e"/>
      </object_component>
      <object_component id="oc-5a">
         <name>.bss</name>
         <uninitialized>true</uninitialized>
         <run_address>0x1de0</run_address>
         <size>0x4</size>
         <input_file_ref idref="fl-138"/>
      </object_component>
      <object_component id="oc-66">
         <name>.bss</name>
         <uninitialized>true</uninitialized>
         <run_address>0x1dcc</run_address>
         <size>0x8</size>
         <input_file_ref idref="fl-13b"/>
      </object_component>
      <object_component id="oc-e">
         <name>.cinit</name>
         <load_address>0x1d54</load_address>
         <run_address>0x1d54</run_address>
         <size>0x18</size>
         <input_file_ref idref="fl-3"/>
      </object_component>
      <object_component id="oc-68">
         <name>.cinit</name>
         <load_address>0x1d6c</load_address>
         <run_address>0x1d6c</run_address>
         <size>0x10</size>
         <input_file_ref idref="fl-13b"/>
      </object_component>
      <object_component id="oc-30">
         <name>.cinit</name>
         <load_address>0x1d7c</load_address>
         <run_address>0x1d7c</run_address>
         <size>0x10</size>
         <input_file_ref idref="fl-12e"/>
      </object_component>
      <object_component id="oc-1a">
         <name>.cinit</name>
         <load_address>0x1d8c</load_address>
         <run_address>0x1d8c</run_address>
         <size>0xc</size>
         <input_file_ref idref="fl-12a"/>
      </object_component>
      <object_component id="oc-5c">
         <name>.cinit</name>
         <load_address>0x1d98</load_address>
         <run_address>0x1d98</run_address>
         <size>0xc</size>
         <input_file_ref idref="fl-138"/>
      </object_component>
      <object_component id="oc-7">
         <name>.debug_info</name>
         <load_address>0x0</load_address>
         <run_address>0x0</run_address>
         <size>0xf77</size>
         <input_file_ref idref="fl-2"/>
      </object_component>
      <object_component id="oc-d">
         <name>.debug_info</name>
         <load_address>0xf77</load_address>
         <run_address>0xf77</run_address>
         <size>0x237e</size>
         <input_file_ref idref="fl-3"/>
      </object_component>
      <object_component id="oc-13">
         <name>.debug_info</name>
         <load_address>0x32f5</load_address>
         <run_address>0x32f5</run_address>
         <size>0x941</size>
         <input_file_ref idref="fl-4"/>
      </object_component>
      <object_component id="oc-1b">
         <name>.debug_info</name>
         <load_address>0x3c36</load_address>
         <run_address>0x3c36</run_address>
         <size>0x119</size>
         <input_file_ref idref="fl-12a"/>
      </object_component>
      <object_component id="oc-1f">
         <name>.debug_info</name>
         <load_address>0x3d4f</load_address>
         <run_address>0x3d4f</run_address>
         <size>0x219</size>
         <input_file_ref idref="fl-12b"/>
      </object_component>
      <object_component id="oc-24">
         <name>.debug_info</name>
         <load_address>0x3f68</load_address>
         <run_address>0x3f68</run_address>
         <size>0x1fa</size>
         <input_file_ref idref="fl-12c"/>
      </object_component>
      <object_component id="oc-29">
         <name>.debug_info</name>
         <load_address>0x4162</load_address>
         <run_address>0x4162</run_address>
         <size>0x208</size>
         <input_file_ref idref="fl-12d"/>
      </object_component>
      <object_component id="oc-2f">
         <name>.debug_info</name>
         <load_address>0x436a</load_address>
         <run_address>0x436a</run_address>
         <size>0x3a6</size>
         <input_file_ref idref="fl-12e"/>
      </object_component>
      <object_component id="oc-35">
         <name>.debug_info</name>
         <load_address>0x4710</load_address>
         <run_address>0x4710</run_address>
         <size>0xfb</size>
         <input_file_ref idref="fl-12f"/>
      </object_component>
      <object_component id="oc-39">
         <name>.debug_info</name>
         <load_address>0x480b</load_address>
         <run_address>0x480b</run_address>
         <size>0xeb</size>
         <input_file_ref idref="fl-130"/>
      </object_component>
      <object_component id="oc-3d">
         <name>.debug_info</name>
         <load_address>0x48f6</load_address>
         <run_address>0x48f6</run_address>
         <size>0xf2</size>
         <input_file_ref idref="fl-131"/>
      </object_component>
      <object_component id="oc-41">
         <name>.debug_info</name>
         <load_address>0x49e8</load_address>
         <run_address>0x49e8</run_address>
         <size>0xeb</size>
         <input_file_ref idref="fl-132"/>
      </object_component>
      <object_component id="oc-45">
         <name>.debug_info</name>
         <load_address>0x4ad3</load_address>
         <run_address>0x4ad3</run_address>
         <size>0x102</size>
         <input_file_ref idref="fl-133"/>
      </object_component>
      <object_component id="oc-49">
         <name>.debug_info</name>
         <load_address>0x4bd5</load_address>
         <run_address>0x4bd5</run_address>
         <size>0xe0</size>
         <input_file_ref idref="fl-134"/>
      </object_component>
      <object_component id="oc-4d">
         <name>.debug_info</name>
         <load_address>0x4cb5</load_address>
         <run_address>0x4cb5</run_address>
         <size>0x147</size>
         <input_file_ref idref="fl-135"/>
      </object_component>
      <object_component id="oc-51">
         <name>.debug_info</name>
         <load_address>0x4dfc</load_address>
         <run_address>0x4dfc</run_address>
         <size>0xa2</size>
         <input_file_ref idref="fl-136"/>
      </object_component>
      <object_component id="oc-55">
         <name>.debug_info</name>
         <load_address>0x4e9e</load_address>
         <run_address>0x4e9e</run_address>
         <size>0x1d0</size>
         <input_file_ref idref="fl-137"/>
      </object_component>
      <object_component id="oc-5b">
         <name>.debug_info</name>
         <load_address>0x506e</load_address>
         <run_address>0x506e</run_address>
         <size>0x195</size>
         <input_file_ref idref="fl-138"/>
      </object_component>
      <object_component id="oc-5e">
         <name>.debug_info</name>
         <load_address>0x5203</load_address>
         <run_address>0x5203</run_address>
         <size>0x102</size>
         <input_file_ref idref="fl-139"/>
      </object_component>
      <object_component id="oc-62">
         <name>.debug_info</name>
         <load_address>0x5305</load_address>
         <run_address>0x5305</run_address>
         <size>0xe0</size>
         <input_file_ref idref="fl-13a"/>
      </object_component>
      <object_component id="oc-67">
         <name>.debug_info</name>
         <load_address>0x53e5</load_address>
         <run_address>0x53e5</run_address>
         <size>0x32a</size>
         <input_file_ref idref="fl-13b"/>
      </object_component>
      <object_component id="oc-6d">
         <name>.debug_info</name>
         <load_address>0x570f</load_address>
         <run_address>0x570f</run_address>
         <size>0x2b2</size>
         <input_file_ref idref="fl-13c"/>
      </object_component>
      <object_component id="oc-72">
         <name>.debug_info</name>
         <load_address>0x59c1</load_address>
         <run_address>0x59c1</run_address>
         <size>0x454</size>
         <input_file_ref idref="fl-13d"/>
      </object_component>
      <object_component id="oc-77">
         <name>.debug_info</name>
         <load_address>0x5e15</load_address>
         <run_address>0x5e15</run_address>
         <size>0x331</size>
         <input_file_ref idref="fl-13e"/>
      </object_component>
      <object_component id="oc-bc">
         <name>.debug_info</name>
         <load_address>0x6146</load_address>
         <run_address>0x6146</run_address>
         <size>0xe0</size>
      </object_component>
      <object_component id="oc-8">
         <name>.debug_frame</name>
         <load_address>0x0</load_address>
         <run_address>0x0</run_address>
         <size>0x113</size>
         <input_file_ref idref="fl-2"/>
      </object_component>
      <object_component id="oc-f">
         <name>.debug_frame</name>
         <load_address>0x113</load_address>
         <run_address>0x113</run_address>
         <size>0x228</size>
         <input_file_ref idref="fl-3"/>
      </object_component>
      <object_component id="oc-14">
         <name>.debug_frame</name>
         <load_address>0x33b</load_address>
         <run_address>0x33b</run_address>
         <size>0xb4</size>
         <input_file_ref idref="fl-4"/>
      </object_component>
      <object_component id="oc-20">
         <name>.debug_frame</name>
         <load_address>0x3ef</load_address>
         <run_address>0x3ef</run_address>
         <size>0x2e</size>
         <input_file_ref idref="fl-12b"/>
      </object_component>
      <object_component id="oc-25">
         <name>.debug_frame</name>
         <load_address>0x41d</load_address>
         <run_address>0x41d</run_address>
         <size>0x2e</size>
         <input_file_ref idref="fl-12c"/>
      </object_component>
      <object_component id="oc-2a">
         <name>.debug_frame</name>
         <load_address>0x44b</load_address>
         <run_address>0x44b</run_address>
         <size>0x2e</size>
         <input_file_ref idref="fl-12d"/>
      </object_component>
      <object_component id="oc-31">
         <name>.debug_frame</name>
         <load_address>0x479</load_address>
         <run_address>0x479</run_address>
         <size>0x72</size>
         <input_file_ref idref="fl-12e"/>
      </object_component>
      <object_component id="oc-56">
         <name>.debug_frame</name>
         <load_address>0x4eb</load_address>
         <run_address>0x4eb</run_address>
         <size>0x3f</size>
         <input_file_ref idref="fl-137"/>
      </object_component>
      <object_component id="oc-69">
         <name>.debug_frame</name>
         <load_address>0x52a</load_address>
         <run_address>0x52a</run_address>
         <size>0x61</size>
         <input_file_ref idref="fl-13b"/>
      </object_component>
      <object_component id="oc-6e">
         <name>.debug_frame</name>
         <load_address>0x58b</load_address>
         <run_address>0x58b</run_address>
         <size>0x3f</size>
         <input_file_ref idref="fl-13c"/>
      </object_component>
      <object_component id="oc-73">
         <name>.debug_frame</name>
         <load_address>0x5ca</load_address>
         <run_address>0x5ca</run_address>
         <size>0x4e</size>
         <input_file_ref idref="fl-13d"/>
      </object_component>
      <object_component id="oc-78">
         <name>.debug_frame</name>
         <load_address>0x618</load_address>
         <run_address>0x618</run_address>
         <size>0x4e</size>
         <input_file_ref idref="fl-13e"/>
      </object_component>
      <object_component id="oc-9">
         <name>.debug_line</name>
         <load_address>0x0</load_address>
         <run_address>0x0</run_address>
         <size>0x1ac</size>
         <input_file_ref idref="fl-2"/>
      </object_component>
      <object_component id="oc-10">
         <name>.debug_line</name>
         <load_address>0x1ac</load_address>
         <run_address>0x1ac</run_address>
         <size>0x370</size>
         <input_file_ref idref="fl-3"/>
      </object_component>
      <object_component id="oc-15">
         <name>.debug_line</name>
         <load_address>0x51c</load_address>
         <run_address>0x51c</run_address>
         <size>0xf8</size>
         <input_file_ref idref="fl-4"/>
      </object_component>
      <object_component id="oc-1c">
         <name>.debug_line</name>
         <load_address>0x614</load_address>
         <run_address>0x614</run_address>
         <size>0x4a</size>
         <input_file_ref idref="fl-12a"/>
      </object_component>
      <object_component id="oc-21">
         <name>.debug_line</name>
         <load_address>0x65e</load_address>
         <run_address>0x65e</run_address>
         <size>0x37</size>
         <input_file_ref idref="fl-12b"/>
      </object_component>
      <object_component id="oc-26">
         <name>.debug_line</name>
         <load_address>0x695</load_address>
         <run_address>0x695</run_address>
         <size>0x36</size>
         <input_file_ref idref="fl-12c"/>
      </object_component>
      <object_component id="oc-2b">
         <name>.debug_line</name>
         <load_address>0x6cb</load_address>
         <run_address>0x6cb</run_address>
         <size>0x31</size>
         <input_file_ref idref="fl-12d"/>
      </object_component>
      <object_component id="oc-32">
         <name>.debug_line</name>
         <load_address>0x6fc</load_address>
         <run_address>0x6fc</run_address>
         <size>0x7a</size>
         <input_file_ref idref="fl-12e"/>
      </object_component>
      <object_component id="oc-36">
         <name>.debug_line</name>
         <load_address>0x776</load_address>
         <run_address>0x776</run_address>
         <size>0x87</size>
         <input_file_ref idref="fl-12f"/>
      </object_component>
      <object_component id="oc-3a">
         <name>.debug_line</name>
         <load_address>0x7fd</load_address>
         <run_address>0x7fd</run_address>
         <size>0x52</size>
         <input_file_ref idref="fl-130"/>
      </object_component>
      <object_component id="oc-3e">
         <name>.debug_line</name>
         <load_address>0x84f</load_address>
         <run_address>0x84f</run_address>
         <size>0x50</size>
         <input_file_ref idref="fl-131"/>
      </object_component>
      <object_component id="oc-42">
         <name>.debug_line</name>
         <load_address>0x89f</load_address>
         <run_address>0x89f</run_address>
         <size>0x54</size>
         <input_file_ref idref="fl-132"/>
      </object_component>
      <object_component id="oc-46">
         <name>.debug_line</name>
         <load_address>0x8f3</load_address>
         <run_address>0x8f3</run_address>
         <size>0x8d</size>
         <input_file_ref idref="fl-133"/>
      </object_component>
      <object_component id="oc-4a">
         <name>.debug_line</name>
         <load_address>0x980</load_address>
         <run_address>0x980</run_address>
         <size>0x49</size>
         <input_file_ref idref="fl-134"/>
      </object_component>
      <object_component id="oc-4e">
         <name>.debug_line</name>
         <load_address>0x9c9</load_address>
         <run_address>0x9c9</run_address>
         <size>0x9a</size>
         <input_file_ref idref="fl-135"/>
      </object_component>
      <object_component id="oc-52">
         <name>.debug_line</name>
         <load_address>0xa63</load_address>
         <run_address>0xa63</run_address>
         <size>0x2d</size>
         <input_file_ref idref="fl-136"/>
      </object_component>
      <object_component id="oc-57">
         <name>.debug_line</name>
         <load_address>0xa90</load_address>
         <run_address>0xa90</run_address>
         <size>0x40</size>
         <input_file_ref idref="fl-137"/>
      </object_component>
      <object_component id="oc-5f">
         <name>.debug_line</name>
         <load_address>0xad0</load_address>
         <run_address>0xad0</run_address>
         <size>0x85</size>
         <input_file_ref idref="fl-139"/>
      </object_component>
      <object_component id="oc-63">
         <name>.debug_line</name>
         <load_address>0xb55</load_address>
         <run_address>0xb55</run_address>
         <size>0x47</size>
         <input_file_ref idref="fl-13a"/>
      </object_component>
      <object_component id="oc-6a">
         <name>.debug_line</name>
         <load_address>0xb9c</load_address>
         <run_address>0xb9c</run_address>
         <size>0x64</size>
         <input_file_ref idref="fl-13b"/>
      </object_component>
      <object_component id="oc-6f">
         <name>.debug_line</name>
         <load_address>0xc00</load_address>
         <run_address>0xc00</run_address>
         <size>0x50</size>
         <input_file_ref idref="fl-13c"/>
      </object_component>
      <object_component id="oc-74">
         <name>.debug_line</name>
         <load_address>0xc50</load_address>
         <run_address>0xc50</run_address>
         <size>0x78</size>
         <input_file_ref idref="fl-13d"/>
      </object_component>
      <object_component id="oc-79">
         <name>.debug_line</name>
         <load_address>0xcc8</load_address>
         <run_address>0xcc8</run_address>
         <size>0x4d</size>
         <input_file_ref idref="fl-13e"/>
      </object_component>
      <object_component id="oc-a">
         <name>.debug_abbrev</name>
         <load_address>0x0</load_address>
         <run_address>0x0</run_address>
         <size>0xad</size>
         <input_file_ref idref="fl-2"/>
      </object_component>
      <object_component id="oc-11">
         <name>.debug_abbrev</name>
         <load_address>0xad</load_address>
         <run_address>0xad</run_address>
         <size>0x1ab</size>
         <input_file_ref idref="fl-3"/>
      </object_component>
      <object_component id="oc-16">
         <name>.debug_abbrev</name>
         <load_address>0x258</load_address>
         <run_address>0x258</run_address>
         <size>0xcd</size>
         <input_file_ref idref="fl-4"/>
      </object_component>
      <object_component id="oc-1d">
         <name>.debug_abbrev</name>
         <load_address>0x325</load_address>
         <run_address>0x325</run_address>
         <size>0x39</size>
         <input_file_ref idref="fl-12a"/>
      </object_component>
      <object_component id="oc-22">
         <name>.debug_abbrev</name>
         <load_address>0x35e</load_address>
         <run_address>0x35e</run_address>
         <size>0xb0</size>
         <input_file_ref idref="fl-12b"/>
      </object_component>
      <object_component id="oc-27">
         <name>.debug_abbrev</name>
         <load_address>0x40e</load_address>
         <run_address>0x40e</run_address>
         <size>0xf2</size>
         <input_file_ref idref="fl-12c"/>
      </object_component>
      <object_component id="oc-2c">
         <name>.debug_abbrev</name>
         <load_address>0x500</load_address>
         <run_address>0x500</run_address>
         <size>0xb0</size>
         <input_file_ref idref="fl-12d"/>
      </object_component>
      <object_component id="oc-33">
         <name>.debug_abbrev</name>
         <load_address>0x5b0</load_address>
         <run_address>0x5b0</run_address>
         <size>0x11e</size>
         <input_file_ref idref="fl-12e"/>
      </object_component>
      <object_component id="oc-37">
         <name>.debug_abbrev</name>
         <load_address>0x6ce</load_address>
         <run_address>0x6ce</run_address>
         <size>0x39</size>
         <input_file_ref idref="fl-12f"/>
      </object_component>
      <object_component id="oc-3b">
         <name>.debug_abbrev</name>
         <load_address>0x707</load_address>
         <run_address>0x707</run_address>
         <size>0x39</size>
         <input_file_ref idref="fl-130"/>
      </object_component>
      <object_component id="oc-3f">
         <name>.debug_abbrev</name>
         <load_address>0x740</load_address>
         <run_address>0x740</run_address>
         <size>0x47</size>
         <input_file_ref idref="fl-131"/>
      </object_component>
      <object_component id="oc-43">
         <name>.debug_abbrev</name>
         <load_address>0x787</load_address>
         <run_address>0x787</run_address>
         <size>0x39</size>
         <input_file_ref idref="fl-132"/>
      </object_component>
      <object_component id="oc-47">
         <name>.debug_abbrev</name>
         <load_address>0x7c0</load_address>
         <run_address>0x7c0</run_address>
         <size>0x51</size>
         <input_file_ref idref="fl-133"/>
      </object_component>
      <object_component id="oc-4b">
         <name>.debug_abbrev</name>
         <load_address>0x811</load_address>
         <run_address>0x811</run_address>
         <size>0x39</size>
         <input_file_ref idref="fl-134"/>
      </object_component>
      <object_component id="oc-4f">
         <name>.debug_abbrev</name>
         <load_address>0x84a</load_address>
         <run_address>0x84a</run_address>
         <size>0x47</size>
         <input_file_ref idref="fl-135"/>
      </object_component>
      <object_component id="oc-53">
         <name>.debug_abbrev</name>
         <load_address>0x891</load_address>
         <run_address>0x891</run_address>
         <size>0x39</size>
         <input_file_ref idref="fl-136"/>
      </object_component>
      <object_component id="oc-58">
         <name>.debug_abbrev</name>
         <load_address>0x8ca</load_address>
         <run_address>0x8ca</run_address>
         <size>0x5d</size>
         <input_file_ref idref="fl-137"/>
      </object_component>
      <object_component id="oc-5d">
         <name>.debug_abbrev</name>
         <load_address>0x927</load_address>
         <run_address>0x927</run_address>
         <size>0x31</size>
         <input_file_ref idref="fl-138"/>
      </object_component>
      <object_component id="oc-60">
         <name>.debug_abbrev</name>
         <load_address>0x958</load_address>
         <run_address>0x958</run_address>
         <size>0x51</size>
         <input_file_ref idref="fl-139"/>
      </object_component>
      <object_component id="oc-64">
         <name>.debug_abbrev</name>
         <load_address>0x9a9</load_address>
         <run_address>0x9a9</run_address>
         <size>0x39</size>
         <input_file_ref idref="fl-13a"/>
      </object_component>
      <object_component id="oc-6b">
         <name>.debug_abbrev</name>
         <load_address>0x9e2</load_address>
         <run_address>0x9e2</run_address>
         <size>0xb9</size>
         <input_file_ref idref="fl-13b"/>
      </object_component>
      <object_component id="oc-70">
         <name>.debug_abbrev</name>
         <load_address>0xa9b</load_address>
         <run_address>0xa9b</run_address>
         <size>0xe1</size>
         <input_file_ref idref="fl-13c"/>
      </object_component>
      <object_component id="oc-75">
         <name>.debug_abbrev</name>
         <load_address>0xb7c</load_address>
         <run_address>0xb7c</run_address>
         <size>0x120</size>
         <input_file_ref idref="fl-13d"/>
      </object_component>
      <object_component id="oc-7a">
         <name>.debug_abbrev</name>
         <load_address>0xc9c</load_address>
         <run_address>0xc9c</run_address>
         <size>0xe8</size>
         <input_file_ref idref="fl-13e"/>
      </object_component>
      <object_component id="oc-bd">
         <name>.debug_abbrev</name>
         <load_address>0xd84</load_address>
         <run_address>0xd84</run_address>
         <size>0xf</size>
      </object_component>
      <object_component id="oc-b">
         <name>.debug_aranges</name>
         <load_address>0x0</load_address>
         <run_address>0x0</run_address>
         <size>0x58</size>
         <input_file_ref idref="fl-2"/>
      </object_component>
      <object_component id="oc-12">
         <name>.debug_aranges</name>
         <load_address>0x58</load_address>
         <run_address>0x58</run_address>
         <size>0xa0</size>
         <input_file_ref idref="fl-3"/>
      </object_component>
      <object_component id="oc-17">
         <name>.debug_aranges</name>
         <load_address>0xf8</load_address>
         <run_address>0xf8</run_address>
         <size>0x38</size>
         <input_file_ref idref="fl-4"/>
      </object_component>
      <object_component id="oc-1e">
         <name>.debug_aranges</name>
         <load_address>0x130</load_address>
         <run_address>0x130</run_address>
         <size>0x20</size>
         <input_file_ref idref="fl-12a"/>
      </object_component>
      <object_component id="oc-23">
         <name>.debug_aranges</name>
         <load_address>0x150</load_address>
         <run_address>0x150</run_address>
         <size>0x18</size>
         <input_file_ref idref="fl-12b"/>
      </object_component>
      <object_component id="oc-28">
         <name>.debug_aranges</name>
         <load_address>0x168</load_address>
         <run_address>0x168</run_address>
         <size>0x18</size>
         <input_file_ref idref="fl-12c"/>
      </object_component>
      <object_component id="oc-2d">
         <name>.debug_aranges</name>
         <load_address>0x180</load_address>
         <run_address>0x180</run_address>
         <size>0x18</size>
         <input_file_ref idref="fl-12d"/>
      </object_component>
      <object_component id="oc-34">
         <name>.debug_aranges</name>
         <load_address>0x198</load_address>
         <run_address>0x198</run_address>
         <size>0x30</size>
         <input_file_ref idref="fl-12e"/>
      </object_component>
      <object_component id="oc-38">
         <name>.debug_aranges</name>
         <load_address>0x1c8</load_address>
         <run_address>0x1c8</run_address>
         <size>0x20</size>
         <input_file_ref idref="fl-12f"/>
      </object_component>
      <object_component id="oc-3c">
         <name>.debug_aranges</name>
         <load_address>0x1e8</load_address>
         <run_address>0x1e8</run_address>
         <size>0x20</size>
         <input_file_ref idref="fl-130"/>
      </object_component>
      <object_component id="oc-40">
         <name>.debug_aranges</name>
         <load_address>0x208</load_address>
         <run_address>0x208</run_address>
         <size>0x20</size>
         <input_file_ref idref="fl-131"/>
      </object_component>
      <object_component id="oc-44">
         <name>.debug_aranges</name>
         <load_address>0x228</load_address>
         <run_address>0x228</run_address>
         <size>0x20</size>
         <input_file_ref idref="fl-132"/>
      </object_component>
      <object_component id="oc-48">
         <name>.debug_aranges</name>
         <load_address>0x248</load_address>
         <run_address>0x248</run_address>
         <size>0x28</size>
         <input_file_ref idref="fl-133"/>
      </object_component>
      <object_component id="oc-4c">
         <name>.debug_aranges</name>
         <load_address>0x270</load_address>
         <run_address>0x270</run_address>
         <size>0x20</size>
         <input_file_ref idref="fl-134"/>
      </object_component>
      <object_component id="oc-50">
         <name>.debug_aranges</name>
         <load_address>0x290</load_address>
         <run_address>0x290</run_address>
         <size>0x20</size>
         <input_file_ref idref="fl-135"/>
      </object_component>
      <object_component id="oc-54">
         <name>.debug_aranges</name>
         <load_address>0x2b0</load_address>
         <run_address>0x2b0</run_address>
         <size>0x18</size>
         <input_file_ref idref="fl-136"/>
      </object_component>
      <object_component id="oc-59">
         <name>.debug_aranges</name>
         <load_address>0x2c8</load_address>
         <run_address>0x2c8</run_address>
         <size>0x20</size>
         <input_file_ref idref="fl-137"/>
      </object_component>
      <object_component id="oc-61">
         <name>.debug_aranges</name>
         <load_address>0x2e8</load_address>
         <run_address>0x2e8</run_address>
         <size>0x28</size>
         <input_file_ref idref="fl-139"/>
      </object_component>
      <object_component id="oc-65">
         <name>.debug_aranges</name>
         <load_address>0x310</load_address>
         <run_address>0x310</run_address>
         <size>0x20</size>
         <input_file_ref idref="fl-13a"/>
      </object_component>
      <object_component id="oc-6c">
         <name>.debug_aranges</name>
         <load_address>0x330</load_address>
         <run_address>0x330</run_address>
         <size>0x30</size>
         <input_file_ref idref="fl-13b"/>
      </object_component>
      <object_component id="oc-71">
         <name>.debug_aranges</name>
         <load_address>0x360</load_address>
         <run_address>0x360</run_address>
         <size>0x20</size>
         <input_file_ref idref="fl-13c"/>
      </object_component>
      <object_component id="oc-76">
         <name>.debug_aranges</name>
         <load_address>0x380</load_address>
         <run_address>0x380</run_address>
         <size>0x20</size>
         <input_file_ref idref="fl-13d"/>
      </object_component>
      <object_component id="oc-7b">
         <name>.debug_aranges</name>
         <load_address>0x3a0</load_address>
         <run_address>0x3a0</run_address>
         <size>0x20</size>
         <input_file_ref idref="fl-13e"/>
      </object_component>
      <object_component id="oc-19">
         <name>.stack</name>
         <uninitialized>true</uninitialized>
         <run_address>0x1de4</run_address>
         <size>0x0</size>
         <input_file_ref idref="fl-12a"/>
      </object_component>
      <object_component id="oc-aa">
         <name>.stack</name>
         <uninitialized>true</uninitialized>
         <run_address>0x1de4</run_address>
         <size>0x0</size>
      </object_component>
   </object_component_list>
   <logical_group_list>
      <logical_group id="lg-90" display="no" color="cyan">
         <name>.text</name>
         <load_address>0x0</load_address>
         <run_address>0x0</run_address>
         <size>0x1d54</size>
         <contents>
            <object_component_ref idref="oc-85"/>
            <object_component_ref idref="oc-87"/>
            <object_component_ref idref="oc-7c"/>
            <object_component_ref idref="oc-88"/>
            <object_component_ref idref="oc-8b"/>
            <object_component_ref idref="oc-86"/>
            <object_component_ref idref="oc-89"/>
            <object_component_ref idref="oc-82"/>
            <object_component_ref idref="oc-80"/>
            <object_component_ref idref="oc-84"/>
            <object_component_ref idref="oc-8e"/>
            <object_component_ref idref="oc-8c"/>
            <object_component_ref idref="oc-8f"/>
            <object_component_ref idref="oc-6"/>
            <object_component_ref idref="oc-8d"/>
            <object_component_ref idref="oc-8a"/>
            <object_component_ref idref="oc-83"/>
            <object_component_ref idref="oc-81"/>
            <object_component_ref idref="oc-7f"/>
         </contents>
      </logical_group>
      <logical_group id="lg-91" display="no" color="cyan">
         <name>.const</name>
         <run_address>0x0</run_address>
         <size>0x0</size>
         <contents>
         </contents>
      </logical_group>
      <logical_group id="lg-92" display="no" color="cyan">
         <name>.data</name>
         <run_address>0x0</run_address>
         <size>0x0</size>
         <contents>
         </contents>
      </logical_group>
      <logical_group id="lg-93" display="no" color="cyan">
         <name>.bss</name>
         <run_address>0x1da8</run_address>
         <size>0x3c</size>
         <contents>
            <object_component_ref idref="oc-c"/>
            <object_component_ref idref="oc-18"/>
            <object_component_ref idref="oc-2e"/>
            <object_component_ref idref="oc-5a"/>
            <object_component_ref idref="oc-66"/>
         </contents>
      </logical_group>
      <logical_group id="lg-94" display="no" color="cyan">
         <name>.cinit</name>
         <load_address>0x1d54</load_address>
         <run_address>0x1d54</run_address>
         <size>0x54</size>
         <contents>
            <object_component_ref idref="oc-e"/>
            <object_component_ref idref="oc-68"/>
            <object_component_ref idref="oc-30"/>
            <object_component_ref idref="oc-1a"/>
            <object_component_ref idref="oc-5c"/>
         </contents>
      </logical_group>
      <logical_group id="lg-95" display="no" color="cyan">
         <name>.pinit</name>
         <run_address>0x0</run_address>
         <size>0x0</size>
         <contents>
         </contents>
      </logical_group>
      <logical_group id="lg-9c" display="never" color="cyan">
         <name>.debug_info</name>
         <load_address>0x0</load_address>
         <run_address>0x0</run_address>
         <size>0x6226</size>
         <contents>
            <object_component_ref idref="oc-7"/>
            <object_component_ref idref="oc-d"/>
            <object_component_ref idref="oc-13"/>
            <object_component_ref idref="oc-1b"/>
            <object_component_ref idref="oc-1f"/>
            <object_component_ref idref="oc-24"/>
            <object_component_ref idref="oc-29"/>
            <object_component_ref idref="oc-2f"/>
            <object_component_ref idref="oc-35"/>
            <object_component_ref idref="oc-39"/>
            <object_component_ref idref="oc-3d"/>
            <object_component_ref idref="oc-41"/>
            <object_component_ref idref="oc-45"/>
            <object_component_ref idref="oc-49"/>
            <object_component_ref idref="oc-4d"/>
            <object_component_ref idref="oc-51"/>
            <object_component_ref idref="oc-55"/>
            <object_component_ref idref="oc-5b"/>
            <object_component_ref idref="oc-5e"/>
            <object_component_ref idref="oc-62"/>
            <object_component_ref idref="oc-67"/>
            <object_component_ref idref="oc-6d"/>
            <object_component_ref idref="oc-72"/>
            <object_component_ref idref="oc-77"/>
            <object_component_ref idref="oc-bc"/>
         </contents>
      </logical_group>
      <logical_group id="lg-9e" display="never" color="cyan">
         <name>.debug_frame</name>
         <load_address>0x0</load_address>
         <run_address>0x0</run_address>
         <size>0x666</size>
         <contents>
            <object_component_ref idref="oc-8"/>
            <object_component_ref idref="oc-f"/>
            <object_component_ref idref="oc-14"/>
            <object_component_ref idref="oc-20"/>
            <object_component_ref idref="oc-25"/>
            <object_component_ref idref="oc-2a"/>
            <object_component_ref idref="oc-31"/>
            <object_component_ref idref="oc-56"/>
            <object_component_ref idref="oc-69"/>
            <object_component_ref idref="oc-6e"/>
            <object_component_ref idref="oc-73"/>
            <object_component_ref idref="oc-78"/>
         </contents>
      </logical_group>
      <logical_group id="lg-a0" display="never" color="cyan">
         <name>.debug_line</name>
         <load_address>0x0</load_address>
         <run_address>0x0</run_address>
         <size>0xd15</size>
         <contents>
            <object_component_ref idref="oc-9"/>
            <object_component_ref idref="oc-10"/>
            <object_component_ref idref="oc-15"/>
            <object_component_ref idref="oc-1c"/>
            <object_component_ref idref="oc-21"/>
            <object_component_ref idref="oc-26"/>
            <object_component_ref idref="oc-2b"/>
            <object_component_ref idref="oc-32"/>
            <object_component_ref idref="oc-36"/>
            <object_component_ref idref="oc-3a"/>
            <object_component_ref idref="oc-3e"/>
            <object_component_ref idref="oc-42"/>
            <object_component_ref idref="oc-46"/>
            <object_component_ref idref="oc-4a"/>
            <object_component_ref idref="oc-4e"/>
            <object_component_ref idref="oc-52"/>
            <object_component_ref idref="oc-57"/>
            <object_component_ref idref="oc-5f"/>
            <object_component_ref idref="oc-63"/>
            <object_component_ref idref="oc-6a"/>
            <object_component_ref idref="oc-6f"/>
            <object_component_ref idref="oc-74"/>
            <object_component_ref idref="oc-79"/>
         </contents>
      </logical_group>
      <logical_group id="lg-a2" display="never" color="cyan">
         <name>.debug_abbrev</name>
         <load_address>0x0</load_address>
         <run_address>0x0</run_address>
         <size>0xd93</size>
         <contents>
            <object_component_ref idref="oc-a"/>
            <object_component_ref idref="oc-11"/>
            <object_component_ref idref="oc-16"/>
            <object_component_ref idref="oc-1d"/>
            <object_component_ref idref="oc-22"/>
            <object_component_ref idref="oc-27"/>
            <object_component_ref idref="oc-2c"/>
            <object_component_ref idref="oc-33"/>
            <object_component_ref idref="oc-37"/>
            <object_component_ref idref="oc-3b"/>
            <object_component_ref idref="oc-3f"/>
            <object_component_ref idref="oc-43"/>
            <object_component_ref idref="oc-47"/>
            <object_component_ref idref="oc-4b"/>
            <object_component_ref idref="oc-4f"/>
            <object_component_ref idref="oc-53"/>
            <object_component_ref idref="oc-58"/>
            <object_component_ref idref="oc-5d"/>
            <object_component_ref idref="oc-60"/>
            <object_component_ref idref="oc-64"/>
            <object_component_ref idref="oc-6b"/>
            <object_component_ref idref="oc-70"/>
            <object_component_ref idref="oc-75"/>
            <object_component_ref idref="oc-7a"/>
            <object_component_ref idref="oc-bd"/>
         </contents>
      </logical_group>
      <logical_group id="lg-a4" display="never" color="cyan">
         <name>.debug_aranges</name>
         <load_address>0x0</load_address>
         <run_address>0x0</run_address>
         <size>0x3c0</size>
         <contents>
            <object_component_ref idref="oc-b"/>
            <object_component_ref idref="oc-12"/>
            <object_component_ref idref="oc-17"/>
            <object_component_ref idref="oc-1e"/>
            <object_component_ref idref="oc-23"/>
            <object_component_ref idref="oc-28"/>
            <object_component_ref idref="oc-2d"/>
            <object_component_ref idref="oc-34"/>
            <object_component_ref idref="oc-38"/>
            <object_component_ref idref="oc-3c"/>
            <object_component_ref idref="oc-40"/>
            <object_component_ref idref="oc-44"/>
            <object_component_ref idref="oc-48"/>
            <object_component_ref idref="oc-4c"/>
            <object_component_ref idref="oc-50"/>
            <object_component_ref idref="oc-54"/>
            <object_component_ref idref="oc-59"/>
            <object_component_ref idref="oc-61"/>
            <object_component_ref idref="oc-65"/>
            <object_component_ref idref="oc-6c"/>
            <object_component_ref idref="oc-71"/>
            <object_component_ref idref="oc-76"/>
            <object_component_ref idref="oc-7b"/>
         </contents>
      </logical_group>
      <logical_group id="lg-a6" display="no" color="cyan">
         <name>.stack</name>
         <run_address>0x1de4</run_address>
         <size>0x320</size>
         <contents>
            <object_component_ref idref="oc-19"/>
            <object_component_ref idref="oc-aa"/>
         </contents>
      </logical_group>
   </logical_group_list>
   <placement_map>
      <memory_area display="yes" color="green">
         <name>RAM</name>
         <page_id>0x0</page_id>
         <origin>0x0</origin>
         <length>0xffffffff</length>
         <used_space>0x2104</used_space>
         <unused_space>0xffffdefb</unused_space>
         <attributes>RWIX</attributes>
         <usage_details>
            <allocated_space>
               <start_address>0x0</start_address>
               <size>0x0</size>
               <logical_group_ref idref="lg-92"/>
            </allocated_space>
            <allocated_space>
               <start_address>0x0</start_address>
               <size>0x1d54</size>
               <logical_group_ref idref="lg-90"/>
            </allocated_space>
            <allocated_space>
               <start_address>0x1d54</start_address>
               <size>0x54</size>
               <logical_group_ref idref="lg-94"/>
            </allocated_space>
            <allocated_space>
               <start_address>0x1da8</start_address>
               <size>0x3c</size>
               <logical_group_ref idref="lg-93"/>
            </allocated_space>
            <allocated_space>
               <start_address>0x1de4</start_address>
               <size>0x320</size>
               <logical_group_ref idref="lg-a6"/>
            </allocated_space>
            <available_space>
               <start_address>0x2104</start_address>
               <size>0xffffdefb</size>
            </available_space>
         </usage_details>
      </memory_area>
   </placement_map>
   <symbol_table>
      <symbol id="sm-0">
         <name>cinit</name>
         <value>0x1d54</value>
      </symbol>
      <symbol id="sm-1">
         <name>___cinit__</name>
         <value>0x1d54</value>
      </symbol>
      <symbol id="sm-2">
         <name>pinit</name>
         <value>0xffffffff</value>
      </symbol>
      <symbol id="sm-3">
         <name>___pinit__</name>
         <value>0xffffffff</value>
      </symbol>
      <symbol id="sm-4">
         <name>binit</name>
         <value>0xffffffff</value>
      </symbol>
      <symbol id="sm-5">
         <name>___binit__</name>
         <value>0xffffffff</value>
      </symbol>
      <symbol id="sm-6">
         <name>__STACK_SIZE</name>
         <value>0x320</value>
      </symbol>
      <symbol id="sm-7">
         <name>__STACK_END</name>
         <value>0x2104</value>
      </symbol>
      <symbol id="sm-8">
         <name>___c_args__</name>
         <value>0xffffffff</value>
      </symbol>
      <symbol id="sm-9">
         <name>.text</name>
         <value>0x0</value>
      </symbol>
      <symbol id="sm-a">
         <name>___text__</name>
         <value>0x0</value>
      </symbol>
      <symbol id="sm-b">
         <name>etext</name>
         <value>0x1d54</value>
      </symbol>
      <symbol id="sm-c">
         <name>___etext__</name>
         <value>0x1d54</value>
      </symbol>
      <symbol id="sm-d">
         <name>.data</name>
         <value>0x0</value>
      </symbol>
      <symbol id="sm-e">
         <name>___data__</name>
         <value>0x0</value>
      </symbol>
      <symbol id="sm-f">
         <name>edata</name>
         <value>0x0</value>
      </symbol>
      <symbol id="sm-10">
         <name>___edata__</name>
         <value>0x0</value>
      </symbol>
      <symbol id="sm-11">
         <name>.bss</name>
         <value>0x1da8</value>
      </symbol>
      <symbol id="sm-12">
         <name>___bss__</name>
         <value>0x1da8</value>
      </symbol>
      <symbol id="sm-13">
         <name>end</name>
         <value>0x1de4</value>
      </symbol>
      <symbol id="sm-14">
         <name>___end__</name>
         <value>0x1de4</value>
      </symbol>
      <symbol id="sm-57">
         <name>_writeMessage</name>
         <value>0x1298</value>
         <object_component_ref idref="oc-87"/>
      </symbol>
      <symbol id="sm-58">
         <name>_clearLCD</name>
         <value>0x11c8</value>
         <object_component_ref idref="oc-87"/>
      </symbol>
      <symbol id="sm-59">
         <name>_writeChar</name>
         <value>0x1224</value>
         <object_component_ref idref="oc-87"/>
      </symbol>
      <symbol id="sm-5a">
         <name>_moveCursor</name>
         <value>0x1350</value>
         <object_component_ref idref="oc-87"/>
      </symbol>
      <symbol id="sm-5b">
         <name>_writeCommand</name>
         <value>0x125c</value>
         <object_component_ref idref="oc-87"/>
      </symbol>
      <symbol id="sm-5c">
         <name>_initializeLCD</name>
         <value>0x1180</value>
         <object_component_ref idref="oc-87"/>
      </symbol>
      <symbol id="sm-5d">
         <name>_sendSignal</name>
         <value>0x12f0</value>
         <object_component_ref idref="oc-87"/>
      </symbol>
      <symbol id="sm-5e">
         <name>_setCursorPosition</name>
         <value>0x11e0</value>
         <object_component_ref idref="oc-87"/>
      </symbol>
      <symbol id="sm-f8">
         <name>_main</name>
         <value>0xd90</value>
         <object_component_ref idref="oc-85"/>
      </symbol>
      <symbol id="sm-f9">
         <name>_time_min</name>
         <value>0x1db6</value>
         <object_component_ref idref="oc-c"/>
      </symbol>
      <symbol id="sm-fa">
         <name>_I2CReceive</name>
         <value>0x1c0</value>
         <object_component_ref idref="oc-85"/>
      </symbol>
      <symbol id="sm-fb">
         <name>_RunDateSetup</name>
         <value>0xaec</value>
         <object_component_ref idref="oc-85"/>
      </symbol>
      <symbol id="sm-fc">
         <name>_DisplayCurrentRTCValue</name>
         <value>0x5bc</value>
         <object_component_ref idref="oc-85"/>
      </symbol>
      <symbol id="sm-fd">
         <name>_time_sec</name>
         <value>0x1db4</value>
         <object_component_ref idref="oc-c"/>
      </symbol>
      <symbol id="sm-fe">
         <name>_RunAlarmSetup</name>
         <value>0xc30</value>
         <object_component_ref idref="oc-85"/>
      </symbol>
      <symbol id="sm-ff">
         <name>_AdjustPositionValue</name>
         <value>0x978</value>
         <object_component_ref idref="oc-85"/>
      </symbol>
      <symbol id="sm-100">
         <name>_pwmClockFreq</name>
         <value>0x1da8</value>
         <object_component_ref idref="oc-c"/>
      </symbol>
      <symbol id="sm-101">
         <name>_DisplayTimeDateValue_NoRTC</name>
         <value>0x370</value>
         <object_component_ref idref="oc-85"/>
      </symbol>
      <symbol id="sm-102">
         <name>_SetTimeDate</name>
         <value>0x2a8</value>
         <object_component_ref idref="oc-85"/>
      </symbol>
      <symbol id="sm-103">
         <name>_ENTER_PUSH_FLAG</name>
         <value>0x1dc8</value>
         <object_component_ref idref="oc-c"/>
      </symbol>
      <symbol id="sm-104">
         <name>_ENTER_PUSHB_INTERRUPT</name>
         <value>0xcd0</value>
         <object_component_ref idref="oc-85"/>
      </symbol>
      <symbol id="sm-105">
         <name>_dec2bcd</name>
         <value>0x240</value>
         <object_component_ref idref="oc-85"/>
      </symbol>
      <symbol id="sm-106">
         <name>_I2CSend</name>
         <value>0x7c</value>
         <object_component_ref idref="oc-85"/>
      </symbol>
      <symbol id="sm-107">
         <name>_pwmLoadValue</name>
         <value>0x1dac</value>
         <object_component_ref idref="oc-c"/>
      </symbol>
      <symbol id="sm-108">
         <name>_date_month</name>
         <value>0x1dbc</value>
         <object_component_ref idref="oc-c"/>
      </symbol>
      <symbol id="sm-109">
         <name>_date_day</name>
         <value>0x1dba</value>
         <object_component_ref idref="oc-c"/>
      </symbol>
      <symbol id="sm-10a">
         <name>_date_year</name>
         <value>0x1dbe</value>
         <object_component_ref idref="oc-c"/>
      </symbol>
      <symbol id="sm-10b">
         <name>_UP_DOWN_PUSHB_INTERRUPT</name>
         <value>0xd48</value>
         <object_component_ref idref="oc-85"/>
      </symbol>
      <symbol id="sm-10c">
         <name>_alarm_min</name>
         <value>0x1dc2</value>
         <object_component_ref idref="oc-c"/>
      </symbol>
      <symbol id="sm-10d">
         <name>_DisplayCurrentAlarmValue</name>
         <value>0x858</value>
         <object_component_ref idref="oc-85"/>
      </symbol>
      <symbol id="sm-10e">
         <name>_alarm_hour</name>
         <value>0x1dc4</value>
         <object_component_ref idref="oc-c"/>
      </symbol>
      <symbol id="sm-10f">
         <name>_CURRENT_DISPLAY_INFO</name>
         <value>0x1dc7</value>
         <object_component_ref idref="oc-c"/>
      </symbol>
      <symbol id="sm-110">
         <name>_time_hour</name>
         <value>0x1db8</value>
         <object_component_ref idref="oc-c"/>
      </symbol>
      <symbol id="sm-111">
         <name>_alarm_sec</name>
         <value>0x1dc0</value>
         <object_component_ref idref="oc-c"/>
      </symbol>
      <symbol id="sm-112">
         <name>_VALUE_POSITION</name>
         <value>0x1dc9</value>
         <object_component_ref idref="oc-c"/>
      </symbol>
      <symbol id="sm-113">
         <name>_bcd2dec</name>
         <value>0x274</value>
         <object_component_ref idref="oc-85"/>
      </symbol>
      <symbol id="sm-114">
         <name>_InitializeI2C</name>
         <value>0x0</value>
         <object_component_ref idref="oc-85"/>
      </symbol>
      <symbol id="sm-115">
         <name>_GetClock</name>
         <value>0x348</value>
         <object_component_ref idref="oc-85"/>
      </symbol>
      <symbol id="sm-116">
         <name>__globalSystemClock</name>
         <value>0x1db0</value>
         <object_component_ref idref="oc-c"/>
      </symbol>
      <symbol id="sm-117">
         <name>_CLOCK_STATE</name>
         <value>0x1dc6</value>
         <object_component_ref idref="oc-c"/>
      </symbol>
      <symbol id="sm-118">
         <name>_UP_DOWN_PUSH_VAL</name>
         <value>0x1dca</value>
         <object_component_ref idref="oc-c"/>
      </symbol>
      <symbol id="sm-119">
         <name>_RunTimeSetup</name>
         <value>0xb84</value>
         <object_component_ref idref="oc-85"/>
      </symbol>
      <symbol id="sm-132">
         <name>_computeDelayCountMicrosec</name>
         <value>0x15f4</value>
         <object_component_ref idref="oc-88"/>
      </symbol>
      <symbol id="sm-133">
         <name>_computeDelayCount</name>
         <value>0x1588</value>
         <object_component_ref idref="oc-88"/>
      </symbol>
      <symbol id="sm-134">
         <name>_setDelay</name>
         <value>0x1660</value>
         <object_component_ref idref="oc-88"/>
      </symbol>
      <symbol id="sm-135">
         <name>_setDelayMicro</name>
         <value>0x1680</value>
         <object_component_ref idref="oc-88"/>
      </symbol>
      <symbol id="sm-150">
         <name>_c_int00</name>
         <value>0x1c48</value>
         <object_component_ref idref="oc-6"/>
      </symbol>
      <symbol id="sm-151">
         <name>__stack</name>
         <value>0x1de4</value>
         <object_component_ref idref="oc-19"/>
      </symbol>
      <symbol id="sm-152">
         <name>_stkchk_called</name>
         <value>0x1ddc</value>
         <object_component_ref idref="oc-18"/>
      </symbol>
      <symbol id="sm-18f">
         <name>C$$EXIT</name>
         <value>0x19d0</value>
         <object_component_ref idref="oc-82"/>
      </symbol>
      <symbol id="sm-190">
         <name>_exit</name>
         <value>0x19e4</value>
         <object_component_ref idref="oc-82"/>
      </symbol>
      <symbol id="sm-191">
         <name>___TI_cleanup_ptr</name>
         <value>0x1dd4</value>
         <object_component_ref idref="oc-2e"/>
      </symbol>
      <symbol id="sm-192">
         <name>_abort</name>
         <value>0x19d8</value>
         <object_component_ref idref="oc-82"/>
      </symbol>
      <symbol id="sm-193">
         <name>___TI_dtors_ptr</name>
         <value>0x1dd8</value>
         <object_component_ref idref="oc-2e"/>
      </symbol>
      <symbol id="sm-1af">
         <name>FD_MUL</name>
         <value>0x16c8</value>
         <object_component_ref idref="oc-8b"/>
      </symbol>
      <symbol id="sm-1c0">
         <name>FD_TOFS</name>
         <value>0x1bf4</value>
         <object_component_ref idref="oc-8f"/>
      </symbol>
      <symbol id="sm-1d2">
         <name>FD_TOU</name>
         <value>0x1b9c</value>
         <object_component_ref idref="oc-8c"/>
      </symbol>
      <symbol id="sm-1e5">
         <name>FS_TOFD</name>
         <value>0x1b40</value>
         <object_component_ref idref="oc-8e"/>
      </symbol>
      <symbol id="sm-203">
         <name>I_MOD</name>
         <value>0x17f4</value>
         <object_component_ref idref="oc-86"/>
      </symbol>
      <symbol id="sm-204">
         <name>I$DIV</name>
         <value>0x17f0</value>
         <object_component_ref idref="oc-86"/>
      </symbol>
      <symbol id="sm-205">
         <name>I$MOD</name>
         <value>0x17f0</value>
         <object_component_ref idref="oc-86"/>
      </symbol>
      <symbol id="sm-206">
         <name>I_DIV</name>
         <value>0x17f4</value>
         <object_component_ref idref="oc-86"/>
      </symbol>
      <symbol id="sm-217">
         <name>I_TOFD</name>
         <value>0x1c98</value>
         <object_component_ref idref="oc-8d"/>
      </symbol>
      <symbol id="sm-235">
         <name>C_MEMCPY</name>
         <value>0x1408</value>
         <object_component_ref idref="oc-7c"/>
      </symbol>
      <symbol id="sm-24c">
         <name>__system_pre_init</name>
         <value>0x1d4c</value>
         <object_component_ref idref="oc-7f"/>
      </symbol>
      <symbol id="sm-257">
         <name>_main_func_sp</name>
         <value>0x1de0</value>
         <object_component_ref idref="oc-5a"/>
      </symbol>
      <symbol id="sm-274">
         <name>U$MOD</name>
         <value>0x18f0</value>
         <object_component_ref idref="oc-89"/>
      </symbol>
      <symbol id="sm-275">
         <name>U_DIV</name>
         <value>0x18f4</value>
         <object_component_ref idref="oc-89"/>
      </symbol>
      <symbol id="sm-276">
         <name>U_MOD</name>
         <value>0x18f4</value>
         <object_component_ref idref="oc-89"/>
      </symbol>
      <symbol id="sm-277">
         <name>U$DIV</name>
         <value>0x18f0</value>
         <object_component_ref idref="oc-89"/>
      </symbol>
      <symbol id="sm-288">
         <name>U_TOFD</name>
         <value>0x1cd4</value>
         <object_component_ref idref="oc-8a"/>
      </symbol>
      <symbol id="sm-2a4">
         <name>__unlock</name>
         <value>0x1dd0</value>
         <object_component_ref idref="oc-66"/>
      </symbol>
      <symbol id="sm-2a5">
         <name>__lock</name>
         <value>0x1dcc</value>
         <object_component_ref idref="oc-66"/>
      </symbol>
      <symbol id="sm-2a6">
         <name>__register_lock</name>
         <value>0x1d14</value>
         <object_component_ref idref="oc-83"/>
      </symbol>
      <symbol id="sm-2a7">
         <name>__nop</name>
         <value>0x1d20</value>
         <object_component_ref idref="oc-83"/>
      </symbol>
      <symbol id="sm-2a8">
         <name>__register_unlock</name>
         <value>0x1d08</value>
         <object_component_ref idref="oc-83"/>
      </symbol>
      <symbol id="sm-2b9">
         <name>__args_main</name>
         <value>0x1d2c</value>
         <object_component_ref idref="oc-81"/>
      </symbol>
      <symbol id="sm-2d3">
         <name>__TI_auto_init</name>
         <value>0x1a5c</value>
         <object_component_ref idref="oc-80"/>
      </symbol>
      <symbol id="sm-2e4">
         <name>_copy_in</name>
         <value>0x1ae4</value>
         <object_component_ref idref="oc-84"/>
      </symbol>
      <symbol id="sm-2e7">
         <name>_SysCtlDelay</name>
         <value>0x0</value>
      </symbol>
      <symbol id="sm-2e8">
         <name>_GPIOPinWrite</name>
         <value>0x0</value>
      </symbol>
      <symbol id="sm-2e9">
         <name>_SysCtlPeripheralEnable</name>
         <value>0x0</value>
      </symbol>
      <symbol id="sm-2ea">
         <name>_SysCtlPeripheralReset</name>
         <value>0x0</value>
      </symbol>
      <symbol id="sm-2eb">
         <name>_GPIOPinTypeI2CSCL</name>
         <value>0x0</value>
      </symbol>
      <symbol id="sm-2ec">
         <name>_GPIOPinTypeI2C</name>
         <value>0x0</value>
      </symbol>
      <symbol id="sm-2ed">
         <name>_GPIOPinConfigure</name>
         <value>0x0</value>
      </symbol>
      <symbol id="sm-2ee">
         <name>_I2CTxFIFOConfigSet</name>
         <value>0x0</value>
      </symbol>
      <symbol id="sm-2ef">
         <name>_I2CMasterInitExpClk</name>
         <value>0x0</value>
      </symbol>
      <symbol id="sm-2f0">
         <name>_I2CRxFIFOFlush</name>
         <value>0x0</value>
      </symbol>
      <symbol id="sm-2f1">
         <name>_I2CTxFIFOFlush</name>
         <value>0x0</value>
      </symbol>
      <symbol id="sm-2f2">
         <name>_I2CMasterSlaveAddrSet</name>
         <value>0x0</value>
      </symbol>
      <symbol id="sm-2f3">
         <name>_I2CMasterDataPut</name>
         <value>0x0</value>
      </symbol>
      <symbol id="sm-2f4">
         <name>_I2CMasterControl</name>
         <value>0x0</value>
      </symbol>
      <symbol id="sm-2f5">
         <name>_I2CMasterBusy</name>
         <value>0x0</value>
      </symbol>
      <symbol id="sm-2f6">
         <name>_I2CMasterDataGet</name>
         <value>0x0</value>
      </symbol>
      <symbol id="sm-2f7">
         <name>_GPIOIntClear</name>
         <value>0x0</value>
      </symbol>
      <symbol id="sm-2f8">
         <name>_GPIOIntStatus</name>
         <value>0x0</value>
      </symbol>
      <symbol id="sm-2f9">
         <name>_SysCtlClockSet</name>
         <value>0x0</value>
      </symbol>
      <symbol id="sm-2fa">
         <name>_SysCtlClockGet</name>
         <value>0x0</value>
      </symbol>
      <symbol id="sm-2fb">
         <name>_GPIODirModeSet</name>
         <value>0x0</value>
      </symbol>
      <symbol id="sm-2fc">
         <name>_GPIOPadConfigSet</name>
         <value>0x0</value>
      </symbol>
      <symbol id="sm-2fd">
         <name>_GPIOIntRegister</name>
         <value>0x0</value>
      </symbol>
      <symbol id="sm-2fe">
         <name>_GPIOIntTypeSet</name>
         <value>0x0</value>
      </symbol>
      <symbol id="sm-2ff">
         <name>_GPIOIntEnable</name>
         <value>0x0</value>
      </symbol>
      <symbol id="sm-300">
         <name>_SysCtlPWMClockSet</name>
         <value>0x0</value>
      </symbol>
      <symbol id="sm-301">
         <name>_GPIOPinTypePWM</name>
         <value>0x0</value>
      </symbol>
      <symbol id="sm-302">
         <name>_PWMGenConfigure</name>
         <value>0x0</value>
      </symbol>
      <symbol id="sm-303">
         <name>_PWMGenPeriodSet</name>
         <value>0x0</value>
      </symbol>
      <symbol id="sm-304">
         <name>_PWMPulseWidthSet</name>
         <value>0x0</value>
      </symbol>
      <symbol id="sm-305">
         <name>_PWMOutputState</name>
         <value>0x0</value>
      </symbol>
      <symbol id="sm-306">
         <name>_PWMGenEnable</name>
         <value>0x0</value>
      </symbol>
      <symbol id="sm-307">
         <name>_GPIOPinTypeGPIOOutput</name>
         <value>0x0</value>
      </symbol>
   </symbol_table>
   <title>Link errors: red sections failed placement</title>
</link_info>
