******************************************************************************
                  TI ARM Linker PC v5.2.2                      
******************************************************************************
>> Linked Mon Feb 20 19:50:20 2017

OUTPUT FILE NAME:   <Experiment2_LCD.out>
ENTRY POINT SYMBOL: "_c_int00"  address: 00000a05


MEMORY CONFIGURATION

         name            origin    length      used     unused   attr    fill
----------------------  --------  ---------  --------  --------  ----  --------
  FLASH                 00000000   00040000  00000c5e  0003f3a2  R  X
  SRAM                  20000000   00008000  00000334  00007ccc  RW X


SEGMENT ALLOCATION MAP

run origin  load origin   length   init length attrs members
----------  ----------- ---------- ----------- ----- -------
00000000    00000000    00000c60   00000c60    r-x
  00000000    00000000    0000026c   0000026c    r-- .intvecs
  0000026c    0000026c    000009c2   000009c2    r-x .text
  00000c2e    00000c2e    00000010   00000010    r-- .const
  00000c40    00000c40    00000020   00000020    r-- .cinit
20000000    20000000    00000334   00000000    rw-
  20000000    20000000    00000320   00000000    rw- .stack
  20000320    20000320    00000014   00000000    rw- .data


SECTION ALLOCATION MAP

 output                                  attributes/
section   page    origin      length       input sections
--------  ----  ----------  ----------   ----------------
.intvecs   0    00000000    0000026c     
                  00000000    0000026c     tm4c123gh6pm_startup_ccs.obj (.intvecs)

.text      0    0000026c    000009c2     
                  0000026c    000001c0     MIL_LCD_lib.obj (.text)
                  0000042c    00000130     driverlib.lib : gpio.obj (.text:GPIOPadConfigSet)
                  0000055c    000000fc     rtsv7M4_T_le_v4SPD16_eabi.lib : fd_mul_t2.obj (.text)
                  00000658    000000f0     driverlib.lib : sysctl.obj (.text:SysCtlClockSet)
                  00000748    000000cc     main.obj (.text)
                  00000814    0000009c     rtsv7M4_T_le_v4SPD16_eabi.lib : memcpy_t2.obj (.text)
                  000008b0    0000007a                                   : memset_t2.obj (.text)
                  0000092a    00000002     --HOLE-- [fill = 0]
                  0000092c    0000006c                                   : autoinit.obj (.text)
                  00000998    0000006a                                   : copy_decompress_rle.obj (.text)
                  00000a02    00000002     --HOLE-- [fill = 0]
                  00000a04    00000050                                   : boot.obj (.text)
                  00000a54    0000004c                                   : cpy_tbl.obj (.text)
                  00000aa0    00000044                                   : exit.obj (.text)
                  00000ae4    00000044                                   : fd_tou_t2.obj (.text)
                  00000b28    00000034     driverlib.lib : sysctl.obj (.text:SysCtlPeripheralEnable)
                  00000b5c    0000002a                   : gpio.obj (.text:GPIODirModeSet)
                  00000b86    00000020     rtsv7M4_T_le_v4SPD16_eabi.lib : u_tofd_t2.obj (.text)
                  00000ba6    00000018     driverlib.lib : gpio.obj (.text:GPIOPinTypeGPIOOutput)
                  00000bbe    00000002     --HOLE-- [fill = 0]
                  00000bc0    00000018     rtsv7M4_T_le_v4SPD16_eabi.lib : args_main.obj (.text)
                  00000bd8    00000014                                   : _lock.obj (.text)
                  00000bec    00000012     driverlib.lib : gpio.obj (.text:GPIOPinTypeGPIOInput)
                  00000bfe    0000000e     rtsv7M4_T_le_v4SPD16_eabi.lib : copy_decompress_none.obj (.text:decompress:none)
                  00000c0c    0000000c     tm4c123gh6pm_startup_ccs.obj (.text)
                  00000c18    00000006     driverlib.lib : gpio.obj (.text:GPIOPinWrite)
                  00000c1e    00000006                   : sysctl.obj (.text:SysCtlDelay)
                  00000c24    00000006     rtsv7M4_T_le_v4SPD16_eabi.lib : copy_decompress_rle.obj (.text:decompress:rle24)
                  00000c2a    00000004                                   : pre_init.obj (.text)

.const     0    00000c2e    00000010     
                  00000c2e    00000010     main.obj (.const:.string)

.cinit     0    00000c40    00000020     
                  00000c40    0000000f     (.cinit..data.load) [load image, compression = rle]
                  00000c4f    00000001     --HOLE-- [fill = 0]
                  00000c50    00000008     (__TI_handler_table)
                  00000c58    00000008     (__TI_cinit_table)

.init_array 
*          0    00000000    00000000     UNINITIALIZED

.stack     0    20000000    00000320     UNINITIALIZED
                  20000000    00000320     --HOLE--

.data      0    20000320    00000014     UNINITIALIZED
                  20000320    00000008     rtsv7M4_T_le_v4SPD16_eabi.lib : _lock.obj (.data)
                  20000328    00000008                                   : exit.obj (.data)
                  20000330    00000004                                   : stkdepth_vars.obj (.data)

.TI.persistent 
*          0    20000320    00000000     UNINITIALIZED


LINKER GENERATED COPY TABLES

__TI_cinit_table @ 00000c58 records: 1, size/record: 8, table size: 8
	.data: load addr=00000c40, load size=0000000f bytes, run addr=20000320, run size=00000014 bytes, compression=rle


LINKER GENERATED HANDLER TABLE

__TI_handler_table @ 00000c50 records: 2, size/record: 4, table size: 8
	index: 0, handler: __TI_decompress_rle24
	index: 1, handler: __TI_decompress_none


GLOBAL SYMBOLS: SORTED ALPHABETICALLY BY Name 

address   name                    
-------   ----                    
00000aa1  C$$EXIT                 
00000b5d  GPIODirModeSet          
0000042d  GPIOPadConfigSet        
00000bed  GPIOPinTypeGPIOInput    
00000ba7  GPIOPinTypeGPIOOutput   
00000c19  GPIOPinWrite            
00000c0d  ResetISR                
UNDEFED   SHT$$INIT_ARRAY$$Base   
UNDEFED   SHT$$INIT_ARRAY$$Limit  
00000659  SysCtlClockSet          
00000c1f  SysCtlDelay             
00000b29  SysCtlPeripheralEnable  
20000320  __STACK_END             
00000320  __STACK_SIZE            
20000200  __STACK_TOP             
00000c58  __TI_CINIT_Base         
00000c60  __TI_CINIT_Limit        
00000c50  __TI_Handler_Table_Base 
00000c58  __TI_Handler_Table_Limit
0000092d  __TI_auto_init          
20000328  __TI_cleanup_ptr        
00000bff  __TI_decompress_none    
00000c25  __TI_decompress_rle24   
2000032c  __TI_dtors_ptr          
00000000  __TI_static_base__      
00000ae5  __aeabi_d2uiz           
0000055d  __aeabi_dmul            
000008b1  __aeabi_memclr          
000008b1  __aeabi_memclr4         
000008b1  __aeabi_memclr8         
00000815  __aeabi_memcpy          
00000815  __aeabi_memcpy4         
00000815  __aeabi_memcpy8         
000008b3  __aeabi_memset          
000008b3  __aeabi_memset4         
000008b3  __aeabi_memset8         
00000b87  __aeabi_ui2d            
ffffffff  __binit__               
ffffffff  __c_args__              
20000000  __stack                 
00000bc1  _args_main              
00000a05  _c_int00                
20000320  _lock                   
00000be7  _nop                    
00000bdf  _register_lock          
00000bd9  _register_unlock        
00000c2b  _system_pre_init        
20000324  _unlock                 
00000aa5  abort                   
ffffffff  binit                   
0000029b  clearLCD                
00000a55  copy_in                 
00000aad  exit                    
00000000  g_pfnVectors            
0000026d  initializeLCD           
00000749  main                    
20000330  main_func_sp            
00000815  memcpy                  
000008b9  memset                  
000003a9  moveCursor              
00000365  sendSignal              
000002a7  setCursorPosition       
000002d7  writeChar               
000002fd  writeCommand            
00000329  writeMessage            


GLOBAL SYMBOLS: SORTED BY Symbol Address 

address   name                    
-------   ----                    
00000000  __TI_static_base__      
00000000  g_pfnVectors            
0000026d  initializeLCD           
0000029b  clearLCD                
000002a7  setCursorPosition       
000002d7  writeChar               
000002fd  writeCommand            
00000320  __STACK_SIZE            
00000329  writeMessage            
00000365  sendSignal              
000003a9  moveCursor              
0000042d  GPIOPadConfigSet        
0000055d  __aeabi_dmul            
00000659  SysCtlClockSet          
00000749  main                    
00000815  __aeabi_memcpy          
00000815  __aeabi_memcpy4         
00000815  __aeabi_memcpy8         
00000815  memcpy                  
000008b1  __aeabi_memclr          
000008b1  __aeabi_memclr4         
000008b1  __aeabi_memclr8         
000008b3  __aeabi_memset          
000008b3  __aeabi_memset4         
000008b3  __aeabi_memset8         
000008b9  memset                  
0000092d  __TI_auto_init          
00000a05  _c_int00                
00000a55  copy_in                 
00000aa1  C$$EXIT                 
00000aa5  abort                   
00000aad  exit                    
00000ae5  __aeabi_d2uiz           
00000b29  SysCtlPeripheralEnable  
00000b5d  GPIODirModeSet          
00000b87  __aeabi_ui2d            
00000ba7  GPIOPinTypeGPIOOutput   
00000bc1  _args_main              
00000bd9  _register_unlock        
00000bdf  _register_lock          
00000be7  _nop                    
00000bed  GPIOPinTypeGPIOInput    
00000bff  __TI_decompress_none    
00000c0d  ResetISR                
00000c19  GPIOPinWrite            
00000c1f  SysCtlDelay             
00000c25  __TI_decompress_rle24   
00000c2b  _system_pre_init        
00000c50  __TI_Handler_Table_Base 
00000c58  __TI_CINIT_Base         
00000c58  __TI_Handler_Table_Limit
00000c60  __TI_CINIT_Limit        
20000000  __stack                 
20000200  __STACK_TOP             
20000320  __STACK_END             
20000320  _lock                   
20000324  _unlock                 
20000328  __TI_cleanup_ptr        
2000032c  __TI_dtors_ptr          
20000330  main_func_sp            
ffffffff  __binit__               
ffffffff  __c_args__              
ffffffff  binit                   
UNDEFED   SHT$$INIT_ARRAY$$Base   
UNDEFED   SHT$$INIT_ARRAY$$Limit  

[65 symbols]
