******************************************************************************
                  TI ARM Linker PC v5.2.2                      
******************************************************************************
>> Linked Tue Apr 18 16:56:25 2017

OUTPUT FILE NAME:   <Experiment7_UART.out>
ENTRY POINT SYMBOL: "_c_int00"  address: 00000de9


MEMORY CONFIGURATION

         name            origin    length      used     unused   attr    fill
----------------------  --------  ---------  --------  --------  ----  --------
  FLASH                 00000000   00040000  0000139c  0003ec64  R  X
  SRAM                  20000000   00008000  0000022c  00007dd4  RW X


SEGMENT ALLOCATION MAP

run origin  load origin   length   init length attrs members
----------  ----------- ---------- ----------- ----- -------
00000000    00000000    000013a0   000013a0    r-x
  00000000    00000000    0000026c   0000026c    r-- .intvecs
  0000026c    0000026c    00000f8c   00000f8c    r-x .text
  000011f8    000011f8    0000016c   0000016c    r-- .const
  00001368    00001368    00000038   00000038    r-- .cinit
20000000    20000000    0000022c   00000000    rw-
  20000000    20000000    00000200   00000000    rw- .stack
  20000200    20000200    0000001c   00000000    rw- .data
  2000021c    2000021c    00000010   00000000    rw- .bss


SECTION ALLOCATION MAP

 output                                  attributes/
section   page    origin      length       input sections
--------  ----  ----------  ----------   ----------------
.intvecs   0    00000000    0000026c     
                  00000000    0000026c     tm4c123gh6pm_startup_ccs.obj (.intvecs)

.text      0    0000026c    00000f8c     
                  0000026c    00000258     main.obj (.text)
                  000004c4    000001c0     MIL_LCD_lib.obj (.text)
                  00000684    00000132     driverlib.lib : gpio.obj (.text:GPIOPadConfigSet)
                  000007b6    00000002     --HOLE-- [fill = 0]
                  000007b8    00000110                   : sysctl.obj (.text:SysCtlClockGet)
                  000008c8    000000fc     rtsv7M4_T_le_v4SPD16_eabi.lib : fd_mul_t2.obj (.text)
                  000009c4    000000f4     driverlib.lib : sysctl.obj (.text:SysCtlClockSet)
                  00000ab8    000000d8     tivaUtils.obj (.text)
                  00000b90    0000009c     rtsv7M4_T_le_v4SPD16_eabi.lib : memcpy_t2.obj (.text)
                  00000c2c    0000007a                                   : memset_t2.obj (.text)
                  00000ca6    00000002     --HOLE-- [fill = 0]
                  00000ca8    0000006c                                   : autoinit.obj (.text)
                  00000d14    0000006a                                   : copy_decompress_rle.obj (.text)
                  00000d7e    00000002     --HOLE-- [fill = 0]
                  00000d80    00000068     driverlib.lib : interrupt.obj (.text:IntEnable)
                  00000de8    00000050     rtsv7M4_T_le_v4SPD16_eabi.lib : boot.obj (.text)
                  00000e38    0000004c                                   : cpy_tbl.obj (.text)
                  00000e84    0000004a                                   : fd_tos_t2.obj (.text)
                  00000ece    00000002     --HOLE-- [fill = 0]
                  00000ed0    00000048     driverlib.lib : gpio.obj (.text:GPIOPinConfigure)
                  00000f18    00000046                   : uart.obj (.text:UARTConfigSetExpClk)
                  00000f5e    00000002     --HOLE-- [fill = 0]
                  00000f60    00000044     rtsv7M4_T_le_v4SPD16_eabi.lib : exit.obj (.text)
                  00000fa4    00000044                                   : fd_tou_t2.obj (.text)
                  00000fe8    00000038                                   : fs_tod_t2.obj (.text)
                  00001020    00000034     driverlib.lib : sysctl.obj (.text:SysCtlPeripheralEnable)
                  00001054    0000002e     rtsv7M4_T_le_v4SPD16_eabi.lib : i_tofd_t2.obj (.text)
                  00001082    0000002a     driverlib.lib : gpio.obj (.text:GPIODirModeSet)
                  000010ac    00000020                   : uart.obj (.text:UARTDisable)
                  000010cc    00000020     rtsv7M4_T_le_v4SPD16_eabi.lib : u_tofd_t2.obj (.text)
                  000010ec    00000018     driverlib.lib : gpio.obj (.text:GPIOPinTypeGPIOOutput)
                  00001104    00000018     rtsv7M4_T_le_v4SPD16_eabi.lib : args_main.obj (.text)
                  0000111c    00000014     driverlib.lib : uart.obj (.text:UARTEnable)
                  00001130    00000014     rtsv7M4_T_le_v4SPD16_eabi.lib : _lock.obj (.text)
                  00001144    00000012     driverlib.lib : gpio.obj (.text:GPIOPinTypeUART)
                  00001156    00000010                   : interrupt.obj (.text:IntMasterEnable)
                  00001166    0000000e                   : uart.obj (.text:UARTCharGetNonBlocking)
                  00001174    0000000e                   : uart.obj (.text:UARTCharPutNonBlocking)
                  00001182    0000000e                   : uart.obj (.text:UARTCharsAvail)
                  00001190    0000000e     rtsv7M4_T_le_v4SPD16_eabi.lib : copy_decompress_none.obj (.text:decompress:none)
                  0000119e    0000000c     driverlib.lib : cpu.obj (.text:CPUcpsie)
                  000011aa    0000000c     rtsv7M4_T_le_v4SPD16_eabi.lib : copy_zero_init.obj (.text:decompress:ZI)
                  000011b6    0000000c     tm4c123gh6pm_startup_ccs.obj (.text)
                  000011c2    0000000a     driverlib.lib : uart.obj (.text:UARTCharPut)
                  000011cc    0000000a                   : uart.obj (.text:UARTIntStatus)
                  000011d6    00000008                   : uart.obj (.text:UARTIntEnable)
                  000011de    00000006                   : gpio.obj (.text:GPIOPinWrite)
                  000011e4    00000006                   : sysctl.obj (.text:SysCtlDelay)
                  000011ea    00000006     rtsv7M4_T_le_v4SPD16_eabi.lib : copy_decompress_rle.obj (.text:decompress:rle24)
                  000011f0    00000004     driverlib.lib : uart.obj (.text:UARTIntClear)
                  000011f4    00000004     rtsv7M4_T_le_v4SPD16_eabi.lib : pre_init.obj (.text)

.const     0    000011f8    0000016c     
                  000011f8    00000090     driverlib.lib : gpio.obj (.const:g_pui32GPIOBaseAddrs)
                  00001288    00000070                   : interrupt.obj (.const)
                  000012f8    0000006c                   : sysctl.obj (.const:g_pui32Xtals)

.cinit     0    00001368    00000038     
                  00001368    00000013     (.cinit..data.load) [load image, compression = rle]
                  0000137b    00000001     --HOLE-- [fill = 0]
                  0000137c    0000000c     (__TI_handler_table)
                  00001388    00000008     (.cinit..bss.load) [load image, compression = zero_init]
                  00001390    00000010     (__TI_cinit_table)

.init_array 
*          0    00000000    00000000     UNINITIALIZED

.stack     0    20000000    00000200     UNINITIALIZED
                  20000000    00000200     --HOLE--

.data      0    20000200    0000001c     UNINITIALIZED
                  20000200    00000008     rtsv7M4_T_le_v4SPD16_eabi.lib : _lock.obj (.data)
                  20000208    00000008                                   : exit.obj (.data)
                  20000210    00000005     main.obj (.data)
                  20000215    00000003     --HOLE--
                  20000218    00000004     rtsv7M4_T_le_v4SPD16_eabi.lib : stkdepth_vars.obj (.data)

.bss       0    2000021c    00000010     UNINITIALIZED
                  2000021c    00000010     (.common:receivedChars)

.TI.persistent 
*          0    20000200    00000000     UNINITIALIZED

.TI.noinit 
*          0    2000021c    00000000     UNINITIALIZED


LINKER GENERATED COPY TABLES

__TI_cinit_table @ 00001390 records: 2, size/record: 8, table size: 16
	.data: load addr=00001368, load size=00000013 bytes, run addr=20000200, run size=0000001c bytes, compression=rle
	.bss: load addr=00001388, load size=00000008 bytes, run addr=2000021c, run size=00000010 bytes, compression=zero_init


LINKER GENERATED HANDLER TABLE

__TI_handler_table @ 0000137c records: 3, size/record: 4, table size: 12
	index: 0, handler: __TI_decompress_rle24
	index: 1, handler: __TI_decompress_none
	index: 2, handler: __TI_zero_init


GLOBAL SYMBOLS: SORTED ALPHABETICALLY BY Name 

address   name                     
-------   ----                     
00000f61  C$$EXIT                  
0000119f  CPUcpsie                 
00001083  GPIODirModeSet           
00000685  GPIOPadConfigSet         
00000ed1  GPIOPinConfigure         
000010ed  GPIOPinTypeGPIOOutput    
00001145  GPIOPinTypeUART          
000011df  GPIOPinWrite             
00000d81  IntEnable                
00001157  IntMasterEnable          
000011b7  ResetISR                 
UNDEFED   SHT$$INIT_ARRAY$$Base    
UNDEFED   SHT$$INIT_ARRAY$$Limit   
000007b9  SysCtlClockGet           
000009c5  SysCtlClockSet           
000011e5  SysCtlDelay              
00001021  SysCtlPeripheralEnable   
00001167  UARTCharGetNonBlocking   
000011c3  UARTCharPut              
00001175  UARTCharPutNonBlocking   
00001183  UARTCharsAvail           
00000f19  UARTConfigSetExpClk      
000010ad  UARTDisable              
0000111d  UARTEnable               
000011f1  UARTIntClear             
000011d7  UARTIntEnable            
0000033d  UARTIntHandler           
000011cd  UARTIntStatus            
20000200  __STACK_END              
00000200  __STACK_SIZE             
20000200  __STACK_TOP              
00001390  __TI_CINIT_Base          
000013a0  __TI_CINIT_Limit         
0000137c  __TI_Handler_Table_Base  
00001388  __TI_Handler_Table_Limit 
00000ca9  __TI_auto_init           
20000208  __TI_cleanup_ptr         
00001191  __TI_decompress_none     
000011eb  __TI_decompress_rle24    
2000020c  __TI_dtors_ptr           
00000000  __TI_static_base__       
000011ab  __TI_zero_init           
00000e85  __aeabi_d2f              
00000fa5  __aeabi_d2uiz            
000008c9  __aeabi_dmul             
00000fe9  __aeabi_f2d              
00001055  __aeabi_i2d              
00000c2d  __aeabi_memclr           
00000c2d  __aeabi_memclr4          
00000c2d  __aeabi_memclr8          
00000b91  __aeabi_memcpy           
00000b91  __aeabi_memcpy4          
00000b91  __aeabi_memcpy8          
00000c2f  __aeabi_memset           
00000c2f  __aeabi_memset4          
00000c2f  __aeabi_memset8          
000010cd  __aeabi_ui2d             
ffffffff  __binit__                
ffffffff  __c_args__               
20000000  __stack                  
00001105  _args_main               
00000de9  _c_int00                 
20000200  _lock                    
0000113f  _nop                     
00001137  _register_lock           
00001131  _register_unlock         
000011f5  _system_pre_init         
20000204  _unlock                  
00000f65  abort                    
ffffffff  binit                    
000004f3  clearLCD                 
00000ab9  computeDelayCount        
00000afd  computeDelayCountMicrosec
00000e39  copy_in                  
20000214  counter                  
20000210  cursorPosition           
00000f6d  exit                     
00000000  g_pfnVectors             
000004c5  initializeLCD            
0000026d  main                     
20000218  main_func_sp             
00000b91  memcpy                   
00000c35  memset                   
00000601  moveCursor               
2000021c  receivedChars            
0000040f  sendMessage              
000005bd  sendSignal               
000004ff  setCursorPosition        
00000b43  setDelay                 
00000b55  setDelayMicro            
0000052f  writeChar                
00000555  writeCommand             
00000581  writeMessage             


GLOBAL SYMBOLS: SORTED BY Symbol Address 

address   name                     
-------   ----                     
00000000  __TI_static_base__       
00000000  g_pfnVectors             
00000200  __STACK_SIZE             
0000026d  main                     
0000033d  UARTIntHandler           
0000040f  sendMessage              
000004c5  initializeLCD            
000004f3  clearLCD                 
000004ff  setCursorPosition        
0000052f  writeChar                
00000555  writeCommand             
00000581  writeMessage             
000005bd  sendSignal               
00000601  moveCursor               
00000685  GPIOPadConfigSet         
000007b9  SysCtlClockGet           
000008c9  __aeabi_dmul             
000009c5  SysCtlClockSet           
00000ab9  computeDelayCount        
00000afd  computeDelayCountMicrosec
00000b43  setDelay                 
00000b55  setDelayMicro            
00000b91  __aeabi_memcpy           
00000b91  __aeabi_memcpy4          
00000b91  __aeabi_memcpy8          
00000b91  memcpy                   
00000c2d  __aeabi_memclr           
00000c2d  __aeabi_memclr4          
00000c2d  __aeabi_memclr8          
00000c2f  __aeabi_memset           
00000c2f  __aeabi_memset4          
00000c2f  __aeabi_memset8          
00000c35  memset                   
00000ca9  __TI_auto_init           
00000d81  IntEnable                
00000de9  _c_int00                 
00000e39  copy_in                  
00000e85  __aeabi_d2f              
00000ed1  GPIOPinConfigure         
00000f19  UARTConfigSetExpClk      
00000f61  C$$EXIT                  
00000f65  abort                    
00000f6d  exit                     
00000fa5  __aeabi_d2uiz            
00000fe9  __aeabi_f2d              
00001021  SysCtlPeripheralEnable   
00001055  __aeabi_i2d              
00001083  GPIODirModeSet           
000010ad  UARTDisable              
000010cd  __aeabi_ui2d             
000010ed  GPIOPinTypeGPIOOutput    
00001105  _args_main               
0000111d  UARTEnable               
00001131  _register_unlock         
00001137  _register_lock           
0000113f  _nop                     
00001145  GPIOPinTypeUART          
00001157  IntMasterEnable          
00001167  UARTCharGetNonBlocking   
00001175  UARTCharPutNonBlocking   
00001183  UARTCharsAvail           
00001191  __TI_decompress_none     
0000119f  CPUcpsie                 
000011ab  __TI_zero_init           
000011b7  ResetISR                 
000011c3  UARTCharPut              
000011cd  UARTIntStatus            
000011d7  UARTIntEnable            
000011df  GPIOPinWrite             
000011e5  SysCtlDelay              
000011eb  __TI_decompress_rle24    
000011f1  UARTIntClear             
000011f5  _system_pre_init         
0000137c  __TI_Handler_Table_Base  
00001388  __TI_Handler_Table_Limit 
00001390  __TI_CINIT_Base          
000013a0  __TI_CINIT_Limit         
20000000  __stack                  
20000200  __STACK_END              
20000200  __STACK_TOP              
20000200  _lock                    
20000204  _unlock                  
20000208  __TI_cleanup_ptr         
2000020c  __TI_dtors_ptr           
20000210  cursorPosition           
20000214  counter                  
20000218  main_func_sp             
2000021c  receivedChars            
ffffffff  __binit__                
ffffffff  __c_args__               
ffffffff  binit                    
UNDEFED   SHT$$INIT_ARRAY$$Base    
UNDEFED   SHT$$INIT_ARRAY$$Limit   

[93 symbols]
