******************************************************************************
                  TI ARM Linker PC v5.2.2                      
******************************************************************************
>> Linked Wed Mar 08 14:44:01 2017

OUTPUT FILE NAME:   <Experiment3_Ex1.out>
ENTRY POINT SYMBOL: "_c_int00"  address: 00000b79


MEMORY CONFIGURATION

         name            origin    length      used     unused   attr    fill
----------------------  --------  ---------  --------  --------  ----  --------
  FLASH                 00000000   00040000  000010ce  0003ef32  R  X
  SRAM                  20000000   00008000  00000494  00007b6c  RW X


SEGMENT ALLOCATION MAP

run origin  load origin   length   init length attrs members
----------  ----------- ---------- ----------- ----- -------
00000000    00000000    000010d0   000010d0    r-x
  00000000    00000000    0000026c   0000026c    r-- .intvecs
  0000026c    0000026c    00000c1a   00000c1a    r-x .text
  00000e88    00000e88    00000200   00000200    r-- .const
  00001088    00001088    00000048   00000048    r-- .cinit
20000000    20000000    00000494   00000000    rw-
  20000000    20000000    0000026c   00000000    rw- .vtable
  2000026c    2000026c    00000200   00000000    rw- .stack
  2000046c    2000046c    00000028   00000000    rw- .data


SECTION ALLOCATION MAP

 output                                  attributes/
section   page    origin      length       input sections
--------  ----  ----------  ----------   ----------------
.intvecs   0    00000000    0000026c     
                  00000000    0000026c     tm4c123gh6pm_startup_ccs.obj (.intvecs)

.text      0    0000026c    00000c1a     
                  0000026c    000001c0     MIL_LCD_lib.obj (.text)
                  0000042c    00000130     driverlib.lib : gpio.obj (.text:GPIOPadConfigSet)
                  0000055c    00000128     main.obj (.text)
                  00000684    000000fc     rtsv7M4_T_le_v4SPD16_eabi.lib : fd_mul_t2.obj (.text)
                  00000780    000000f0     driverlib.lib : sysctl.obj (.text:SysCtlClockSet)
                  00000870    0000009c     rtsv7M4_T_le_v4SPD16_eabi.lib : memcpy_t2.obj (.text)
                  0000090c    0000007a                                   : memset_t2.obj (.text)
                  00000986    00000002     --HOLE-- [fill = 0]
                  00000988    0000006c                                   : autoinit.obj (.text)
                  000009f4    0000006a                                   : copy_decompress_rle.obj (.text)
                  00000a5e    00000002     --HOLE-- [fill = 0]
                  00000a60    00000068     driverlib.lib : interrupt.obj (.text:IntEnable)
                  00000ac8    00000058     tivaUtils.obj (.text)
                  00000b20    00000056     driverlib.lib : gpio.obj (.text:GPIOIntTypeSet)
                  00000b76    00000002     --HOLE-- [fill = 0]
                  00000b78    00000050     rtsv7M4_T_le_v4SPD16_eabi.lib : boot.obj (.text)
                  00000bc8    0000004c                                   : cpy_tbl.obj (.text)
                  00000c14    00000044                                   : exit.obj (.text)
                  00000c58    00000044                                   : fd_tou_t2.obj (.text)
                  00000c9c    00000040     driverlib.lib : gpio.obj (.text:_GPIOIntNumberGet)
                  00000cdc    00000034                   : interrupt.obj (.text:IntRegister)
                  00000d10    00000034                   : sysctl.obj (.text:SysCtlPeripheralEnable)
                  00000d44    0000002e     rtsv7M4_T_le_v4SPD16_eabi.lib : i_tofd_t2.obj (.text)
                  00000d72    0000002a     driverlib.lib : gpio.obj (.text:GPIODirModeSet)
                  00000d9c    00000020     rtsv7M4_T_le_v4SPD16_eabi.lib : u_tofd_t2.obj (.text)
                  00000dbc    00000018     driverlib.lib : gpio.obj (.text:GPIOIntRegister)
                  00000dd4    00000018                   : gpio.obj (.text:GPIOPinTypeGPIOOutput)
                  00000dec    00000018     rtsv7M4_T_le_v4SPD16_eabi.lib : args_main.obj (.text)
                  00000e04    00000014                                   : _lock.obj (.text)
                  00000e18    00000012     driverlib.lib : gpio.obj (.text:GPIOPinTypeGPIOInput)
                  00000e2a    0000000e                   : gpio.obj (.text:GPIOIntStatus)
                  00000e38    0000000e     rtsv7M4_T_le_v4SPD16_eabi.lib : copy_decompress_none.obj (.text:decompress:none)
                  00000e46    0000000c     driverlib.lib : gpio.obj (.text:GPIOIntEnable)
                  00000e52    0000000c     rtsv7M4_T_le_v4SPD16_eabi.lib : copy_zero_init.obj (.text:decompress:ZI)
                  00000e5e    0000000c     tm4c123gh6pm_startup_ccs.obj (.text)
                  00000e6a    00000006     driverlib.lib : gpio.obj (.text:GPIOIntClear)
                  00000e70    00000006                   : gpio.obj (.text:GPIOPinWrite)
                  00000e76    00000006                   : sysctl.obj (.text:SysCtlDelay)
                  00000e7c    00000006     rtsv7M4_T_le_v4SPD16_eabi.lib : copy_decompress_rle.obj (.text:decompress:rle24)
                  00000e82    00000004                                   : pre_init.obj (.text)

.const     0    00000e88    00000200     
                  00000e88    000000c0     driverlib.lib : gpio.obj (.const:g_ppui32GPIOIntMapBlizzard)
                  00000f48    000000c0                   : gpio.obj (.const:g_ppui32GPIOIntMapSnowflake)
                  00001008    00000070                   : interrupt.obj (.const)
                  00001078    00000010     main.obj (.const:.string)

.cinit     0    00001088    00000048     
                  00001088    00000022     (.cinit..data.load) [load image, compression = rle]
                  000010aa    00000002     --HOLE-- [fill = 0]
                  000010ac    0000000c     (__TI_handler_table)
                  000010b8    00000008     (.cinit..vtable.load) [load image, compression = zero_init]
                  000010c0    00000010     (__TI_cinit_table)

.init_array 
*          0    00000000    00000000     UNINITIALIZED

.vtable    0    20000000    0000026c     UNINITIALIZED
                  20000000    0000026c     driverlib.lib : interrupt.obj (.vtable)

.stack     0    2000026c    00000200     UNINITIALIZED
                  2000026c    00000200     --HOLE--

.data      0    2000046c    00000028     UNINITIALIZED
                  2000046c    00000013     main.obj (.data)
                  2000047f    00000001     --HOLE--
                  20000480    00000008     rtsv7M4_T_le_v4SPD16_eabi.lib : _lock.obj (.data)
                  20000488    00000008                                   : exit.obj (.data)
                  20000490    00000004                                   : stkdepth_vars.obj (.data)

.TI.persistent 
*          0    2000046c    00000000     UNINITIALIZED


LINKER GENERATED COPY TABLES

__TI_cinit_table @ 000010c0 records: 2, size/record: 8, table size: 16
	.data: load addr=00001088, load size=00000022 bytes, run addr=2000046c, run size=00000028 bytes, compression=rle
	.vtable: load addr=000010b8, load size=00000008 bytes, run addr=20000000, run size=0000026c bytes, compression=zero_init


LINKER GENERATED HANDLER TABLE

__TI_handler_table @ 000010ac records: 3, size/record: 4, table size: 12
	index: 0, handler: __TI_zero_init
	index: 1, handler: __TI_decompress_rle24
	index: 2, handler: __TI_decompress_none


GLOBAL SYMBOLS: SORTED ALPHABETICALLY BY Name 

address   name                    
-------   ----                    
00000c15  C$$EXIT                 
00000d73  GPIODirModeSet          
00000e6b  GPIOIntClear            
00000e47  GPIOIntEnable           
00000dbd  GPIOIntRegister         
00000e2b  GPIOIntStatus           
00000b21  GPIOIntTypeSet          
0000042d  GPIOPadConfigSet        
00000e19  GPIOPinTypeGPIOInput    
00000dd5  GPIOPinTypeGPIOOutput   
00000e71  GPIOPinWrite            
00000a61  IntEnable               
00000cdd  IntRegister             
00000e5f  ResetISR                
UNDEFED   SHT$$INIT_ARRAY$$Base   
UNDEFED   SHT$$INIT_ARRAY$$Limit  
00000781  SysCtlClockSet          
00000e77  SysCtlDelay             
00000d11  SysCtlPeripheralEnable  
2000046c  __STACK_END             
00000200  __STACK_SIZE            
2000046c  __STACK_TOP             
000010c0  __TI_CINIT_Base         
000010d0  __TI_CINIT_Limit        
000010ac  __TI_Handler_Table_Base 
000010b8  __TI_Handler_Table_Limit
00000989  __TI_auto_init          
20000488  __TI_cleanup_ptr        
00000e39  __TI_decompress_none    
00000e7d  __TI_decompress_rle24   
2000048c  __TI_dtors_ptr          
00000000  __TI_static_base__      
00000e53  __TI_zero_init          
00000c59  __aeabi_d2uiz           
00000685  __aeabi_dmul            
00000d45  __aeabi_i2d             
0000090d  __aeabi_memclr          
0000090d  __aeabi_memclr4         
0000090d  __aeabi_memclr8         
00000871  __aeabi_memcpy          
00000871  __aeabi_memcpy4         
00000871  __aeabi_memcpy8         
0000090f  __aeabi_memset          
0000090f  __aeabi_memset4         
0000090f  __aeabi_memset8         
00000d9d  __aeabi_ui2d            
ffffffff  __binit__               
ffffffff  __c_args__              
2000026c  __stack                 
00000ded  _args_main              
00000b79  _c_int00                
20000480  _lock                   
00000e13  _nop                    
00000e0b  _register_lock          
00000e05  _register_unlock        
00000e83  _system_pre_init        
20000484  _unlock                 
00000c19  abort                   
ffffffff  binit                   
0000029b  clearLCD                
00000ac9  computeDelayCount       
00000bc9  copy_in                 
20000474  countStr                
00000c21  exit                    
20000000  g_pfnRAMVectors         
00000000  g_pfnVectors            
0000026d  initializeLCD           
0000055d  main                    
20000490  main_func_sp            
00000871  memcpy                  
00000915  memset                  
000003a9  moveCursor              
20000470  pinStatus               
00000631  pushButtonPD_handler    
2000046c  pushCounter             
2000047e  pushFlag                
00000365  sendSignal              
000002a7  setCursorPosition       
000002d7  writeChar               
000002fd  writeCommand            
00000329  writeMessage            


GLOBAL SYMBOLS: SORTED BY Symbol Address 

address   name                    
-------   ----                    
00000000  __TI_static_base__      
00000000  g_pfnVectors            
00000200  __STACK_SIZE            
0000026d  initializeLCD           
0000029b  clearLCD                
000002a7  setCursorPosition       
000002d7  writeChar               
000002fd  writeCommand            
00000329  writeMessage            
00000365  sendSignal              
000003a9  moveCursor              
0000042d  GPIOPadConfigSet        
0000055d  main                    
00000631  pushButtonPD_handler    
00000685  __aeabi_dmul            
00000781  SysCtlClockSet          
00000871  __aeabi_memcpy          
00000871  __aeabi_memcpy4         
00000871  __aeabi_memcpy8         
00000871  memcpy                  
0000090d  __aeabi_memclr          
0000090d  __aeabi_memclr4         
0000090d  __aeabi_memclr8         
0000090f  __aeabi_memset          
0000090f  __aeabi_memset4         
0000090f  __aeabi_memset8         
00000915  memset                  
00000989  __TI_auto_init          
00000a61  IntEnable               
00000ac9  computeDelayCount       
00000b21  GPIOIntTypeSet          
00000b79  _c_int00                
00000bc9  copy_in                 
00000c15  C$$EXIT                 
00000c19  abort                   
00000c21  exit                    
00000c59  __aeabi_d2uiz           
00000cdd  IntRegister             
00000d11  SysCtlPeripheralEnable  
00000d45  __aeabi_i2d             
00000d73  GPIODirModeSet          
00000d9d  __aeabi_ui2d            
00000dbd  GPIOIntRegister         
00000dd5  GPIOPinTypeGPIOOutput   
00000ded  _args_main              
00000e05  _register_unlock        
00000e0b  _register_lock          
00000e13  _nop                    
00000e19  GPIOPinTypeGPIOInput    
00000e2b  GPIOIntStatus           
00000e39  __TI_decompress_none    
00000e47  GPIOIntEnable           
00000e53  __TI_zero_init          
00000e5f  ResetISR                
00000e6b  GPIOIntClear            
00000e71  GPIOPinWrite            
00000e77  SysCtlDelay             
00000e7d  __TI_decompress_rle24   
00000e83  _system_pre_init        
000010ac  __TI_Handler_Table_Base 
000010b8  __TI_Handler_Table_Limit
000010c0  __TI_CINIT_Base         
000010d0  __TI_CINIT_Limit        
20000000  g_pfnRAMVectors         
2000026c  __stack                 
2000046c  __STACK_END             
2000046c  __STACK_TOP             
2000046c  pushCounter             
20000470  pinStatus               
20000474  countStr                
2000047e  pushFlag                
20000480  _lock                   
20000484  _unlock                 
20000488  __TI_cleanup_ptr        
2000048c  __TI_dtors_ptr          
20000490  main_func_sp            
ffffffff  __binit__               
ffffffff  __c_args__              
ffffffff  binit                   
UNDEFED   SHT$$INIT_ARRAY$$Base   
UNDEFED   SHT$$INIT_ARRAY$$Limit  

[81 symbols]
