******************************************************************************
                  TI ARM Linker PC v5.2.2                      
******************************************************************************
>> Linked Tue Mar 07 23:37:46 2017

OUTPUT FILE NAME:   <Experiment3_Ex1.out>
ENTRY POINT SYMBOL: "_c_int00"  address: 00000b15


MEMORY CONFIGURATION

         name            origin    length      used     unused   attr    fill
----------------------  --------  ---------  --------  --------  ----  --------
  FLASH                 00000000   00040000  0000103e  0003efc2  R  X
  SRAM                  20000000   00008000  00000494  00007b6c  RW X


SEGMENT ALLOCATION MAP

run origin  load origin   length   init length attrs members
----------  ----------- ---------- ----------- ----- -------
00000000    00000000    00001040   00001040    r-x
  00000000    00000000    0000026c   0000026c    r-- .intvecs
  0000026c    0000026c    00000b8a   00000b8a    r-x .text
  00000df8    00000df8    00000200   00000200    r-- .const
  00000ff8    00000ff8    00000048   00000048    r-- .cinit
20000000    20000000    00000494   00000000    rw-
  20000000    20000000    0000026c   00000000    rw- .vtable
  2000026c    2000026c    00000200   00000000    rw- .stack
  2000046c    2000046c    00000028   00000000    rw- .data


SECTION ALLOCATION MAP

 output                                  attributes/
section   page    origin      length       input sections
--------  ----  ----------  ----------   ----------------
.intvecs   0    00000000    0000026c     
                  00000000    0000026c     tm4c123gh6pm_startup_ccs.obj (.intvecs)

.text      0    0000026c    00000b8a     
                  0000026c    000001c0     MIL_LCD_lib.obj (.text)
                  0000042c    00000130     driverlib.lib : gpio.obj (.text:GPIOPadConfigSet)
                  0000055c    0000011c     main.obj (.text)
                  00000678    000000fc     rtsv7M4_T_le_v4SPD16_eabi.lib : fd_mul_t2.obj (.text)
                  00000774    000000f0     driverlib.lib : sysctl.obj (.text:SysCtlClockSet)
                  00000864    0000009c     rtsv7M4_T_le_v4SPD16_eabi.lib : memcpy_t2.obj (.text)
                  00000900    0000007a                                   : memset_t2.obj (.text)
                  0000097a    00000002     --HOLE-- [fill = 0]
                  0000097c    0000006c                                   : autoinit.obj (.text)
                  000009e8    0000006a                                   : copy_decompress_rle.obj (.text)
                  00000a52    00000002     --HOLE-- [fill = 0]
                  00000a54    00000068     driverlib.lib : interrupt.obj (.text:IntEnable)
                  00000abc    00000056                   : gpio.obj (.text:GPIOIntTypeSet)
                  00000b12    00000002     --HOLE-- [fill = 0]
                  00000b14    00000050     rtsv7M4_T_le_v4SPD16_eabi.lib : boot.obj (.text)
                  00000b64    0000004c                                   : cpy_tbl.obj (.text)
                  00000bb0    00000044                                   : exit.obj (.text)
                  00000bf4    00000044                                   : fd_tou_t2.obj (.text)
                  00000c38    00000040     driverlib.lib : gpio.obj (.text:_GPIOIntNumberGet)
                  00000c78    00000034                   : interrupt.obj (.text:IntRegister)
                  00000cac    00000034                   : sysctl.obj (.text:SysCtlPeripheralEnable)
                  00000ce0    0000002a                   : gpio.obj (.text:GPIODirModeSet)
                  00000d0a    00000020     rtsv7M4_T_le_v4SPD16_eabi.lib : u_tofd_t2.obj (.text)
                  00000d2a    00000018     driverlib.lib : gpio.obj (.text:GPIOIntRegister)
                  00000d42    00000018                   : gpio.obj (.text:GPIOPinTypeGPIOOutput)
                  00000d5a    00000002     --HOLE-- [fill = 0]
                  00000d5c    00000018     rtsv7M4_T_le_v4SPD16_eabi.lib : args_main.obj (.text)
                  00000d74    00000014                                   : _lock.obj (.text)
                  00000d88    00000012     driverlib.lib : gpio.obj (.text:GPIOPinTypeGPIOInput)
                  00000d9a    0000000e                   : gpio.obj (.text:GPIOIntStatus)
                  00000da8    0000000e     rtsv7M4_T_le_v4SPD16_eabi.lib : copy_decompress_none.obj (.text:decompress:none)
                  00000db6    0000000c     driverlib.lib : gpio.obj (.text:GPIOIntEnable)
                  00000dc2    0000000c     rtsv7M4_T_le_v4SPD16_eabi.lib : copy_zero_init.obj (.text:decompress:ZI)
                  00000dce    0000000c     tm4c123gh6pm_startup_ccs.obj (.text)
                  00000dda    00000006     driverlib.lib : gpio.obj (.text:GPIOIntClear)
                  00000de0    00000006                   : gpio.obj (.text:GPIOPinWrite)
                  00000de6    00000006                   : sysctl.obj (.text:SysCtlDelay)
                  00000dec    00000006     rtsv7M4_T_le_v4SPD16_eabi.lib : copy_decompress_rle.obj (.text:decompress:rle24)
                  00000df2    00000004                                   : pre_init.obj (.text)

.const     0    00000df8    00000200     
                  00000df8    000000c0     driverlib.lib : gpio.obj (.const:g_ppui32GPIOIntMapBlizzard)
                  00000eb8    000000c0                   : gpio.obj (.const:g_ppui32GPIOIntMapSnowflake)
                  00000f78    00000070                   : interrupt.obj (.const)
                  00000fe8    00000010     main.obj (.const:.string)

.cinit     0    00000ff8    00000048     
                  00000ff8    00000022     (.cinit..data.load) [load image, compression = rle]
                  0000101a    00000002     --HOLE-- [fill = 0]
                  0000101c    0000000c     (__TI_handler_table)
                  00001028    00000008     (.cinit..vtable.load) [load image, compression = zero_init]
                  00001030    00000010     (__TI_cinit_table)

.init_array 
*          0    00000000    00000000     UNINITIALIZED

.vtable    0    20000000    0000026c     UNINITIALIZED
                  20000000    0000026c     driverlib.lib : interrupt.obj (.vtable)

.stack     0    2000026c    00000200     UNINITIALIZED
                  2000026c    00000200     --HOLE--

.data      0    2000046c    00000028     UNINITIALIZED
                  2000046c    00000013     main.obj (.data)
                  2000047f    00000001     --HOLE--
                  20000480    00000008     rtsv7M4_T_le_v4SPD16_eabi.lib : _lock.obj (.data)
                  20000488    00000008                                   : exit.obj (.data)
                  20000490    00000004                                   : stkdepth_vars.obj (.data)

.TI.persistent 
*          0    2000046c    00000000     UNINITIALIZED


LINKER GENERATED COPY TABLES

__TI_cinit_table @ 00001030 records: 2, size/record: 8, table size: 16
	.data: load addr=00000ff8, load size=00000022 bytes, run addr=2000046c, run size=00000028 bytes, compression=rle
	.vtable: load addr=00001028, load size=00000008 bytes, run addr=20000000, run size=0000026c bytes, compression=zero_init


LINKER GENERATED HANDLER TABLE

__TI_handler_table @ 0000101c records: 3, size/record: 4, table size: 12
	index: 0, handler: __TI_zero_init
	index: 1, handler: __TI_decompress_rle24
	index: 2, handler: __TI_decompress_none


GLOBAL SYMBOLS: SORTED ALPHABETICALLY BY Name 

address   name                    
-------   ----                    
00000bb1  C$$EXIT                 
00000ce1  GPIODirModeSet          
00000ddb  GPIOIntClear            
00000db7  GPIOIntEnable           
00000d2b  GPIOIntRegister         
00000d9b  GPIOIntStatus           
00000abd  GPIOIntTypeSet          
0000042d  GPIOPadConfigSet        
00000d89  GPIOPinTypeGPIOInput    
00000d43  GPIOPinTypeGPIOOutput   
00000de1  GPIOPinWrite            
00000a55  IntEnable               
00000c79  IntRegister             
00000dcf  ResetISR                
UNDEFED   SHT$$INIT_ARRAY$$Base   
UNDEFED   SHT$$INIT_ARRAY$$Limit  
00000775  SysCtlClockSet          
00000de7  SysCtlDelay             
00000cad  SysCtlPeripheralEnable  
2000046c  __STACK_END             
00000200  __STACK_SIZE            
2000046c  __STACK_TOP             
00001030  __TI_CINIT_Base         
00001040  __TI_CINIT_Limit        
0000101c  __TI_Handler_Table_Base 
00001028  __TI_Handler_Table_Limit
0000097d  __TI_auto_init          
20000488  __TI_cleanup_ptr        
00000da9  __TI_decompress_none    
00000ded  __TI_decompress_rle24   
2000048c  __TI_dtors_ptr          
00000000  __TI_static_base__      
00000dc3  __TI_zero_init          
00000bf5  __aeabi_d2uiz           
00000679  __aeabi_dmul            
00000901  __aeabi_memclr          
00000901  __aeabi_memclr4         
00000901  __aeabi_memclr8         
00000865  __aeabi_memcpy          
00000865  __aeabi_memcpy4         
00000865  __aeabi_memcpy8         
00000903  __aeabi_memset          
00000903  __aeabi_memset4         
00000903  __aeabi_memset8         
00000d0b  __aeabi_ui2d            
ffffffff  __binit__               
ffffffff  __c_args__              
2000026c  __stack                 
00000d5d  _args_main              
00000b15  _c_int00                
20000480  _lock                   
00000d83  _nop                    
00000d7b  _register_lock          
00000d75  _register_unlock        
00000df3  _system_pre_init        
20000484  _unlock                 
00000bb5  abort                   
ffffffff  binit                   
0000029b  clearLCD                
00000b65  copy_in                 
20000474  countStr                
00000bbd  exit                    
20000000  g_pfnRAMVectors         
00000000  g_pfnVectors            
0000026d  initializeLCD           
0000055d  main                    
20000490  main_func_sp            
00000865  memcpy                  
00000909  memset                  
000003a9  moveCursor              
20000470  pinStatus               
00000625  pushButtonPD_handler    
2000046c  pushCounter             
2000047e  pushFlag                
00000365  sendSignal              
000002a7  setCursorPosition       
000002d7  writeChar               
000002fd  writeCommand            
00000329  writeMessage            


GLOBAL SYMBOLS: SORTED BY Symbol Address 

address   name                    
-------   ----                    
00000000  __TI_static_base__      
00000000  g_pfnVectors            
00000200  __STACK_SIZE            
0000026d  initializeLCD           
0000029b  clearLCD                
000002a7  setCursorPosition       
000002d7  writeChar               
000002fd  writeCommand            
00000329  writeMessage            
00000365  sendSignal              
000003a9  moveCursor              
0000042d  GPIOPadConfigSet        
0000055d  main                    
00000625  pushButtonPD_handler    
00000679  __aeabi_dmul            
00000775  SysCtlClockSet          
00000865  __aeabi_memcpy          
00000865  __aeabi_memcpy4         
00000865  __aeabi_memcpy8         
00000865  memcpy                  
00000901  __aeabi_memclr          
00000901  __aeabi_memclr4         
00000901  __aeabi_memclr8         
00000903  __aeabi_memset          
00000903  __aeabi_memset4         
00000903  __aeabi_memset8         
00000909  memset                  
0000097d  __TI_auto_init          
00000a55  IntEnable               
00000abd  GPIOIntTypeSet          
00000b15  _c_int00                
00000b65  copy_in                 
00000bb1  C$$EXIT                 
00000bb5  abort                   
00000bbd  exit                    
00000bf5  __aeabi_d2uiz           
00000c79  IntRegister             
00000cad  SysCtlPeripheralEnable  
00000ce1  GPIODirModeSet          
00000d0b  __aeabi_ui2d            
00000d2b  GPIOIntRegister         
00000d43  GPIOPinTypeGPIOOutput   
00000d5d  _args_main              
00000d75  _register_unlock        
00000d7b  _register_lock          
00000d83  _nop                    
00000d89  GPIOPinTypeGPIOInput    
00000d9b  GPIOIntStatus           
00000da9  __TI_decompress_none    
00000db7  GPIOIntEnable           
00000dc3  __TI_zero_init          
00000dcf  ResetISR                
00000ddb  GPIOIntClear            
00000de1  GPIOPinWrite            
00000de7  SysCtlDelay             
00000ded  __TI_decompress_rle24   
00000df3  _system_pre_init        
0000101c  __TI_Handler_Table_Base 
00001028  __TI_Handler_Table_Limit
00001030  __TI_CINIT_Base         
00001040  __TI_CINIT_Limit        
20000000  g_pfnRAMVectors         
2000026c  __stack                 
2000046c  __STACK_END             
2000046c  __STACK_TOP             
2000046c  pushCounter             
20000470  pinStatus               
20000474  countStr                
2000047e  pushFlag                
20000480  _lock                   
20000484  _unlock                 
20000488  __TI_cleanup_ptr        
2000048c  __TI_dtors_ptr          
20000490  main_func_sp            
ffffffff  __binit__               
ffffffff  __c_args__              
ffffffff  binit                   
UNDEFED   SHT$$INIT_ARRAY$$Base   
UNDEFED   SHT$$INIT_ARRAY$$Limit  

[79 symbols]
