******************************************************************************
                  TI ARM Linker PC v5.2.2                      
******************************************************************************
>> Linked Mon Sep 04 23:02:27 2017

OUTPUT FILE NAME:   <Experiment8_Ex2_ADC.out>
ENTRY POINT SYMBOL: "_c_int00"  address: 000029bd


MEMORY CONFIGURATION

         name            origin    length      used     unused   attr    fill
----------------------  --------  ---------  --------  --------  ----  --------
  FLASH                 00000000   00040000  000033c2  0003cc3e  R  X
  SRAM                  20000000   00008000  000009a8  00007658  RW X


SEGMENT ALLOCATION MAP

run origin  load origin   length   init length attrs members
----------  ----------- ---------- ----------- ----- -------
00000000    00000000    000033c8   000033c8    r-x
  00000000    00000000    0000026c   0000026c    r-- .intvecs
  0000026c    0000026c    00002e7e   00002e7e    r-x .text
  000030ec    000030ec    00000270   00000270    r-- .const
  00003360    00003360    00000068   00000068    r-- .cinit
20000000    20000000    000009a8   00000000    rw-
  20000000    20000000    000007d0   00000000    rw- .stack
  200007d0    200007d0    00000158   00000000    rw- .data
  20000928    20000928    00000080   00000000    rw- .bss


SECTION ALLOCATION MAP

 output                                  attributes/
section   page    origin      length       input sections
--------  ----  ----------  ----------   ----------------
.intvecs   0    00000000    0000026c     
                  00000000    0000026c     tm4c123gh6pm_startup_ccs.obj (.intvecs)

.text      0    0000026c    00002e7e     
                  0000026c    000010ba     rtsv7M4_T_le_v4SPD16_eabi.lib : _printfi.obj (.text)
                  00001326    00000002     --HOLE-- [fill = 0]
                  00001328    0000048c     main.obj (.text)
                  000017b4    000001f4     rtsv7M4_T_le_v4SPD16_eabi.lib : ull_div_t2.obj (.text)
                  000019a8    000001b6                                   : fd_add_t2.obj (.text)
                  00001b5e    00000136                                   : fd_div_t2.obj (.text)
                  00001c94    00000132     driverlib.lib : gpio.obj (.text:GPIOPadConfigSet)
                  00001dc6    00000002     --HOLE-- [fill = 0]
                  00001dc8    00000110                   : sysctl.obj (.text:SysCtlClockGet)
                  00001ed8    00000110     rtsv7M4_T_le_v4SPD16_eabi.lib : xdscale.obj (.text)
                  00001fe8    000000fc                                   : fd_mul_t2.obj (.text)
                  000020e4    000000f4     driverlib.lib : sysctl.obj (.text:SysCtlClockSet)
                  000021d8    000000d8     tivaUtils.obj (.text)
                  000022b0    000000be     rtsv7M4_T_le_v4SPD16_eabi.lib : xdnorm.obj (.text)
                  0000236e    0000009c                                   : memcpy_t2.obj (.text)
                  0000240a    00000086                                   : fd_cmp_t2.obj (.text:__aeabi_cdcmple)
                  00002490    00000086                                   : fd_cmp_t2.obj (.text:__aeabi_cdrcmple)
                  00002516    0000007a     driverlib.lib : adc.obj (.text:ADCSequenceStepConfigure)
                  00002590    0000007a     rtsv7M4_T_le_v4SPD16_eabi.lib : memset_t2.obj (.text)
                  0000260a    00000002     --HOLE-- [fill = 0]
                  0000260c    0000006c                                   : autoinit.obj (.text)
                  00002678    0000006a                                   : copy_decompress_rle.obj (.text)
                  000026e2    00000002     --HOLE-- [fill = 0]
                  000026e4    00000068     driverlib.lib : interrupt.obj (.text:IntEnable)
                  0000274c    00000066     rtsv7M4_T_le_v4SPD16_eabi.lib : xdunscal.obj (.text)
                  000027b2    00000002     --HOLE-- [fill = 0]
                  000027b4    00000060     driverlib.lib : timer.obj (.text:TimerConfigure)
                  00002814    00000060     rtsv7M4_T_le_v4SPD16_eabi.lib : sprintf.obj (.text)
                  00002874    00000056                                   : ltoa.obj (.text)
                  000028ca    00000052                                   : ldexp.obj (.text)
                  0000291c    00000050     driverlib.lib : adc.obj (.text:ADCSequenceConfigure)
                  0000296c    00000050                   : sysctl.obj (.text:SysCtlPeripheralReset)
                  000029bc    00000050     rtsv7M4_T_le_v4SPD16_eabi.lib : boot.obj (.text)
                  00002a0c    0000004c                                   : atoi.obj (.text)
                  00002a58    0000004c                                   : cpy_tbl.obj (.text)
                  00002aa4    0000004a                                   : fd_tos_t2.obj (.text)
                  00002aee    00000002     --HOLE-- [fill = 0]
                  00002af0    00000048     driverlib.lib : gpio.obj (.text:GPIOPinConfigure)
                  00002b38    00000048     rtsv7M4_T_le_v4SPD16_eabi.lib : fd_toi_t2.obj (.text)
                  00002b80    00000046     driverlib.lib : uart.obj (.text:UARTConfigSetExpClk)
                  00002bc6    00000002     --HOLE-- [fill = 0]
                  00002bc8    00000044     rtsv7M4_T_le_v4SPD16_eabi.lib : exit.obj (.text)
                  00002c0c    00000044                                   : fd_tou_t2.obj (.text)
                  00002c50    00000040                                   : signal.obj (.text)
                  00002c90    00000038                                   : fs_tod_t2.obj (.text)
                  00002cc8    00000034     driverlib.lib : sysctl.obj (.text:SysCtlPeripheralEnable)
                  00002cfc    00000034     rtsv7M4_T_le_v4SPD16_eabi.lib : feraiseexcept.obj (.text)
                  00002d30    00000030                                   : xdclass.obj (.text)
                  00002d60    00000030                                   : xferaise.obj (.text)
                  00002d90    0000002e     driverlib.lib : adc.obj (.text:ADCIntStatus)
                  00002dbe    0000002e     rtsv7M4_T_le_v4SPD16_eabi.lib : i_tofd_t2.obj (.text)
                  00002dec    0000002e                                   : raise.obj (.text)
                  00002e1a    0000002a     driverlib.lib : gpio.obj (.text:GPIODirModeSet)
                  00002e44    0000002a     rtsv7M4_T_le_v4SPD16_eabi.lib : frexp.obj (.text)
                  00002e6e    00000022     driverlib.lib : pwm.obj (.text:PWMGenConfigure)
                  00002e90    00000020                   : uart.obj (.text:UARTDisable)
                  00002eb0    00000020     rtsv7M4_T_le_v4SPD16_eabi.lib : u_tofd_t2.obj (.text)
                  00002ed0    0000001e     driverlib.lib : adc.obj (.text:ADCSequenceDataGet)
                  00002eee    0000001e                   : pwm.obj (.text:PWMPulseWidthSet)
                  00002f0c    0000001c     rtsv7M4_T_le_v4SPD16_eabi.lib : memccpy.obj (.text)
                  00002f28    00000018     driverlib.lib : adc.obj (.text:ADCProcessorTrigger)
                  00002f40    00000018                   : gpio.obj (.text:GPIOPinTypeGPIOOutput)
                  00002f58    00000018     rtsv7M4_T_le_v4SPD16_eabi.lib : args_main.obj (.text)
                  00002f70    00000016                                   : strchr.obj (.text)
                  00002f86    00000002     --HOLE-- [fill = 0]
                  00002f88    00000014     driverlib.lib : sysctl.obj (.text:SysCtlPWMClockSet)
                  00002f9c    00000014                   : uart.obj (.text:UARTEnable)
                  00002fb0    00000014     rtsv7M4_T_le_v4SPD16_eabi.lib : _lock.obj (.text)
                  00002fc4    00000014                                   : strlen.obj (.text)
                  00002fd8    00000012     driverlib.lib : gpio.obj (.text:GPIOPinTypeADC)
                  00002fea    00000012                   : gpio.obj (.text:GPIOPinTypePWM)
                  00002ffc    00000012                   : gpio.obj (.text:GPIOPinTypeUART)
                  0000300e    00000012                   : pwm.obj (.text:PWMOutputState)
                  00003020    00000012                   : timer.obj (.text:TimerLoadSet)
                  00003032    00000010                   : interrupt.obj (.text:IntMasterEnable)
                  00003042    00000010                   : pwm.obj (.text:PWMGenPeriodSet)
                  00003052    0000000e                   : adc.obj (.text:ADCSequenceDisable)
                  00003060    0000000e                   : adc.obj (.text:ADCSequenceEnable)
                  0000306e    0000000e                   : timer.obj (.text:TimerEnable)
                  0000307c    0000000e     rtsv7M4_T_le_v4SPD16_eabi.lib : copy_decompress_none.obj (.text:decompress:none)
                  0000308a    0000000c     driverlib.lib : cpu.obj (.text:CPUcpsie)
                  00003096    0000000c                   : pwm.obj (.text:PWMGenEnable)
                  000030a2    0000000c     rtsv7M4_T_le_v4SPD16_eabi.lib : copy_zero_init.obj (.text:decompress:ZI)
                  000030ae    0000000c     tm4c123gh6pm_startup_ccs.obj (.text)
                  000030ba    0000000a     driverlib.lib : adc.obj (.text:ADCIntClear)
                  000030c4    0000000a                   : uart.obj (.text:UARTCharPut)
                  000030ce    00000008                   : timer.obj (.text:TimerIntEnable)
                  000030d6    00000006                   : sysctl.obj (.text:SysCtlDelay)
                  000030dc    00000006     rtsv7M4_T_le_v4SPD16_eabi.lib : copy_decompress_rle.obj (.text:decompress:rle24)
                  000030e2    00000004     driverlib.lib : timer.obj (.text:TimerIntClear)
                  000030e6    00000004     rtsv7M4_T_le_v4SPD16_eabi.lib : pre_init.obj (.text)

.const     0    000030ec    00000270     
                  000030ec    00000101     rtsv7M4_T_le_v4SPD16_eabi.lib : ctype.obj (.const:.string:_ctypes_)
                  000031ed    00000003     --HOLE-- [fill = 0]
                  000031f0    00000090     driverlib.lib : gpio.obj (.const:g_pui32GPIOBaseAddrs)
                  00003280    00000070                   : interrupt.obj (.const)
                  000032f0    0000006c                   : sysctl.obj (.const:g_pui32Xtals)

.cinit     0    00003360    00000068     
                  00003360    00000041     (.cinit..data.load) [load image, compression = rle]
                  000033a1    00000003     --HOLE-- [fill = 0]
                  000033a4    0000000c     (__TI_handler_table)
                  000033b0    00000008     (.cinit..bss.load) [load image, compression = zero_init]
                  000033b8    00000010     (__TI_cinit_table)

.init_array 
*          0    00000000    00000000     UNINITIALIZED

.stack     0    20000000    000007d0     UNINITIALIZED
                  20000000    000007d0     --HOLE--

.data      0    200007d0    00000158     UNINITIALIZED
                  200007d0    000000b0     rtsv7M4_T_le_v4SPD16_eabi.lib : signal.obj (.data:sigtable)
                  20000880    00000080                                   : xvalues.obj (.data)
                  20000900    00000008     main.obj (.data)
                  20000908    00000008     rtsv7M4_T_le_v4SPD16_eabi.lib : _lock.obj (.data)
                  20000910    00000008                                   : exit.obj (.data)
                  20000918    00000008                                   : feraiseexcept.obj (.data)
                  20000920    00000004                                   : errno.obj (.data)
                  20000924    00000004                                   : stkdepth_vars.obj (.data)

.bss       0    20000928    00000080     UNINITIALIZED
                  20000928    00000064     main.obj (.bss:lcdOutput)
                  2000098c    00000004     (.common:dac_counter)
                  20000990    00000004     (.common:displayDecimalNumber)
                  20000994    00000004     (.common:inputValueADC)
                  20000998    00000004     (.common:resultADC)
                  2000099c    00000004     (.common:resultPercent)
                  200009a0    00000004     (.common:timerPeriod)
                  200009a4    00000004     (.common:ui32ADC0Value)

.TI.persistent 
*          0    200007d0    00000000     UNINITIALIZED

.TI.noinit 
*          0    20000928    00000000     UNINITIALIZED


LINKER GENERATED COPY TABLES

__TI_cinit_table @ 000033b8 records: 2, size/record: 8, table size: 16
	.data: load addr=00003360, load size=00000041 bytes, run addr=200007d0, run size=00000158 bytes, compression=rle
	.bss: load addr=000033b0, load size=00000008 bytes, run addr=20000928, run size=00000080 bytes, compression=zero_init


LINKER GENERATED HANDLER TABLE

__TI_handler_table @ 000033a4 records: 3, size/record: 4, table size: 12
	index: 0, handler: __TI_decompress_rle24
	index: 1, handler: __TI_decompress_none
	index: 2, handler: __TI_zero_init


GLOBAL SYMBOLS: SORTED ALPHABETICALLY BY Name 

address   name                     
-------   ----                     
000030bb  ADCIntClear              
00002d91  ADCIntStatus             
00002f29  ADCProcessorTrigger      
0000291d  ADCSequenceConfigure     
00002ed1  ADCSequenceDataGet       
00003053  ADCSequenceDisable       
00003061  ADCSequenceEnable        
00002517  ADCSequenceStepConfigure 
00002bc9  C$$EXIT                  
0000308b  CPUcpsie                 
00002e1b  GPIODirModeSet           
00001c95  GPIOPadConfigSet         
00002af1  GPIOPinConfigure         
00002fd9  GPIOPinTypeADC           
00002f41  GPIOPinTypeGPIOOutput    
00002feb  GPIOPinTypePWM           
00002ffd  GPIOPinTypeUART          
000026e5  IntEnable                
00003033  IntMasterEnable          
00002e6f  PWMGenConfigure          
00003097  PWMGenEnable             
00003043  PWMGenPeriodSet          
0000300f  PWMOutputState           
00002eef  PWMPulseWidthSet         
000030af  ResetISR                 
UNDEFED   SHT$$INIT_ARRAY$$Base    
UNDEFED   SHT$$INIT_ARRAY$$Limit   
00001dc9  SysCtlClockGet           
000020e5  SysCtlClockSet           
000030d7  SysCtlDelay              
00002f89  SysCtlPWMClockSet        
00002cc9  SysCtlPeripheralEnable   
0000296d  SysCtlPeripheralReset    
000016c5  TIMER_INTERRUPT_ISR      
000027b5  TimerConfigure           
0000306f  TimerEnable              
000030e3  TimerIntClear            
000030cf  TimerIntEnable           
00003021  TimerLoadSet             
000030c5  UARTCharPut              
00002b81  UARTConfigSetExpClk      
00002e91  UARTDisable              
00002f9d  UARTEnable               
00002d31  _Dclass                  
20000880  _Denorm                  
000022b1  _Dnorm                   
00001ed9  _Dscale                  
0000274d  _Dunscale                
20000890  _Eps                     
20000920  _Errno                   
20000918  _Fenv                    
00002d61  _Feraise                 
200008a0  _Hugeval                 
200008b0  _Inf                     
200008c0  _Nan                     
200008e0  _Rteps                   
200008d0  _Snan                    
2000091c  _Tls_setup__Fenv         
200008f0  _Xbig                    
200008f8  _Zero                    
200007d0  __STACK_END              
000007d0  __STACK_SIZE             
20000200  __STACK_TOP              
000033b8  __TI_CINIT_Base          
000033c8  __TI_CINIT_Limit         
000033a4  __TI_Handler_Table_Base  
000033b0  __TI_Handler_Table_Limit 
0000260d  __TI_auto_init           
20000910  __TI_cleanup_ptr         
0000307d  __TI_decompress_none     
000030dd  __TI_decompress_rle24    
20000914  __TI_dtors_ptr           
00001021  __TI_printfi             
00000000  __TI_static_base__       
000030a3  __TI_zero_init           
0000240b  __aeabi_cdcmpeq          
0000240b  __aeabi_cdcmple          
00002491  __aeabi_cdrcmple         
00002aa5  __aeabi_d2f              
00002b39  __aeabi_d2iz             
00002c0d  __aeabi_d2uiz            
000019b3  __aeabi_dadd             
00001b5f  __aeabi_ddiv             
00001fe9  __aeabi_dmul             
000019a9  __aeabi_dsub             
00002c91  __aeabi_f2d              
00002dbf  __aeabi_i2d              
00002591  __aeabi_memclr           
00002591  __aeabi_memclr4          
00002591  __aeabi_memclr8          
0000236f  __aeabi_memcpy           
0000236f  __aeabi_memcpy4          
0000236f  __aeabi_memcpy8          
00002593  __aeabi_memset           
00002593  __aeabi_memset4          
00002593  __aeabi_memset8          
00002eb1  __aeabi_ui2d             
000017b5  __aeabi_uldivmod         
ffffffff  __binit__                
ffffffff  __c_args__               
20000000  __stack                  
00002f59  _args_main               
000029bd  _c_int00                 
000030ec  _ctypes_                 
20000908  _lock                    
00002fbf  _nop                     
00002fb7  _register_lock           
00002fb1  _register_unlock         
000030e7  _system_pre_init         
2000090c  _unlock                  
00002bcd  abort                    
00002a0d  atoi                     
ffffffff  binit                    
000021d9  computeDelayCount        
0000221d  computeDelayCountMicrosec
00002a59  copy_in                  
2000098c  dac_counter              
20000990  displayDecimalNumber     
00002bd5  exit                     
00002cfd  feraiseexcept            
00002e45  frexp                    
00000000  g_pfnVectors             
20000994  inputValueADC            
20000928  lcdOutput                
000028cb  ldexp                    
00002875  ltoa                     
00001329  main                     
20000924  main_func_sp             
00002f0d  memccpy                  
0000236f  memcpy                   
00002599  memset                   
00001689  printMessageUART         
20000900  pwmClockFreq             
20000904  pwmLoadValue             
00002ded  raise                    
20000998  resultADC                
2000099c  resultPercent            
00002263  setDelay                 
00002275  setDelayMicro            
00002c51  signal                   
00002815  sprintf                  
00002f71  strchr                   
00002fc5  strlen                   
200009a0  timerPeriod              
200009a4  ui32ADC0Value            


GLOBAL SYMBOLS: SORTED BY Symbol Address 

address   name                     
-------   ----                     
00000000  __TI_static_base__       
00000000  g_pfnVectors             
000007d0  __STACK_SIZE             
00001021  __TI_printfi             
00001329  main                     
00001689  printMessageUART         
000016c5  TIMER_INTERRUPT_ISR      
000017b5  __aeabi_uldivmod         
000019a9  __aeabi_dsub             
000019b3  __aeabi_dadd             
00001b5f  __aeabi_ddiv             
00001c95  GPIOPadConfigSet         
00001dc9  SysCtlClockGet           
00001ed9  _Dscale                  
00001fe9  __aeabi_dmul             
000020e5  SysCtlClockSet           
000021d9  computeDelayCount        
0000221d  computeDelayCountMicrosec
00002263  setDelay                 
00002275  setDelayMicro            
000022b1  _Dnorm                   
0000236f  __aeabi_memcpy           
0000236f  __aeabi_memcpy4          
0000236f  __aeabi_memcpy8          
0000236f  memcpy                   
0000240b  __aeabi_cdcmpeq          
0000240b  __aeabi_cdcmple          
00002491  __aeabi_cdrcmple         
00002517  ADCSequenceStepConfigure 
00002591  __aeabi_memclr           
00002591  __aeabi_memclr4          
00002591  __aeabi_memclr8          
00002593  __aeabi_memset           
00002593  __aeabi_memset4          
00002593  __aeabi_memset8          
00002599  memset                   
0000260d  __TI_auto_init           
000026e5  IntEnable                
0000274d  _Dunscale                
000027b5  TimerConfigure           
00002815  sprintf                  
00002875  ltoa                     
000028cb  ldexp                    
0000291d  ADCSequenceConfigure     
0000296d  SysCtlPeripheralReset    
000029bd  _c_int00                 
00002a0d  atoi                     
00002a59  copy_in                  
00002aa5  __aeabi_d2f              
00002af1  GPIOPinConfigure         
00002b39  __aeabi_d2iz             
00002b81  UARTConfigSetExpClk      
00002bc9  C$$EXIT                  
00002bcd  abort                    
00002bd5  exit                     
00002c0d  __aeabi_d2uiz            
00002c51  signal                   
00002c91  __aeabi_f2d              
00002cc9  SysCtlPeripheralEnable   
00002cfd  feraiseexcept            
00002d31  _Dclass                  
00002d61  _Feraise                 
00002d91  ADCIntStatus             
00002dbf  __aeabi_i2d              
00002ded  raise                    
00002e1b  GPIODirModeSet           
00002e45  frexp                    
00002e6f  PWMGenConfigure          
00002e91  UARTDisable              
00002eb1  __aeabi_ui2d             
00002ed1  ADCSequenceDataGet       
00002eef  PWMPulseWidthSet         
00002f0d  memccpy                  
00002f29  ADCProcessorTrigger      
00002f41  GPIOPinTypeGPIOOutput    
00002f59  _args_main               
00002f71  strchr                   
00002f89  SysCtlPWMClockSet        
00002f9d  UARTEnable               
00002fb1  _register_unlock         
00002fb7  _register_lock           
00002fbf  _nop                     
00002fc5  strlen                   
00002fd9  GPIOPinTypeADC           
00002feb  GPIOPinTypePWM           
00002ffd  GPIOPinTypeUART          
0000300f  PWMOutputState           
00003021  TimerLoadSet             
00003033  IntMasterEnable          
00003043  PWMGenPeriodSet          
00003053  ADCSequenceDisable       
00003061  ADCSequenceEnable        
0000306f  TimerEnable              
0000307d  __TI_decompress_none     
0000308b  CPUcpsie                 
00003097  PWMGenEnable             
000030a3  __TI_zero_init           
000030af  ResetISR                 
000030bb  ADCIntClear              
000030c5  UARTCharPut              
000030cf  TimerIntEnable           
000030d7  SysCtlDelay              
000030dd  __TI_decompress_rle24    
000030e3  TimerIntClear            
000030e7  _system_pre_init         
000030ec  _ctypes_                 
000033a4  __TI_Handler_Table_Base  
000033b0  __TI_Handler_Table_Limit 
000033b8  __TI_CINIT_Base          
000033c8  __TI_CINIT_Limit         
20000000  __stack                  
20000200  __STACK_TOP              
200007d0  __STACK_END              
20000880  _Denorm                  
20000890  _Eps                     
200008a0  _Hugeval                 
200008b0  _Inf                     
200008c0  _Nan                     
200008d0  _Snan                    
200008e0  _Rteps                   
200008f0  _Xbig                    
200008f8  _Zero                    
20000900  pwmClockFreq             
20000904  pwmLoadValue             
20000908  _lock                    
2000090c  _unlock                  
20000910  __TI_cleanup_ptr         
20000914  __TI_dtors_ptr           
20000918  _Fenv                    
2000091c  _Tls_setup__Fenv         
20000920  _Errno                   
20000924  main_func_sp             
20000928  lcdOutput                
2000098c  dac_counter              
20000990  displayDecimalNumber     
20000994  inputValueADC            
20000998  resultADC                
2000099c  resultPercent            
200009a0  timerPeriod              
200009a4  ui32ADC0Value            
ffffffff  __binit__                
ffffffff  __c_args__               
ffffffff  binit                    
UNDEFED   SHT$$INIT_ARRAY$$Base    
UNDEFED   SHT$$INIT_ARRAY$$Limit   

[145 symbols]
