******************************************************************************
                  TI ARM Linker PC v5.2.2                      
******************************************************************************
>> Linked Mon Sep 04 23:45:33 2017

OUTPUT FILE NAME:   <Experiment8_Ex2_ADC.out>
ENTRY POINT SYMBOL: "_c_int00"  address: 000029d9


MEMORY CONFIGURATION

         name            origin    length      used     unused   attr    fill
----------------------  --------  ---------  --------  --------  ----  --------
  FLASH                 00000000   00040000  00003628  0003c9d8  R  X
  SRAM                  20000000   00008000  00000c15  000073eb  RW X


SEGMENT ALLOCATION MAP

run origin  load origin   length   init length attrs members
----------  ----------- ---------- ----------- ----- -------
00000000    00000000    00003628   00003628    r-x
  00000000    00000000    0000026c   0000026c    r-- .intvecs
  0000026c    0000026c    00002f3c   00002f3c    r-x .text
  000031a8    000031a8    00000408   00000408    r-- .const
  000035b0    000035b0    00000078   00000078    r-- .cinit
20000000    20000000    00000c19   00000000    rw-
  20000000    20000000    0000026c   00000000    rw- .vtable
  2000026c    2000026c    000007d0   00000000    rw- .stack
  20000a40    20000a40    00000158   00000000    rw- .data
  20000b98    20000b98    00000081   00000000    rw- .bss


SECTION ALLOCATION MAP

 output                                  attributes/
section   page    origin      length       input sections
--------  ----  ----------  ----------   ----------------
.intvecs   0    00000000    0000026c     
                  00000000    0000026c     tm4c123gh6pm_startup_ccs.obj (.intvecs)

.text      0    0000026c    00002f3c     
                  0000026c    000010ba     rtsv7M4_T_le_v4SPD16_eabi.lib : _printfi.obj (.text)
                  00001326    00000002     --HOLE-- [fill = 0]
                  00001328    00000450     main.obj (.text)
                  00001778    000001f4     rtsv7M4_T_le_v4SPD16_eabi.lib : ull_div_t2.obj (.text)
                  0000196c    000001b6                                   : fd_add_t2.obj (.text)
                  00001b22    00000136                                   : fd_div_t2.obj (.text)
                  00001c58    00000132     driverlib.lib : gpio.obj (.text:GPIOPadConfigSet)
                  00001d8a    00000002     --HOLE-- [fill = 0]
                  00001d8c    00000110                   : sysctl.obj (.text:SysCtlClockGet)
                  00001e9c    00000110     rtsv7M4_T_le_v4SPD16_eabi.lib : xdscale.obj (.text)
                  00001fac    000000fc                                   : fd_mul_t2.obj (.text)
                  000020a8    000000f4     driverlib.lib : sysctl.obj (.text:SysCtlClockSet)
                  0000219c    000000d8     tivaUtils.obj (.text)
                  00002274    000000be     rtsv7M4_T_le_v4SPD16_eabi.lib : xdnorm.obj (.text)
                  00002332    0000009c                                   : memcpy_t2.obj (.text)
                  000023ce    00000086                                   : fd_cmp_t2.obj (.text:__aeabi_cdcmple)
                  00002454    00000086                                   : fd_cmp_t2.obj (.text:__aeabi_cdrcmple)
                  000024da    0000007a     driverlib.lib : adc.obj (.text:ADCSequenceStepConfigure)
                  00002554    0000007a     rtsv7M4_T_le_v4SPD16_eabi.lib : memset_t2.obj (.text)
                  000025ce    00000002     --HOLE-- [fill = 0]
                  000025d0    0000006c                                   : autoinit.obj (.text)
                  0000263c    0000006a                                   : copy_decompress_rle.obj (.text)
                  000026a6    00000002     --HOLE-- [fill = 0]
                  000026a8    00000068     driverlib.lib : interrupt.obj (.text:IntEnable)
                  00002710    00000066     rtsv7M4_T_le_v4SPD16_eabi.lib : xdunscal.obj (.text)
                  00002776    00000002     --HOLE-- [fill = 0]
                  00002778    00000060     driverlib.lib : timer.obj (.text:TimerConfigure)
                  000027d8    00000060     rtsv7M4_T_le_v4SPD16_eabi.lib : sprintf.obj (.text)
                  00002838    00000056     driverlib.lib : gpio.obj (.text:GPIOIntTypeSet)
                  0000288e    00000056     rtsv7M4_T_le_v4SPD16_eabi.lib : ltoa.obj (.text)
                  000028e4    00000052                                   : ldexp.obj (.text)
                  00002936    00000050     driverlib.lib : adc.obj (.text:ADCSequenceConfigure)
                  00002986    00000002     --HOLE-- [fill = 0]
                  00002988    00000050                   : sysctl.obj (.text:SysCtlPeripheralReset)
                  000029d8    00000050     rtsv7M4_T_le_v4SPD16_eabi.lib : boot.obj (.text)
                  00002a28    0000004c                                   : atoi.obj (.text)
                  00002a74    0000004c                                   : cpy_tbl.obj (.text)
                  00002ac0    0000004a                                   : fd_tos_t2.obj (.text)
                  00002b0a    00000002     --HOLE-- [fill = 0]
                  00002b0c    00000048     driverlib.lib : gpio.obj (.text:GPIOPinConfigure)
                  00002b54    00000048     rtsv7M4_T_le_v4SPD16_eabi.lib : fd_toi_t2.obj (.text)
                  00002b9c    00000046     driverlib.lib : uart.obj (.text:UARTConfigSetExpClk)
                  00002be2    00000002     --HOLE-- [fill = 0]
                  00002be4    00000044                   : gpio.obj (.text:_GPIOIntNumberGet)
                  00002c28    00000044     rtsv7M4_T_le_v4SPD16_eabi.lib : exit.obj (.text)
                  00002c6c    00000044                                   : fd_tou_t2.obj (.text)
                  00002cb0    00000040                                   : signal.obj (.text)
                  00002cf0    00000038                                   : fs_tod_t2.obj (.text)
                  00002d28    00000034     driverlib.lib : interrupt.obj (.text:IntRegister)
                  00002d5c    00000034                   : sysctl.obj (.text:SysCtlPeripheralEnable)
                  00002d90    00000034     rtsv7M4_T_le_v4SPD16_eabi.lib : feraiseexcept.obj (.text)
                  00002dc4    00000030                                   : xdclass.obj (.text)
                  00002df4    00000030                                   : xferaise.obj (.text)
                  00002e24    0000002e     driverlib.lib : adc.obj (.text:ADCIntStatus)
                  00002e52    0000002e     rtsv7M4_T_le_v4SPD16_eabi.lib : i_tofd_t2.obj (.text)
                  00002e80    0000002e                                   : raise.obj (.text)
                  00002eae    0000002a     driverlib.lib : gpio.obj (.text:GPIODirModeSet)
                  00002ed8    0000002a     rtsv7M4_T_le_v4SPD16_eabi.lib : frexp.obj (.text)
                  00002f02    00000022     driverlib.lib : pwm.obj (.text:PWMGenConfigure)
                  00002f24    00000020                   : uart.obj (.text:UARTDisable)
                  00002f44    00000020     rtsv7M4_T_le_v4SPD16_eabi.lib : u_tofd_t2.obj (.text)
                  00002f64    0000001e     driverlib.lib : adc.obj (.text:ADCSequenceDataGet)
                  00002f82    0000001e                   : pwm.obj (.text:PWMPulseWidthSet)
                  00002fa0    0000001c     rtsv7M4_T_le_v4SPD16_eabi.lib : memccpy.obj (.text)
                  00002fbc    00000018     driverlib.lib : adc.obj (.text:ADCProcessorTrigger)
                  00002fd4    00000018                   : gpio.obj (.text:GPIOIntRegister)
                  00002fec    00000018                   : gpio.obj (.text:GPIOPinTypeGPIOOutput)
                  00003004    00000018     rtsv7M4_T_le_v4SPD16_eabi.lib : args_main.obj (.text)
                  0000301c    00000016                                   : strchr.obj (.text)
                  00003032    00000002     --HOLE-- [fill = 0]
                  00003034    00000014     driverlib.lib : sysctl.obj (.text:SysCtlPWMClockSet)
                  00003048    00000014                   : uart.obj (.text:UARTEnable)
                  0000305c    00000014     rtsv7M4_T_le_v4SPD16_eabi.lib : _lock.obj (.text)
                  00003070    00000014                                   : strlen.obj (.text)
                  00003084    00000012     driverlib.lib : gpio.obj (.text:GPIOPinTypeADC)
                  00003096    00000012                   : gpio.obj (.text:GPIOPinTypePWM)
                  000030a8    00000012                   : gpio.obj (.text:GPIOPinTypeUART)
                  000030ba    00000012                   : pwm.obj (.text:PWMOutputState)
                  000030cc    00000012                   : timer.obj (.text:TimerLoadSet)
                  000030de    00000010                   : interrupt.obj (.text:IntMasterEnable)
                  000030ee    00000010                   : pwm.obj (.text:PWMGenPeriodSet)
                  000030fe    0000000e                   : adc.obj (.text:ADCSequenceDisable)
                  0000310c    0000000e                   : adc.obj (.text:ADCSequenceEnable)
                  0000311a    0000000e                   : timer.obj (.text:TimerEnable)
                  00003128    0000000e     rtsv7M4_T_le_v4SPD16_eabi.lib : copy_decompress_none.obj (.text:decompress:none)
                  00003136    0000000c     driverlib.lib : cpu.obj (.text:CPUcpsie)
                  00003142    0000000c                   : gpio.obj (.text:GPIOIntEnable)
                  0000314e    0000000c                   : pwm.obj (.text:PWMGenEnable)
                  0000315a    0000000c     rtsv7M4_T_le_v4SPD16_eabi.lib : copy_zero_init.obj (.text:decompress:ZI)
                  00003166    0000000c     tm4c123gh6pm_startup_ccs.obj (.text)
                  00003172    0000000a     driverlib.lib : adc.obj (.text:ADCIntClear)
                  0000317c    0000000a                   : uart.obj (.text:UARTCharPut)
                  00003186    00000008                   : timer.obj (.text:TimerIntEnable)
                  0000318e    00000006                   : gpio.obj (.text:GPIOIntClear)
                  00003194    00000006                   : sysctl.obj (.text:SysCtlDelay)
                  0000319a    00000006     rtsv7M4_T_le_v4SPD16_eabi.lib : copy_decompress_rle.obj (.text:decompress:rle24)
                  000031a0    00000004     driverlib.lib : timer.obj (.text:TimerIntClear)
                  000031a4    00000004     rtsv7M4_T_le_v4SPD16_eabi.lib : pre_init.obj (.text)

.const     0    000031a8    00000408     
                  000031a8    00000101     rtsv7M4_T_le_v4SPD16_eabi.lib : ctype.obj (.const:.string:_ctypes_)
                  000032a9    00000003     --HOLE-- [fill = 0]
                  000032ac    000000d8     driverlib.lib : gpio.obj (.const:g_ppui32GPIOIntMapSnowflake)
                  00003384    000000c0                   : gpio.obj (.const:g_ppui32GPIOIntMapBlizzard)
                  00003444    00000090                   : gpio.obj (.const:g_pui32GPIOBaseAddrs)
                  000034d4    00000070                   : interrupt.obj (.const)
                  00003544    0000006c                   : sysctl.obj (.const:g_pui32Xtals)

.cinit     0    000035b0    00000078     
                  000035b0    00000041     (.cinit..data.load) [load image, compression = rle]
                  000035f1    00000003     --HOLE-- [fill = 0]
                  000035f4    0000000c     (__TI_handler_table)
                  00003600    00000008     (.cinit..bss.load) [load image, compression = zero_init]
                  00003608    00000008     (.cinit..vtable.load) [load image, compression = zero_init]
                  00003610    00000018     (__TI_cinit_table)

.init_array 
*          0    00000000    00000000     UNINITIALIZED

.vtable    0    20000000    0000026c     UNINITIALIZED
                  20000000    0000026c     driverlib.lib : interrupt.obj (.vtable)

.stack     0    2000026c    000007d0     UNINITIALIZED
                  2000026c    000007d0     --HOLE--

.data      0    20000a40    00000158     UNINITIALIZED
                  20000a40    000000b0     rtsv7M4_T_le_v4SPD16_eabi.lib : signal.obj (.data:sigtable)
                  20000af0    00000080                                   : xvalues.obj (.data)
                  20000b70    00000008     main.obj (.data)
                  20000b78    00000008     rtsv7M4_T_le_v4SPD16_eabi.lib : _lock.obj (.data)
                  20000b80    00000008                                   : exit.obj (.data)
                  20000b88    00000008                                   : feraiseexcept.obj (.data)
                  20000b90    00000004                                   : errno.obj (.data)
                  20000b94    00000004                                   : stkdepth_vars.obj (.data)

.bss       0    20000b98    00000081     UNINITIALIZED
                  20000b98    00000064     main.obj (.bss:lcdOutput)
                  20000bfc    00000004     (.common:dac_counter)
                  20000c00    00000004     (.common:displayDecimalNumber)
                  20000c04    00000004     (.common:inputValueADC)
                  20000c08    00000004     (.common:resultADC)
                  20000c0c    00000004     (.common:resultPercent)
                  20000c10    00000004     (.common:timerPeriod)
                  20000c14    00000004     (.common:ui32ADC0Value)
                  20000c18    00000001     (.common:temperatureToggle)

.TI.persistent 
*          0    20000a40    00000000     UNINITIALIZED

.TI.noinit 
*          0    20000b98    00000000     UNINITIALIZED


LINKER GENERATED COPY TABLES

__TI_cinit_table @ 00003610 records: 3, size/record: 8, table size: 24
	.data: load addr=000035b0, load size=00000041 bytes, run addr=20000a40, run size=00000158 bytes, compression=rle
	.bss: load addr=00003600, load size=00000008 bytes, run addr=20000b98, run size=00000081 bytes, compression=zero_init
	.vtable: load addr=00003608, load size=00000008 bytes, run addr=20000000, run size=0000026c bytes, compression=zero_init


LINKER GENERATED HANDLER TABLE

__TI_handler_table @ 000035f4 records: 3, size/record: 4, table size: 12
	index: 0, handler: __TI_zero_init
	index: 1, handler: __TI_decompress_rle24
	index: 2, handler: __TI_decompress_none


GLOBAL SYMBOLS: SORTED ALPHABETICALLY BY Name 

address   name                     
-------   ----                     
00003173  ADCIntClear              
00002e25  ADCIntStatus             
00002fbd  ADCProcessorTrigger      
00002937  ADCSequenceConfigure     
00002f65  ADCSequenceDataGet       
000030ff  ADCSequenceDisable       
0000310d  ADCSequenceEnable        
000024db  ADCSequenceStepConfigure 
00002c29  C$$EXIT                  
00003137  CPUcpsie                 
00001681  ENTER_PUSHB_INTERRUPT    
00002eaf  GPIODirModeSet           
0000318f  GPIOIntClear             
00003143  GPIOIntEnable            
00002fd5  GPIOIntRegister          
00002839  GPIOIntTypeSet           
00001c59  GPIOPadConfigSet         
00002b0d  GPIOPinConfigure         
00003085  GPIOPinTypeADC           
00002fed  GPIOPinTypeGPIOOutput    
00003097  GPIOPinTypePWM           
000030a9  GPIOPinTypeUART          
000026a9  IntEnable                
000030df  IntMasterEnable          
00002d29  IntRegister              
00002f03  PWMGenConfigure          
0000314f  PWMGenEnable             
000030ef  PWMGenPeriodSet          
000030bb  PWMOutputState           
00002f83  PWMPulseWidthSet         
00003167  ResetISR                 
UNDEFED   SHT$$INIT_ARRAY$$Base    
UNDEFED   SHT$$INIT_ARRAY$$Limit   
00001d8d  SysCtlClockGet           
000020a9  SysCtlClockSet           
00003195  SysCtlDelay              
00003035  SysCtlPWMClockSet        
00002d5d  SysCtlPeripheralEnable   
00002989  SysCtlPeripheralReset    
00001645  TIMER_INTERRUPT_ISR      
00002779  TimerConfigure           
0000311b  TimerEnable              
000031a1  TimerIntClear            
00003187  TimerIntEnable           
000030cd  TimerLoadSet             
0000317d  UARTCharPut              
00002b9d  UARTConfigSetExpClk      
00002f25  UARTDisable              
00003049  UARTEnable               
00002dc5  _Dclass                  
20000af0  _Denorm                  
00002275  _Dnorm                   
00001e9d  _Dscale                  
00002711  _Dunscale                
20000b00  _Eps                     
20000b90  _Errno                   
20000b88  _Fenv                    
00002df5  _Feraise                 
20000b10  _Hugeval                 
20000b20  _Inf                     
20000b30  _Nan                     
20000b50  _Rteps                   
20000b40  _Snan                    
20000b8c  _Tls_setup__Fenv         
20000b60  _Xbig                    
20000b68  _Zero                    
20000a3c  __STACK_END              
000007d0  __STACK_SIZE             
2000046c  __STACK_TOP              
00003610  __TI_CINIT_Base          
00003628  __TI_CINIT_Limit         
000035f4  __TI_Handler_Table_Base  
00003600  __TI_Handler_Table_Limit 
000025d1  __TI_auto_init           
20000b80  __TI_cleanup_ptr         
00003129  __TI_decompress_none     
0000319b  __TI_decompress_rle24    
20000b84  __TI_dtors_ptr           
00001021  __TI_printfi             
00000000  __TI_static_base__       
0000315b  __TI_zero_init           
000023cf  __aeabi_cdcmpeq          
000023cf  __aeabi_cdcmple          
00002455  __aeabi_cdrcmple         
00002ac1  __aeabi_d2f              
00002b55  __aeabi_d2iz             
00002c6d  __aeabi_d2uiz            
00001977  __aeabi_dadd             
00001b23  __aeabi_ddiv             
00001fad  __aeabi_dmul             
0000196d  __aeabi_dsub             
00002cf1  __aeabi_f2d              
00002e53  __aeabi_i2d              
00002555  __aeabi_memclr           
00002555  __aeabi_memclr4          
00002555  __aeabi_memclr8          
00002333  __aeabi_memcpy           
00002333  __aeabi_memcpy4          
00002333  __aeabi_memcpy8          
00002557  __aeabi_memset           
00002557  __aeabi_memset4          
00002557  __aeabi_memset8          
00002f45  __aeabi_ui2d             
00001779  __aeabi_uldivmod         
ffffffff  __binit__                
ffffffff  __c_args__               
2000026c  __stack                  
00003005  _args_main               
000029d9  _c_int00                 
000031a8  _ctypes_                 
20000b78  _lock                    
0000306b  _nop                     
00003063  _register_lock           
0000305d  _register_unlock         
000031a5  _system_pre_init         
20000b7c  _unlock                  
00002c2d  abort                    
00002a29  atoi                     
ffffffff  binit                    
0000219d  computeDelayCount        
000021e1  computeDelayCountMicrosec
00002a75  copy_in                  
20000bfc  dac_counter              
20000c00  displayDecimalNumber     
00002c35  exit                     
00002d91  feraiseexcept            
00002ed9  frexp                    
20000000  g_pfnRAMVectors          
00000000  g_pfnVectors             
20000c04  inputValueADC            
20000b98  lcdOutput                
000028e5  ldexp                    
0000288f  ltoa                     
00001329  main                     
20000b94  main_func_sp             
00002fa1  memccpy                  
00002333  memcpy                   
0000255d  memset                   
0000160b  printMessageUART         
20000b70  pwmClockFreq             
20000b74  pwmLoadValue             
00002e81  raise                    
20000c08  resultADC                
20000c0c  resultPercent            
00002227  setDelay                 
00002239  setDelayMicro            
00002cb1  signal                   
000027d9  sprintf                  
0000301d  strchr                   
00003071  strlen                   
20000c18  temperatureToggle        
20000c10  timerPeriod              
20000c14  ui32ADC0Value            


GLOBAL SYMBOLS: SORTED BY Symbol Address 

address   name                     
-------   ----                     
00000000  __TI_static_base__       
00000000  g_pfnVectors             
000007d0  __STACK_SIZE             
00001021  __TI_printfi             
00001329  main                     
0000160b  printMessageUART         
00001645  TIMER_INTERRUPT_ISR      
00001681  ENTER_PUSHB_INTERRUPT    
00001779  __aeabi_uldivmod         
0000196d  __aeabi_dsub             
00001977  __aeabi_dadd             
00001b23  __aeabi_ddiv             
00001c59  GPIOPadConfigSet         
00001d8d  SysCtlClockGet           
00001e9d  _Dscale                  
00001fad  __aeabi_dmul             
000020a9  SysCtlClockSet           
0000219d  computeDelayCount        
000021e1  computeDelayCountMicrosec
00002227  setDelay                 
00002239  setDelayMicro            
00002275  _Dnorm                   
00002333  __aeabi_memcpy           
00002333  __aeabi_memcpy4          
00002333  __aeabi_memcpy8          
00002333  memcpy                   
000023cf  __aeabi_cdcmpeq          
000023cf  __aeabi_cdcmple          
00002455  __aeabi_cdrcmple         
000024db  ADCSequenceStepConfigure 
00002555  __aeabi_memclr           
00002555  __aeabi_memclr4          
00002555  __aeabi_memclr8          
00002557  __aeabi_memset           
00002557  __aeabi_memset4          
00002557  __aeabi_memset8          
0000255d  memset                   
000025d1  __TI_auto_init           
000026a9  IntEnable                
00002711  _Dunscale                
00002779  TimerConfigure           
000027d9  sprintf                  
00002839  GPIOIntTypeSet           
0000288f  ltoa                     
000028e5  ldexp                    
00002937  ADCSequenceConfigure     
00002989  SysCtlPeripheralReset    
000029d9  _c_int00                 
00002a29  atoi                     
00002a75  copy_in                  
00002ac1  __aeabi_d2f              
00002b0d  GPIOPinConfigure         
00002b55  __aeabi_d2iz             
00002b9d  UARTConfigSetExpClk      
00002c29  C$$EXIT                  
00002c2d  abort                    
00002c35  exit                     
00002c6d  __aeabi_d2uiz            
00002cb1  signal                   
00002cf1  __aeabi_f2d              
00002d29  IntRegister              
00002d5d  SysCtlPeripheralEnable   
00002d91  feraiseexcept            
00002dc5  _Dclass                  
00002df5  _Feraise                 
00002e25  ADCIntStatus             
00002e53  __aeabi_i2d              
00002e81  raise                    
00002eaf  GPIODirModeSet           
00002ed9  frexp                    
00002f03  PWMGenConfigure          
00002f25  UARTDisable              
00002f45  __aeabi_ui2d             
00002f65  ADCSequenceDataGet       
00002f83  PWMPulseWidthSet         
00002fa1  memccpy                  
00002fbd  ADCProcessorTrigger      
00002fd5  GPIOIntRegister          
00002fed  GPIOPinTypeGPIOOutput    
00003005  _args_main               
0000301d  strchr                   
00003035  SysCtlPWMClockSet        
00003049  UARTEnable               
0000305d  _register_unlock         
00003063  _register_lock           
0000306b  _nop                     
00003071  strlen                   
00003085  GPIOPinTypeADC           
00003097  GPIOPinTypePWM           
000030a9  GPIOPinTypeUART          
000030bb  PWMOutputState           
000030cd  TimerLoadSet             
000030df  IntMasterEnable          
000030ef  PWMGenPeriodSet          
000030ff  ADCSequenceDisable       
0000310d  ADCSequenceEnable        
0000311b  TimerEnable              
00003129  __TI_decompress_none     
00003137  CPUcpsie                 
00003143  GPIOIntEnable            
0000314f  PWMGenEnable             
0000315b  __TI_zero_init           
00003167  ResetISR                 
00003173  ADCIntClear              
0000317d  UARTCharPut              
00003187  TimerIntEnable           
0000318f  GPIOIntClear             
00003195  SysCtlDelay              
0000319b  __TI_decompress_rle24    
000031a1  TimerIntClear            
000031a5  _system_pre_init         
000031a8  _ctypes_                 
000035f4  __TI_Handler_Table_Base  
00003600  __TI_Handler_Table_Limit 
00003610  __TI_CINIT_Base          
00003628  __TI_CINIT_Limit         
20000000  g_pfnRAMVectors          
2000026c  __stack                  
2000046c  __STACK_TOP              
20000a3c  __STACK_END              
20000af0  _Denorm                  
20000b00  _Eps                     
20000b10  _Hugeval                 
20000b20  _Inf                     
20000b30  _Nan                     
20000b40  _Snan                    
20000b50  _Rteps                   
20000b60  _Xbig                    
20000b68  _Zero                    
20000b70  pwmClockFreq             
20000b74  pwmLoadValue             
20000b78  _lock                    
20000b7c  _unlock                  
20000b80  __TI_cleanup_ptr         
20000b84  __TI_dtors_ptr           
20000b88  _Fenv                    
20000b8c  _Tls_setup__Fenv         
20000b90  _Errno                   
20000b94  main_func_sp             
20000b98  lcdOutput                
20000bfc  dac_counter              
20000c00  displayDecimalNumber     
20000c04  inputValueADC            
20000c08  resultADC                
20000c0c  resultPercent            
20000c10  timerPeriod              
20000c14  ui32ADC0Value            
20000c18  temperatureToggle        
ffffffff  __binit__                
ffffffff  __c_args__               
ffffffff  binit                    
UNDEFED   SHT$$INIT_ARRAY$$Base    
UNDEFED   SHT$$INIT_ARRAY$$Limit   

[153 symbols]
