******************************************************************************
                  TI ARM Linker PC v5.2.2                      
******************************************************************************
>> Linked Sun Aug 20 19:20:02 2017

OUTPUT FILE NAME:   <Experiment4_Tachometer.out>
ENTRY POINT SYMBOL: "_c_int00"  address: 00000f21


MEMORY CONFIGURATION

         name            origin    length      used     unused   attr    fill
----------------------  --------  ---------  --------  --------  ----  --------
  FLASH                 00000000   00040000  0000160a  0003e9f6  R  X
  SRAM                  20000000   00008000  000004e8  00007b18  RW X


SEGMENT ALLOCATION MAP

run origin  load origin   length   init length attrs members
----------  ----------- ---------- ----------- ----- -------
00000000    00000000    00001610   00001610    r-x
  00000000    00000000    0000026c   0000026c    r-- .intvecs
  0000026c    0000026c    00000ffa   00000ffa    r-x .text
  00001268    00001268    00000334   00000334    r-- .const
  000015a0    000015a0    00000070   00000070    r-- .cinit
20000000    20000000    000004e8   00000000    rw-
  20000000    20000000    0000026c   00000000    rw- .vtable
  2000026c    2000026c    00000200   00000000    rw- .stack
  2000046c    2000046c    00000068   00000000    rw- .data
  200004d4    200004d4    00000014   00000000    rw- .bss


SECTION ALLOCATION MAP

 output                                  attributes/
section   page    origin      length       input sections
--------  ----  ----------  ----------   ----------------
.intvecs   0    00000000    0000026c     
                  00000000    0000026c     tm4c123gh6pm_startup_ccs.obj (.intvecs)

.text      0    0000026c    00000ffa     
                  0000026c    000003b0     main.obj (.text)
                  0000061c    000001c0     MIL_LCD_lib.obj (.text)
                  000007dc    00000132     driverlib.lib : gpio.obj (.text:GPIOPadConfigSet)
                  0000090e    00000002     --HOLE-- [fill = 0]
                  00000910    00000110                   : sysctl.obj (.text:SysCtlClockGet)
                  00000a20    000000fc     rtsv7M4_T_le_v4SPD16_eabi.lib : fd_mul_t2.obj (.text)
                  00000b1c    000000f4     driverlib.lib : sysctl.obj (.text:SysCtlClockSet)
                  00000c10    0000009c     rtsv7M4_T_le_v4SPD16_eabi.lib : memcpy_t2.obj (.text)
                  00000cac    0000007a                                   : memset_t2.obj (.text)
                  00000d26    00000002     --HOLE-- [fill = 0]
                  00000d28    0000006c                                   : autoinit.obj (.text)
                  00000d94    0000006a                                   : copy_decompress_rle.obj (.text)
                  00000dfe    00000002     --HOLE-- [fill = 0]
                  00000e00    00000068     driverlib.lib : interrupt.obj (.text:IntEnable)
                  00000e68    00000060                   : timer.obj (.text:TimerConfigure)
                  00000ec8    00000056                   : gpio.obj (.text:GPIOIntTypeSet)
                  00000f1e    00000002     --HOLE-- [fill = 0]
                  00000f20    00000050     rtsv7M4_T_le_v4SPD16_eabi.lib : boot.obj (.text)
                  00000f70    0000004c                                   : cpy_tbl.obj (.text)
                  00000fbc    00000044     driverlib.lib : gpio.obj (.text:_GPIOIntNumberGet)
                  00001000    00000044     rtsv7M4_T_le_v4SPD16_eabi.lib : exit.obj (.text)
                  00001044    00000044                                   : fd_tou_t2.obj (.text)
                  00001088    00000034     driverlib.lib : interrupt.obj (.text:IntRegister)
                  000010bc    00000034                   : sysctl.obj (.text:SysCtlPeripheralEnable)
                  000010f0    0000002a                   : gpio.obj (.text:GPIODirModeSet)
                  0000111a    00000020     rtsv7M4_T_le_v4SPD16_eabi.lib : u_tofd_t2.obj (.text)
                  0000113a    00000018     driverlib.lib : gpio.obj (.text:GPIOIntRegister)
                  00001152    00000018                   : gpio.obj (.text:GPIOPinTypeGPIOOutput)
                  0000116a    00000002     --HOLE-- [fill = 0]
                  0000116c    00000018                   : timer.obj (.text:TimerDisable)
                  00001184    00000018     rtsv7M4_T_le_v4SPD16_eabi.lib : args_main.obj (.text)
                  0000119c    00000014                                   : _lock.obj (.text)
                  000011b0    00000012     driverlib.lib : gpio.obj (.text:GPIOPinTypeGPIOInput)
                  000011c2    00000012                   : timer.obj (.text:TimerLoadSet)
                  000011d4    00000010                   : interrupt.obj (.text:IntMasterEnable)
                  000011e4    0000000e                   : gpio.obj (.text:GPIOIntStatus)
                  000011f2    0000000e                   : timer.obj (.text:TimerEnable)
                  00001200    0000000e     rtsv7M4_T_le_v4SPD16_eabi.lib : copy_decompress_none.obj (.text:decompress:none)
                  0000120e    0000000c     driverlib.lib : cpu.obj (.text:CPUcpsie)
                  0000121a    0000000c                   : gpio.obj (.text:GPIOIntEnable)
                  00001226    0000000c     rtsv7M4_T_le_v4SPD16_eabi.lib : copy_zero_init.obj (.text:decompress:ZI)
                  00001232    0000000c     tm4c123gh6pm_startup_ccs.obj (.text)
                  0000123e    00000008     driverlib.lib : timer.obj (.text:TimerIntEnable)
                  00001246    00000006                   : gpio.obj (.text:GPIOIntClear)
                  0000124c    00000006                   : gpio.obj (.text:GPIOPinWrite)
                  00001252    00000006                   : sysctl.obj (.text:SysCtlDelay)
                  00001258    00000006     rtsv7M4_T_le_v4SPD16_eabi.lib : copy_decompress_rle.obj (.text:decompress:rle24)
                  0000125e    00000004     driverlib.lib : timer.obj (.text:TimerIntClear)
                  00001262    00000004     rtsv7M4_T_le_v4SPD16_eabi.lib : pre_init.obj (.text)

.const     0    00001268    00000334     
                  00001268    000000d8     driverlib.lib : gpio.obj (.const:g_ppui32GPIOIntMapSnowflake)
                  00001340    000000c0                   : gpio.obj (.const:g_ppui32GPIOIntMapBlizzard)
                  00001400    00000070                   : interrupt.obj (.const)
                  00001470    0000006c                   : sysctl.obj (.const:g_pui32Xtals)
                  000014dc    00000060     main.obj (.const:$P$T0$1)
                  0000153c    00000060     main.obj (.const:$P$T1$2)

.cinit     0    000015a0    00000070     
                  000015a0    00000037     (.cinit..data.load) [load image, compression = rle]
                  000015d7    00000001     --HOLE-- [fill = 0]
                  000015d8    0000000c     (__TI_handler_table)
                  000015e4    00000004     --HOLE-- [fill = 0]
                  000015e8    00000008     (.cinit..bss.load) [load image, compression = zero_init]
                  000015f0    00000008     (.cinit..vtable.load) [load image, compression = zero_init]
                  000015f8    00000018     (__TI_cinit_table)

.init_array 
*          0    00000000    00000000     UNINITIALIZED

.vtable    0    20000000    0000026c     UNINITIALIZED
                  20000000    0000026c     driverlib.lib : interrupt.obj (.vtable)

.stack     0    2000026c    00000200     UNINITIALIZED
                  2000026c    00000200     --HOLE--

.data      0    2000046c    00000068     UNINITIALIZED
                  2000046c    00000040     main.obj (.data:LUT)
                  200004ac    00000014     main.obj (.data)
                  200004c0    00000008     rtsv7M4_T_le_v4SPD16_eabi.lib : _lock.obj (.data)
                  200004c8    00000008                                   : exit.obj (.data)
                  200004d0    00000004                                   : stkdepth_vars.obj (.data)

.bss       0    200004d4    00000014     UNINITIALIZED
                  200004d4    00000004     (.common:indexLUT)
                  200004d8    00000004     (.common:newA)
                  200004dc    00000004     (.common:oldA)
                  200004e0    00000004     (.common:oldB)
                  200004e4    00000004     (.common:ui32Period)

.TI.persistent 
*          0    2000046c    00000000     UNINITIALIZED

.TI.noinit 
*          0    200004d4    00000000     UNINITIALIZED


LINKER GENERATED COPY TABLES

__TI_cinit_table @ 000015f8 records: 3, size/record: 8, table size: 24
	.data: load addr=000015a0, load size=00000037 bytes, run addr=2000046c, run size=00000068 bytes, compression=rle
	.bss: load addr=000015e8, load size=00000008 bytes, run addr=200004d4, run size=00000014 bytes, compression=zero_init
	.vtable: load addr=000015f0, load size=00000008 bytes, run addr=20000000, run size=0000026c bytes, compression=zero_init


LINKER GENERATED HANDLER TABLE

__TI_handler_table @ 000015d8 records: 3, size/record: 4, table size: 12
	index: 0, handler: __TI_zero_init
	index: 1, handler: __TI_decompress_rle24
	index: 2, handler: __TI_decompress_none


GLOBAL SYMBOLS: SORTED ALPHABETICALLY BY Name 

address   name                    
-------   ----                    
00001001  C$$EXIT                 
0000120f  CPUcpsie                
000010f1  GPIODirModeSet          
00001247  GPIOIntClear            
0000121b  GPIOIntEnable           
0000113b  GPIOIntRegister         
000011e5  GPIOIntStatus           
00000ec9  GPIOIntTypeSet          
000007dd  GPIOPadConfigSet        
000011b1  GPIOPinTypeGPIOInput    
00001153  GPIOPinTypeGPIOOutput   
0000124d  GPIOPinWrite            
00000e01  IntEnable               
000011d5  IntMasterEnable         
00001089  IntRegister             
2000046c  LUT                     
0000059d  PB1_IntHandler          
00001233  ResetISR                
UNDEFED   SHT$$INIT_ARRAY$$Base   
UNDEFED   SHT$$INIT_ARRAY$$Limit  
00000911  SysCtlClockGet          
00000b1d  SysCtlClockSet          
00001253  SysCtlDelay             
000010bd  SysCtlPeripheralEnable  
00000563  Timer0IntHandler        
00000e69  TimerConfigure          
0000116d  TimerDisable            
000011f3  TimerEnable             
0000125f  TimerIntClear           
0000123f  TimerIntEnable          
000011c3  TimerLoadSet            
2000046c  __STACK_END             
00000200  __STACK_SIZE            
2000046c  __STACK_TOP             
000015f8  __TI_CINIT_Base         
00001610  __TI_CINIT_Limit        
000015d8  __TI_Handler_Table_Base 
000015e4  __TI_Handler_Table_Limit
00000d29  __TI_auto_init          
200004c8  __TI_cleanup_ptr        
00001201  __TI_decompress_none    
00001259  __TI_decompress_rle24   
200004cc  __TI_dtors_ptr          
00000000  __TI_static_base__      
00001227  __TI_zero_init          
00001045  __aeabi_d2uiz           
00000a21  __aeabi_dmul            
00000cad  __aeabi_memclr          
00000cad  __aeabi_memclr4         
00000cad  __aeabi_memclr8         
00000c11  __aeabi_memcpy          
00000c11  __aeabi_memcpy4         
00000c11  __aeabi_memcpy8         
00000caf  __aeabi_memset          
00000caf  __aeabi_memset4         
00000caf  __aeabi_memset8         
0000111b  __aeabi_ui2d            
ffffffff  __binit__               
ffffffff  __c_args__              
2000026c  __stack                 
00001185  _args_main              
00000f21  _c_int00                
200004c0  _lock                   
000011ab  _nop                    
000011a3  _register_lock          
0000119d  _register_unlock        
00001263  _system_pre_init        
200004c4  _unlock                 
00001005  abort                   
ffffffff  binit                   
0000064b  clearLCD                
00000f71  copy_in                 
00000543  decCounter              
0000100d  exit                    
20000000  g_pfnRAMVectors         
00000000  g_pfnVectors            
0000051f  incCounter              
200004d4  indexLUT                
0000061d  initializeLCD           
200004b4  intStep                 
0000026d  main                    
200004d0  main_func_sp            
00000c11  memcpy                  
00000cb5  memset                  
200004bc  millisCounterFinal      
200004b8  millisCounterInit       
00000759  moveCursor              
200004d8  newA                    
200004b0  newB                    
200004dc  oldA                    
200004e0  oldB                    
00000715  sendSignal              
00000657  setCursorPosition       
200004ac  signal                  
200004e4  ui32Period              
00000687  writeChar               
000006ad  writeCommand            
000006d9  writeMessage            


GLOBAL SYMBOLS: SORTED BY Symbol Address 

address   name                    
-------   ----                    
00000000  __TI_static_base__      
00000000  g_pfnVectors            
00000200  __STACK_SIZE            
0000026d  main                    
0000051f  incCounter              
00000543  decCounter              
00000563  Timer0IntHandler        
0000059d  PB1_IntHandler          
0000061d  initializeLCD           
0000064b  clearLCD                
00000657  setCursorPosition       
00000687  writeChar               
000006ad  writeCommand            
000006d9  writeMessage            
00000715  sendSignal              
00000759  moveCursor              
000007dd  GPIOPadConfigSet        
00000911  SysCtlClockGet          
00000a21  __aeabi_dmul            
00000b1d  SysCtlClockSet          
00000c11  __aeabi_memcpy          
00000c11  __aeabi_memcpy4         
00000c11  __aeabi_memcpy8         
00000c11  memcpy                  
00000cad  __aeabi_memclr          
00000cad  __aeabi_memclr4         
00000cad  __aeabi_memclr8         
00000caf  __aeabi_memset          
00000caf  __aeabi_memset4         
00000caf  __aeabi_memset8         
00000cb5  memset                  
00000d29  __TI_auto_init          
00000e01  IntEnable               
00000e69  TimerConfigure          
00000ec9  GPIOIntTypeSet          
00000f21  _c_int00                
00000f71  copy_in                 
00001001  C$$EXIT                 
00001005  abort                   
0000100d  exit                    
00001045  __aeabi_d2uiz           
00001089  IntRegister             
000010bd  SysCtlPeripheralEnable  
000010f1  GPIODirModeSet          
0000111b  __aeabi_ui2d            
0000113b  GPIOIntRegister         
00001153  GPIOPinTypeGPIOOutput   
0000116d  TimerDisable            
00001185  _args_main              
0000119d  _register_unlock        
000011a3  _register_lock          
000011ab  _nop                    
000011b1  GPIOPinTypeGPIOInput    
000011c3  TimerLoadSet            
000011d5  IntMasterEnable         
000011e5  GPIOIntStatus           
000011f3  TimerEnable             
00001201  __TI_decompress_none    
0000120f  CPUcpsie                
0000121b  GPIOIntEnable           
00001227  __TI_zero_init          
00001233  ResetISR                
0000123f  TimerIntEnable          
00001247  GPIOIntClear            
0000124d  GPIOPinWrite            
00001253  SysCtlDelay             
00001259  __TI_decompress_rle24   
0000125f  TimerIntClear           
00001263  _system_pre_init        
000015d8  __TI_Handler_Table_Base 
000015e4  __TI_Handler_Table_Limit
000015f8  __TI_CINIT_Base         
00001610  __TI_CINIT_Limit        
20000000  g_pfnRAMVectors         
2000026c  __stack                 
2000046c  LUT                     
2000046c  __STACK_END             
2000046c  __STACK_TOP             
200004ac  signal                  
200004b0  newB                    
200004b4  intStep                 
200004b8  millisCounterInit       
200004bc  millisCounterFinal      
200004c0  _lock                   
200004c4  _unlock                 
200004c8  __TI_cleanup_ptr        
200004cc  __TI_dtors_ptr          
200004d0  main_func_sp            
200004d4  indexLUT                
200004d8  newA                    
200004dc  oldA                    
200004e0  oldB                    
200004e4  ui32Period              
ffffffff  __binit__               
ffffffff  __c_args__              
ffffffff  binit                   
UNDEFED   SHT$$INIT_ARRAY$$Base   
UNDEFED   SHT$$INIT_ARRAY$$Limit  

[98 symbols]
