******************************************************************************
                  TI ARM Linker PC v5.2.2                      
******************************************************************************
>> Linked Tue Mar 21 14:36:28 2017

OUTPUT FILE NAME:   <Experiment5_RGBLED.out>
ENTRY POINT SYMBOL: "_c_int00"  address: 00000c99


MEMORY CONFIGURATION

         name            origin    length      used     unused   attr    fill
----------------------  --------  ---------  --------  --------  ----  --------
  FLASH                 00000000   00040000  0000138e  0003ec72  R  X
  SRAM                  20000000   00008000  0000048c  00007b74  RW X


SEGMENT ALLOCATION MAP

run origin  load origin   length   init length attrs members
----------  ----------- ---------- ----------- ----- -------
00000000    00000000    00001390   00001390    r-x
  00000000    00000000    0000026c   0000026c    r-- .intvecs
  0000026c    0000026c    00000dc6   00000dc6    r-x .text
  00001034    00001034    0000031c   0000031c    r-- .const
  00001350    00001350    00000040   00000040    r-- .cinit
20000000    20000000    0000048c   00000000    rw-
  20000000    20000000    0000026c   00000000    rw- .vtable
  2000026c    2000026c    00000200   00000000    rw- .stack
  2000046c    2000046c    00000020   00000000    rw- .data


SECTION ALLOCATION MAP

 output                                  attributes/
section   page    origin      length       input sections
--------  ----  ----------  ----------   ----------------
.intvecs   0    00000000    0000026c     
                  00000000    0000026c     tm4c123gh6pm_startup_ccs.obj (.intvecs)

.text      0    0000026c    00000dc6     
                  0000026c    00000348     main.obj (.text)
                  000005b4    00000132     driverlib.lib : gpio.obj (.text:GPIOPadConfigSet)
                  000006e6    00000002     --HOLE-- [fill = 0]
                  000006e8    00000110                   : sysctl.obj (.text:SysCtlClockGet)
                  000007f8    000000fc     rtsv7M4_T_le_v4SPD16_eabi.lib : fd_mul_t2.obj (.text)
                  000008f4    000000f4     driverlib.lib : sysctl.obj (.text:SysCtlClockSet)
                  000009e8    0000009c     rtsv7M4_T_le_v4SPD16_eabi.lib : memcpy_t2.obj (.text)
                  00000a84    0000007a                                   : memset_t2.obj (.text)
                  00000afe    00000002     --HOLE-- [fill = 0]
                  00000b00    0000006c                                   : autoinit.obj (.text)
                  00000b6c    0000006a                                   : copy_decompress_rle.obj (.text)
                  00000bd6    00000002     --HOLE-- [fill = 0]
                  00000bd8    00000068     driverlib.lib : interrupt.obj (.text:IntEnable)
                  00000c40    00000056                   : gpio.obj (.text:GPIOIntTypeSet)
                  00000c96    00000002     --HOLE-- [fill = 0]
                  00000c98    00000050     rtsv7M4_T_le_v4SPD16_eabi.lib : boot.obj (.text)
                  00000ce8    0000004c                                   : cpy_tbl.obj (.text)
                  00000d34    00000048     driverlib.lib : gpio.obj (.text:GPIOPinConfigure)
                  00000d7c    00000044                   : gpio.obj (.text:_GPIOIntNumberGet)
                  00000dc0    00000044     rtsv7M4_T_le_v4SPD16_eabi.lib : exit.obj (.text)
                  00000e04    00000044                                   : fd_tou_t2.obj (.text)
                  00000e48    00000034     driverlib.lib : interrupt.obj (.text:IntRegister)
                  00000e7c    00000034                   : sysctl.obj (.text:SysCtlPeripheralEnable)
                  00000eb0    0000002a                   : gpio.obj (.text:GPIODirModeSet)
                  00000eda    00000022                   : pwm.obj (.text:PWMGenConfigure)
                  00000efc    00000020     rtsv7M4_T_le_v4SPD16_eabi.lib : u_tofd_t2.obj (.text)
                  00000f1c    0000001e     driverlib.lib : pwm.obj (.text:PWMPulseWidthSet)
                  00000f3a    00000018                   : gpio.obj (.text:GPIOIntRegister)
                  00000f52    00000002     --HOLE-- [fill = 0]
                  00000f54    00000018     rtsv7M4_T_le_v4SPD16_eabi.lib : args_main.obj (.text)
                  00000f6c    00000014     driverlib.lib : sysctl.obj (.text:SysCtlPWMClockSet)
                  00000f80    00000014     rtsv7M4_T_le_v4SPD16_eabi.lib : _lock.obj (.text)
                  00000f94    00000012     driverlib.lib : gpio.obj (.text:GPIOPinTypeGPIOInput)
                  00000fa6    00000012                   : gpio.obj (.text:GPIOPinTypePWM)
                  00000fb8    00000012                   : pwm.obj (.text:PWMOutputState)
                  00000fca    00000010                   : pwm.obj (.text:PWMGenPeriodSet)
                  00000fda    0000000e     rtsv7M4_T_le_v4SPD16_eabi.lib : copy_decompress_none.obj (.text:decompress:none)
                  00000fe8    0000000c     driverlib.lib : gpio.obj (.text:GPIOIntEnable)
                  00000ff4    0000000c                   : pwm.obj (.text:PWMGenEnable)
                  00001000    0000000c     rtsv7M4_T_le_v4SPD16_eabi.lib : copy_zero_init.obj (.text:decompress:ZI)
                  0000100c    0000000c     tm4c123gh6pm_startup_ccs.obj (.text)
                  00001018    00000006     driverlib.lib : gpio.obj (.text:GPIOIntClear)
                  0000101e    00000006                   : sysctl.obj (.text:SysCtlDelay)
                  00001024    00000006     rtsv7M4_T_le_v4SPD16_eabi.lib : copy_decompress_rle.obj (.text:decompress:rle24)
                  0000102a    00000004     driverlib.lib : cpu.obj (.text:CPUwfi)
                  0000102e    00000004     rtsv7M4_T_le_v4SPD16_eabi.lib : pre_init.obj (.text)

.const     0    00001034    0000031c     
                  00001034    000000d8     driverlib.lib : gpio.obj (.const:g_ppui32GPIOIntMapSnowflake)
                  0000110c    000000c0                   : gpio.obj (.const:g_ppui32GPIOIntMapBlizzard)
                  000011cc    00000090                   : gpio.obj (.const:g_pui32GPIOBaseAddrs)
                  0000125c    00000070                   : interrupt.obj (.const)
                  000012cc    0000006c                   : sysctl.obj (.const:g_pui32Xtals)
                  00001338    00000018     main.obj (.const)

.cinit     0    00001350    00000040     
                  00001350    00000016     (.cinit..data.load) [load image, compression = rle]
                  00001366    00000002     --HOLE-- [fill = 0]
                  00001368    0000000c     (__TI_handler_table)
                  00001374    00000004     --HOLE-- [fill = 0]
                  00001378    00000008     (.cinit..vtable.load) [load image, compression = zero_init]
                  00001380    00000010     (__TI_cinit_table)

.init_array 
*          0    00000000    00000000     UNINITIALIZED

.vtable    0    20000000    0000026c     UNINITIALIZED
                  20000000    0000026c     driverlib.lib : interrupt.obj (.vtable)

.stack     0    2000026c    00000200     UNINITIALIZED
                  2000026c    00000200     --HOLE--

.data      0    2000046c    00000020     UNINITIALIZED
                  2000046c    0000000a     main.obj (.data)
                  20000476    00000002     --HOLE--
                  20000478    00000008     rtsv7M4_T_le_v4SPD16_eabi.lib : _lock.obj (.data)
                  20000480    00000008                                   : exit.obj (.data)
                  20000488    00000004                                   : stkdepth_vars.obj (.data)

.TI.persistent 
*          0    2000046c    00000000     UNINITIALIZED


LINKER GENERATED COPY TABLES

__TI_cinit_table @ 00001380 records: 2, size/record: 8, table size: 16
	.data: load addr=00001350, load size=00000016 bytes, run addr=2000046c, run size=00000020 bytes, compression=rle
	.vtable: load addr=00001378, load size=00000008 bytes, run addr=20000000, run size=0000026c bytes, compression=zero_init


LINKER GENERATED HANDLER TABLE

__TI_handler_table @ 00001368 records: 3, size/record: 4, table size: 12
	index: 0, handler: __TI_zero_init
	index: 1, handler: __TI_decompress_rle24
	index: 2, handler: __TI_decompress_none


GLOBAL SYMBOLS: SORTED ALPHABETICALLY BY Name 

address   name                    
-------   ----                    
00000dc1  C$$EXIT                 
0000102b  CPUwfi                  
00000eb1  GPIODirModeSet          
00001019  GPIOIntClear            
00000fe9  GPIOIntEnable           
00000f3b  GPIOIntRegister         
00000c41  GPIOIntTypeSet          
000005b5  GPIOPadConfigSet        
00000d35  GPIOPinConfigure        
00000f95  GPIOPinTypeGPIOInput    
00000fa7  GPIOPinTypePWM          
00000bd9  IntEnable               
00000e49  IntRegister             
00000edb  PWMGenConfigure         
00000ff5  PWMGenEnable            
00000fcb  PWMGenPeriodSet         
00000fb9  PWMOutputState          
00000f1d  PWMPulseWidthSet        
0000100d  ResetISR                
UNDEFED   SHT$$INIT_ARRAY$$Base   
UNDEFED   SHT$$INIT_ARRAY$$Limit  
000006e9  SysCtlClockGet          
000008f5  SysCtlClockSet          
0000101f  SysCtlDelay             
00000f6d  SysCtlPWMClockSet       
00000e7d  SysCtlPeripheralEnable  
0000102b  SysCtlSleep             
2000046c  __STACK_END             
00000200  __STACK_SIZE            
2000046c  __STACK_TOP             
00001380  __TI_CINIT_Base         
00001390  __TI_CINIT_Limit        
00001368  __TI_Handler_Table_Base 
00001374  __TI_Handler_Table_Limit
00000b01  __TI_auto_init          
20000480  __TI_cleanup_ptr        
00000fdb  __TI_decompress_none    
00001025  __TI_decompress_rle24   
20000484  __TI_dtors_ptr          
00000000  __TI_static_base__      
00001001  __TI_zero_init          
00000e05  __aeabi_d2uiz           
000007f9  __aeabi_dmul            
00000a85  __aeabi_memclr          
00000a85  __aeabi_memclr4         
00000a85  __aeabi_memclr8         
000009e9  __aeabi_memcpy          
000009e9  __aeabi_memcpy4         
000009e9  __aeabi_memcpy8         
00000a87  __aeabi_memset          
00000a87  __aeabi_memset4         
00000a87  __aeabi_memset8         
00000efd  __aeabi_ui2d            
ffffffff  __binit__               
ffffffff  __c_args__              
2000026c  __stack                 
00000f55  _args_main              
00000c99  _c_int00                
20000478  _lock                   
00000f8f  _nop                    
00000f87  _register_lock          
00000f81  _register_unlock        
0000102f  _system_pre_init        
2000047c  _unlock                 
00000dc5  abort                   
ffffffff  binit                   
20000474  colorCounter            
00000ce9  copy_in                 
00000dcd  exit                    
20000000  g_pfnRAMVectors         
00000000  g_pfnVectors            
0000026d  main                    
20000488  main_func_sp            
000009e9  memcpy                  
00000a8d  memset                  
20000475  pushFlag                
0000052d  pushbutton_handler      
2000046c  pwmClockFreq            
20000470  pwmLoadValue            


GLOBAL SYMBOLS: SORTED BY Symbol Address 

address   name                    
-------   ----                    
00000000  __TI_static_base__      
00000000  g_pfnVectors            
00000200  __STACK_SIZE            
0000026d  main                    
0000052d  pushbutton_handler      
000005b5  GPIOPadConfigSet        
000006e9  SysCtlClockGet          
000007f9  __aeabi_dmul            
000008f5  SysCtlClockSet          
000009e9  __aeabi_memcpy          
000009e9  __aeabi_memcpy4         
000009e9  __aeabi_memcpy8         
000009e9  memcpy                  
00000a85  __aeabi_memclr          
00000a85  __aeabi_memclr4         
00000a85  __aeabi_memclr8         
00000a87  __aeabi_memset          
00000a87  __aeabi_memset4         
00000a87  __aeabi_memset8         
00000a8d  memset                  
00000b01  __TI_auto_init          
00000bd9  IntEnable               
00000c41  GPIOIntTypeSet          
00000c99  _c_int00                
00000ce9  copy_in                 
00000d35  GPIOPinConfigure        
00000dc1  C$$EXIT                 
00000dc5  abort                   
00000dcd  exit                    
00000e05  __aeabi_d2uiz           
00000e49  IntRegister             
00000e7d  SysCtlPeripheralEnable  
00000eb1  GPIODirModeSet          
00000edb  PWMGenConfigure         
00000efd  __aeabi_ui2d            
00000f1d  PWMPulseWidthSet        
00000f3b  GPIOIntRegister         
00000f55  _args_main              
00000f6d  SysCtlPWMClockSet       
00000f81  _register_unlock        
00000f87  _register_lock          
00000f8f  _nop                    
00000f95  GPIOPinTypeGPIOInput    
00000fa7  GPIOPinTypePWM          
00000fb9  PWMOutputState          
00000fcb  PWMGenPeriodSet         
00000fdb  __TI_decompress_none    
00000fe9  GPIOIntEnable           
00000ff5  PWMGenEnable            
00001001  __TI_zero_init          
0000100d  ResetISR                
00001019  GPIOIntClear            
0000101f  SysCtlDelay             
00001025  __TI_decompress_rle24   
0000102b  CPUwfi                  
0000102b  SysCtlSleep             
0000102f  _system_pre_init        
00001368  __TI_Handler_Table_Base 
00001374  __TI_Handler_Table_Limit
00001380  __TI_CINIT_Base         
00001390  __TI_CINIT_Limit        
20000000  g_pfnRAMVectors         
2000026c  __stack                 
2000046c  __STACK_END             
2000046c  __STACK_TOP             
2000046c  pwmClockFreq            
20000470  pwmLoadValue            
20000474  colorCounter            
20000475  pushFlag                
20000478  _lock                   
2000047c  _unlock                 
20000480  __TI_cleanup_ptr        
20000484  __TI_dtors_ptr          
20000488  main_func_sp            
ffffffff  __binit__               
ffffffff  __c_args__              
ffffffff  binit                   
UNDEFED   SHT$$INIT_ARRAY$$Base   
UNDEFED   SHT$$INIT_ARRAY$$Limit  

[79 symbols]
