******************************************************************************
                  TI ARM Linker PC v5.2.2                      
******************************************************************************
>> Linked Sun Mar 19 23:39:42 2017

OUTPUT FILE NAME:   <Experiment5_PWM.out>
ENTRY POINT SYMBOL: "_c_int00"  address: 00000755


MEMORY CONFIGURATION

         name            origin    length      used     unused   attr    fill
----------------------  --------  ---------  --------  --------  ----  --------
  FLASH                 00000000   00040000  000009ac  0003f654  R  X
  SRAM                  20000000   00008000  0000021c  00007de4  RW X


SEGMENT ALLOCATION MAP

run origin  load origin   length   init length attrs members
----------  ----------- ---------- ----------- ----- -------
00000000    00000000    000009ac   000009ac    r-x
  00000000    00000000    0000026c   0000026c    r-- .intvecs
  0000026c    0000026c    000006b0   000006b0    r-x .text
  0000091c    0000091c    0000006c   0000006c    r-- .const
  00000988    00000988    00000024   00000024    r-- .cinit
20000000    20000000    0000021c   00000000    rw-
  20000000    20000000    00000200   00000000    rw- .stack
  20000200    20000200    0000001c   00000000    rw- .data


SECTION ALLOCATION MAP

 output                                  attributes/
section   page    origin      length       input sections
--------  ----  ----------  ----------   ----------------
.intvecs   0    00000000    0000026c     
                  00000000    0000026c     tm4c123gh6pm_startup_ccs.obj (.intvecs)

.text      0    0000026c    000006b0     
                  0000026c    00000110     driverlib.lib : sysctl.obj (.text:SysCtlClockGet)
                  0000037c    000000fc     rtsv7M4_T_le_v4SPD16_eabi.lib : fd_mul_t2.obj (.text)
                  00000478    000000ec     main.obj (.text)
                  00000564    0000009c     rtsv7M4_T_le_v4SPD16_eabi.lib : memcpy_t2.obj (.text)
                  00000600    0000007a                                   : memset_t2.obj (.text)
                  0000067a    00000002     --HOLE-- [fill = 0]
                  0000067c    0000006c                                   : autoinit.obj (.text)
                  000006e8    0000006a                                   : copy_decompress_rle.obj (.text)
                  00000752    00000002     --HOLE-- [fill = 0]
                  00000754    00000050                                   : boot.obj (.text)
                  000007a4    0000004c                                   : cpy_tbl.obj (.text)
                  000007f0    00000044                                   : exit.obj (.text)
                  00000834    00000044                                   : fd_tou_t2.obj (.text)
                  00000878    00000022     driverlib.lib : pwm.obj (.text:PWMGenConfigure)
                  0000089a    00000020     rtsv7M4_T_le_v4SPD16_eabi.lib : u_tofd_t2.obj (.text)
                  000008ba    00000002     --HOLE-- [fill = 0]
                  000008bc    00000018                                   : args_main.obj (.text)
                  000008d4    00000014                                   : _lock.obj (.text)
                  000008e8    00000010     driverlib.lib : pwm.obj (.text:PWMGenPeriodSet)
                  000008f8    0000000e     rtsv7M4_T_le_v4SPD16_eabi.lib : copy_decompress_none.obj (.text:decompress:none)
                  00000906    0000000c     tm4c123gh6pm_startup_ccs.obj (.text)
                  00000912    00000006     rtsv7M4_T_le_v4SPD16_eabi.lib : copy_decompress_rle.obj (.text:decompress:rle24)
                  00000918    00000004                                   : pre_init.obj (.text)

.const     0    0000091c    0000006c     
                  0000091c    0000006c     driverlib.lib : sysctl.obj (.const:g_pui32Xtals)

.cinit     0    00000988    00000024     
                  00000988    00000012     (.cinit..data.load) [load image, compression = rle]
                  0000099a    00000002     --HOLE-- [fill = 0]
                  0000099c    00000008     (__TI_handler_table)
                  000009a4    00000008     (__TI_cinit_table)

.init_array 
*          0    00000000    00000000     UNINITIALIZED

.stack     0    20000000    00000200     UNINITIALIZED
                  20000000    00000200     --HOLE--

.data      0    20000200    0000001c     UNINITIALIZED
                  20000200    00000008     main.obj (.data)
                  20000208    00000008     rtsv7M4_T_le_v4SPD16_eabi.lib : _lock.obj (.data)
                  20000210    00000008                                   : exit.obj (.data)
                  20000218    00000004                                   : stkdepth_vars.obj (.data)

.TI.persistent 
*          0    20000200    00000000     UNINITIALIZED


LINKER GENERATED COPY TABLES

__TI_cinit_table @ 000009a4 records: 1, size/record: 8, table size: 8
	.data: load addr=00000988, load size=00000012 bytes, run addr=20000200, run size=0000001c bytes, compression=rle


LINKER GENERATED HANDLER TABLE

__TI_handler_table @ 0000099c records: 2, size/record: 4, table size: 8
	index: 0, handler: __TI_decompress_rle24
	index: 1, handler: __TI_decompress_none


GLOBAL SYMBOLS: SORTED ALPHABETICALLY BY Name 

address   name                    
-------   ----                    
000007f1  C$$EXIT                 
00000879  PWMGenConfigure         
000008e9  PWMGenPeriodSet         
00000907  ResetISR                
UNDEFED   SHT$$INIT_ARRAY$$Base   
UNDEFED   SHT$$INIT_ARRAY$$Limit  
0000026d  SysCtlClockGet          
20000200  __STACK_END             
00000200  __STACK_SIZE            
20000200  __STACK_TOP             
000009a4  __TI_CINIT_Base         
000009ac  __TI_CINIT_Limit        
0000099c  __TI_Handler_Table_Base 
000009a4  __TI_Handler_Table_Limit
0000067d  __TI_auto_init          
20000210  __TI_cleanup_ptr        
000008f9  __TI_decompress_none    
00000913  __TI_decompress_rle24   
20000214  __TI_dtors_ptr          
00000000  __TI_static_base__      
00000835  __aeabi_d2uiz           
0000037d  __aeabi_dmul            
00000601  __aeabi_memclr          
00000601  __aeabi_memclr4         
00000601  __aeabi_memclr8         
00000565  __aeabi_memcpy          
00000565  __aeabi_memcpy4         
00000565  __aeabi_memcpy8         
00000603  __aeabi_memset          
00000603  __aeabi_memset4         
00000603  __aeabi_memset8         
0000089b  __aeabi_ui2d            
ffffffff  __binit__               
ffffffff  __c_args__              
20000000  __stack                 
000008bd  _args_main              
00000755  _c_int00                
20000208  _lock                   
000008e3  _nop                    
000008db  _register_lock          
000008d5  _register_unlock        
00000919  _system_pre_init        
2000020c  _unlock                 
000007f5  abort                   
ffffffff  binit                   
000007a5  copy_in                 
000007fd  exit                    
00000000  g_pfnVectors            
00000479  main                    
20000218  main_func_sp            
00000565  memcpy                  
00000609  memset                  
20000200  pwmClockFreq            
20000204  pwmLoadValue            


GLOBAL SYMBOLS: SORTED BY Symbol Address 

address   name                    
-------   ----                    
00000000  __TI_static_base__      
00000000  g_pfnVectors            
00000200  __STACK_SIZE            
0000026d  SysCtlClockGet          
0000037d  __aeabi_dmul            
00000479  main                    
00000565  __aeabi_memcpy          
00000565  __aeabi_memcpy4         
00000565  __aeabi_memcpy8         
00000565  memcpy                  
00000601  __aeabi_memclr          
00000601  __aeabi_memclr4         
00000601  __aeabi_memclr8         
00000603  __aeabi_memset          
00000603  __aeabi_memset4         
00000603  __aeabi_memset8         
00000609  memset                  
0000067d  __TI_auto_init          
00000755  _c_int00                
000007a5  copy_in                 
000007f1  C$$EXIT                 
000007f5  abort                   
000007fd  exit                    
00000835  __aeabi_d2uiz           
00000879  PWMGenConfigure         
0000089b  __aeabi_ui2d            
000008bd  _args_main              
000008d5  _register_unlock        
000008db  _register_lock          
000008e3  _nop                    
000008e9  PWMGenPeriodSet         
000008f9  __TI_decompress_none    
00000907  ResetISR                
00000913  __TI_decompress_rle24   
00000919  _system_pre_init        
0000099c  __TI_Handler_Table_Base 
000009a4  __TI_CINIT_Base         
000009a4  __TI_Handler_Table_Limit
000009ac  __TI_CINIT_Limit        
20000000  __stack                 
20000200  __STACK_END             
20000200  __STACK_TOP             
20000200  pwmClockFreq            
20000204  pwmLoadValue            
20000208  _lock                   
2000020c  _unlock                 
20000210  __TI_cleanup_ptr        
20000214  __TI_dtors_ptr          
20000218  main_func_sp            
ffffffff  __binit__               
ffffffff  __c_args__              
ffffffff  binit                   
UNDEFED   SHT$$INIT_ARRAY$$Base   
UNDEFED   SHT$$INIT_ARRAY$$Limit  

[54 symbols]
